###############################################################################
#
# IAR ELF Linker V3.10.1.201 for STM8                     18/May/2019  20:58:18
# Copyright 2010-2017 IAR Systems AB.
#
#    Output file  =  
#        C:\Users\Balazs\Desktop\FT-TRSY\FT_TRMT_FW\Debug\Exe\FT_TRMT.out
#    Map file     =  
#        C:\Users\Balazs\Desktop\FT-TRSY\FT_TRMT_FW\Debug\List\FT_TRMT.map
#    Command line =  
#        -f C:\Users\Balazs\AppData\Local\Temp\EWCCAB.tmp
#        (C:\Users\Balazs\Desktop\FT-TRSY\FT_TRMT_FW\Debug\Obj\HD44780.o
#        C:\Users\Balazs\Desktop\FT-TRSY\FT_TRMT_FW\Debug\Obj\main.o
#        C:\Users\Balazs\Desktop\FT-TRSY\FT_TRMT_FW\Debug\Obj\RFM22B.o
#        C:\Users\Balazs\Desktop\FT-TRSY\FT_TRMT_FW\Debug\Obj\stm8l15x_adc.o
#        C:\Users\Balazs\Desktop\FT-TRSY\FT_TRMT_FW\Debug\Obj\stm8l15x_aes.o
#        C:\Users\Balazs\Desktop\FT-TRSY\FT_TRMT_FW\Debug\Obj\stm8l15x_beep.o
#        C:\Users\Balazs\Desktop\FT-TRSY\FT_TRMT_FW\Debug\Obj\stm8l15x_clk.o
#        C:\Users\Balazs\Desktop\FT-TRSY\FT_TRMT_FW\Debug\Obj\stm8l15x_comp.o
#        C:\Users\Balazs\Desktop\FT-TRSY\FT_TRMT_FW\Debug\Obj\stm8l15x_dac.o
#        C:\Users\Balazs\Desktop\FT-TRSY\FT_TRMT_FW\Debug\Obj\stm8l15x_dma.o
#        C:\Users\Balazs\Desktop\FT-TRSY\FT_TRMT_FW\Debug\Obj\stm8l15x_exti.o
#        C:\Users\Balazs\Desktop\FT-TRSY\FT_TRMT_FW\Debug\Obj\stm8l15x_flash.o
#        C:\Users\Balazs\Desktop\FT-TRSY\FT_TRMT_FW\Debug\Obj\stm8l15x_gpio.o
#        C:\Users\Balazs\Desktop\FT-TRSY\FT_TRMT_FW\Debug\Obj\stm8l15x_i2c.o
#        C:\Users\Balazs\Desktop\FT-TRSY\FT_TRMT_FW\Debug\Obj\stm8l15x_irtim.o
#        C:\Users\Balazs\Desktop\FT-TRSY\FT_TRMT_FW\Debug\Obj\stm8l15x_it.o
#        C:\Users\Balazs\Desktop\FT-TRSY\FT_TRMT_FW\Debug\Obj\stm8l15x_itc.o
#        C:\Users\Balazs\Desktop\FT-TRSY\FT_TRMT_FW\Debug\Obj\stm8l15x_iwdg.o
#        C:\Users\Balazs\Desktop\FT-TRSY\FT_TRMT_FW\Debug\Obj\stm8l15x_lcd.o
#        C:\Users\Balazs\Desktop\FT-TRSY\FT_TRMT_FW\Debug\Obj\stm8l15x_pwr.o
#        C:\Users\Balazs\Desktop\FT-TRSY\FT_TRMT_FW\Debug\Obj\stm8l15x_rst.o
#        C:\Users\Balazs\Desktop\FT-TRSY\FT_TRMT_FW\Debug\Obj\stm8l15x_rtc.o
#        C:\Users\Balazs\Desktop\FT-TRSY\FT_TRMT_FW\Debug\Obj\stm8l15x_spi.o
#        C:\Users\Balazs\Desktop\FT-TRSY\FT_TRMT_FW\Debug\Obj\stm8l15x_syscfg.o
#        C:\Users\Balazs\Desktop\FT-TRSY\FT_TRMT_FW\Debug\Obj\stm8l15x_tim1.o
#        C:\Users\Balazs\Desktop\FT-TRSY\FT_TRMT_FW\Debug\Obj\stm8l15x_tim2.o
#        C:\Users\Balazs\Desktop\FT-TRSY\FT_TRMT_FW\Debug\Obj\stm8l15x_tim3.o
#        C:\Users\Balazs\Desktop\FT-TRSY\FT_TRMT_FW\Debug\Obj\stm8l15x_tim4.o
#        C:\Users\Balazs\Desktop\FT-TRSY\FT_TRMT_FW\Debug\Obj\stm8l15x_tim5.o
#        C:\Users\Balazs\Desktop\FT-TRSY\FT_TRMT_FW\Debug\Obj\stm8l15x_usart.o
#        C:\Users\Balazs\Desktop\FT-TRSY\FT_TRMT_FW\Debug\Obj\stm8l15x_wfe.o
#        C:\Users\Balazs\Desktop\FT-TRSY\FT_TRMT_FW\Debug\Obj\stm8l15x_wwdg.o
#        C:\Users\Balazs\Desktop\FT-TRSY\FT_TRMT_FW\Debug\Obj\timing_delay.o
#        --redirect _Printf=_PrintfFullNoMb --redirect _Scanf=_ScanfFullNoMb -o
#        C:\Users\Balazs\Desktop\FT-TRSY\FT_TRMT_FW\Debug\Exe\FT_TRMT.out --map
#        C:\Users\Balazs\Desktop\FT-TRSY\FT_TRMT_FW\Debug\List\FT_TRMT.map
#        --config "C:\Program Files (x86)\IAR Systems\Embedded Workbench
#        8.0\stm8\config\lnkstm8al3l66.icf" --config_def _CSTACK_SIZE=0x100
#        --config_def _HEAP_SIZE=0x100 --entry __iar_program_start --debug_lib)
#
###############################################################################

*******************************************************************************
*** RUNTIME MODEL ATTRIBUTES
***

__SystemLibrary            = DLib
__code_model               = small
__core                     = stm8
__data_model               = medium
__dlib_file_descriptor     = 0
__dlib_full_locale_support = 0
__rt_version               = 4


*******************************************************************************
*** PLACEMENT SUMMARY
***

"A0":  place at start of [0x000000-0x0000ff] { rw section .vregs };
"A1":  place at end of [0x000000-0x0007ff] { block CSTACK };
"P2":  place in [from 0x000000 to 0x0007ff] {
          block HEAP, rw section __DLIB_PERTHREAD, rw section .far.bss,
          rw section .far.data, rw section .far.noinit,
          rw section .far_func.textrw, rw section .huge.bss,
          rw section .huge.data, rw section .huge.noinit,
          rw section .huge_func.textrw, rw section .iar.dynexit,
          rw section .near.bss, rw section .near.data, rw section .near.noinit,
          rw section .near_func.textrw };
"A2":  place at start of [0x008000-0x00ffff] { block INTVEC };
"P3":  place in [from 0x008000 to 0x00ffff] {
          ro section __DLIB_PERTHREAD_init, ro section .far.data_init,
          ro section .far_func.textrw_init, ro section .huge.data_init,
          ro section .huge_func.textrw_init, ro section .iar.init_table,
          ro section .init_array, ro section .near.data_init,
          ro section .near.rodata, ro section .near_func.text,
          ro section .near_func.textrw_init, ro section .tiny.data_init,
          ro section .tiny.rodata_init };
"P4":  place in [from 0x008000 to 0x00ffff] {
          ro section .far.rodata, ro section .far_func.text };
"P5":  place in [from 0x008000 to 0x00ffff] {
          ro section .huge.rodata, ro section .huge_func.text };
do not initialize {
   rw section .eeprom.noinit, rw section .far.noinit, rw section .huge.noinit,
   rw section .near.noinit, rw section .tiny.noinit, rw section .vregs };

  Section          Kind      Address    Size  Object
  -------          ----      -------    ----  ------
"A0":                                   0x10
  .vregs           uninit   0x000000    0x10  vregs.o [4]
                          - 0x000010    0x10

"P2":                                   0x6b
  .near.bss        zero     0x000010    0x32  RFM22B.o [1]
  .near.bss        zero     0x000042    0x10  main.o [1]
  .near.bss        zero     0x000052     0x4  main.o [1]
  .near.bss        zero     0x000056     0x4  main.o [1]
  .near.bss        zero     0x00005a     0x4  main.o [1]
  .near.bss        zero     0x00005e     0x4  main.o [1]
  .near.bss        zero     0x000062     0x4  timing_delay.o [1]
  .near.bss        zero     0x000066     0x2  main.o [1]
  .near.bss        zero     0x000068     0x2  main.o [1]
  .near.bss        zero     0x00006a     0x2  RFM22B.o [1]
  .near.bss        zero     0x00006c     0x2  RFM22B.o [1]
  .near.bss        zero     0x00006e     0x2  RFM22B.o [1]
  .near.bss        zero     0x000070     0x2  RFM22B.o [1]
  .near.bss        zero     0x000072     0x1  main.o [1]
  .near.bss        zero     0x000073     0x1  RFM22B.o [1]
  .near.bss        zero     0x000074     0x1  RFM22B.o [1]
  .near.bss        zero     0x000075     0x1  RFM22B.o [1]
  .near.bss        zero     0x000076     0x1  RFM22B.o [1]
  .near.bss        zero     0x000077     0x1  RFM22B.o [1]
  .near.bss        zero     0x000078     0x1  RFM22B.o [1]
  .near.bss        zero     0x000079     0x1  RFM22B.o [1]
  .near.bss        zero     0x00007a     0x1  RFM22B.o [1]
                          - 0x00007b    0x6b

"A1":                                  0x100
  CSTACK                    0x000700   0x100  <Block>
    CSTACK         uninit   0x000700   0x100  <Block tail>
                          - 0x000800   0x100

"A2":                                   0x80
  INTVEC                    0x008000    0x80  <Block>
    .intvec        const    0x008000    0x80  interrupt.o [4]
                          - 0x008080    0x80

"P3-P5":                              0x34c5
  .near_func.text  ro code  0x008080   0x702  RFM22B.o [1]
  .near_func.text  ro code  0x008782   0x4d8  float.o [4]
  .near_func.text  ro code  0x008c5a   0x45d  xprintffull_nomb.o [4]
  .near_func.text  ro code  0x0090b7   0x412  xprintffull_nomb.o [4]
  .near_func.text  ro code  0x0094c9   0x383  xprintffull_nomb.o [4]
  .near_func.text  ro code  0x00984c   0x213  long.o [4]
  .near_func.text  ro code  0x009a5f   0x1fb  HD44780.o [1]
  .near.rodata     const    0x009c5a   0x1c2  RFM22B.o [1]
  .near_func.text  ro code  0x009e1c   0x1ae  main.o [1]
  .near_func.text  ro code  0x009fca   0x176  xprintffull_nomb.o [4]
  .near_func.text  ro code  0x00a140   0x161  float_libsup.o [4]
  .near_func.text  ro code  0x00a2a1   0x14e  vreg_util.o [4]
  .near_func.text  ro code  0x00a3ef   0x113  stm8l15x_itc.o [1]
  .near_func.text  ro code  0x00a502   0x10d  stm8l15x_exti.o [1]
  .near_func.text  ro code  0x00a60f    0xcb  xdint.o [4]
  .near_func.text  ro code  0x00a6da    0x98  stm8l15x_clk.o [1]
  .near_func.text  ro code  0x00a772    0x90  main.o [1]
  .near_func.text  ro code  0x00a802    0x8e  stm8l15x_gpio.o [1]
  .near_func.text  ro code  0x00a890    0x89  stm8l15x_clk.o [1]
  .near_func.text  ro code  0x00a919    0x87  main.o [1]
  .near_func.text  ro code  0x00a9a0    0x87  main.o [1]
  .near_func.text  ro code  0x00aa27    0x72  long_util.o [4]
  .near_func.text  ro code  0x00aa99    0x61  stm8l15x_tim1.o [1]
  .near_func.text  ro code  0x00aafa    0x55  stm8l15x_adc.o [1]
  .near_func.text  ro code  0x00ab4f    0x47  short.o [4]
  .near_func.text  ro code  0x00ab96    0x46  main.o [1]
  .near_func.text  ro code  0x00abdc    0x43  xprintffull_nomb.o [4]
  .near_func.text  ro code  0x00ac1f    0x41  stm8l15x_spi.o [1]
  .near_func.text  ro code  0x00ac60    0x41  xprintffull_nomb.o [4]
  .near_func.text  ro code  0x00aca1    0x3d  sprintf.o [4]
  .near_func.text  ro code  0x00acde    0x3c  main.o [1]
  .near_func.text  const    0x00ad1a    0x3c  xprintffull_nomb.o [4]
  .near_func.text  ro code  0x00ad56    0x3a  floor.o [4]
  .near_func.text  ro code  0x00ad90    0x38  main.o [1]
  .near_func.text  ro code  0x00adc8    0x37  xprintffull_nomb.o [4]
  .near_func.text  ro code  0x00adff    0x33  stm8l15x_it.o [1]
  .near_func.text  ro code  0x00ae32    0x33  stm8l15x_it.o [1]
  .near_func.text  ro code  0x00ae65    0x33  xprintffull_nomb.o [4]
  .near.rodata     const    0x00ae98    0x32  main.o [1]
  .near_func.text  ro code  0x00aeca    0x31  stm8l15x_adc.o [1]
  .near_func.text  ro code  0x00aefb    0x30  div.o [4]
  .near_func.text  ro code  0x00af2b    0x2f  xprintffull_nomb.o [4]
  .near_func.text  ro code  0x00af5a    0x2d  main.o [1]
  .near_func.text  ro code  0x00af87    0x2c  stm8l15x_gpio.o [1]
  .near_func.text  ro code  0x00afb3    0x2c  dc_util.o [4]
  .near_func.text  ro code  0x00afdf    0x2b  stm8l15x_adc.o [1]
  .near_func.text  ro code  0x00b00a    0x29  stm8l15x_it.o [1]
  .near_func.text  ro code  0x00b033    0x25  timing_delay.o [1]
  .near_func.text  ro code  0x00b058    0x24  main.o [1]
  .near_func.text  ro code  0x00b07c    0x24  stm8l15x_adc.o [1]
  .near_func.text  ro code  0x00b0a0    0x24  stm8l15x_tim1.o [1]
  .near_func.text  ro code  0x00b0c4    0x24  stm8l15x_tim2.o [1]
  .near_func.text  ro code  0x00b0e8    0x24  timing_delay.o [1]
  .near_func.text  ro code  0x00b10c    0x24  timing_delay.o [1]
  .near_func.text  ro code  0x00b130    0x21  stm8l15x_exti.o [1]
  .near_func.text  ro code  0x00b151    0x21  memchr.o [4]
  .iar.init_table  const    0x00b172     0x8  - Linker created -
  .near_func.text  ro code  0x00b17a    0x1f  memcpy.o [4]
  .near_func.text  ro code  0x00b199    0x1e  init_small.o [4]
  .near_func.text  ro code  0x00b1b7    0x1c  stm8l15x_it.o [1]
  .near_func.text  ro code  0x00b1d3    0x1b  stm8l15x_it.o [1]
  .near_func.text  ro code  0x00b1ee    0x1a  HD44780.o [1]
  .near_func.text  ro code  0x00b208    0x1a  stm8l15x_spi.o [1]
  .near_func.text  ro code  0x00b222    0x1a  stm8l15x_tim2.o [1]
  .near_func.text  ro code  0x00b23c    0x19  stm8l15x_adc.o [1]
  .near_func.text  ro code  0x00b255    0x19  stm8l15x_flash.o [1]
  .near_func.text  ro code  0x00b26e    0x19  stm8l15x_spi.o [1]
  .near_func.text  ro code  0x00b287    0x18  stm8l15x_flash.o [1]
  .near_func.text  ro code  0x00b29f    0x15  strchr.o [4]
  .near_func.text  ro code  0x00b2b4    0x14  init.o [4]
  .near_func.text  ro code  0x00b2c8    0x14  xprintffull_nomb.o [4]
  .near_func.text  ro code  0x00b2dc    0x14  __dbg_xxexit.o [3]
  .near_func.text  ro code  0x00b2f0    0x13  stm8l15x_clk.o [1]
  .near_func.text  ro code  0x00b303    0x13  cstartup.o [4]
  .near.rodata     const    0x00b316    0x12  main.o [1]
  .near_func.text  ro code  0x00b328    0x12  stm8l15x_gpio.o [1]
  .near_func.text  ro code  0x00b33a     0xf  stm8l15x_flash.o [1]
  .near.rodata     const    0x00b349     0xe  main.o [1]
  .near.rodata     const    0x00b357     0xd  main.o [1]
  .near_func.text  ro code  0x00b364     0xd  RFM22B.o [1]
  .near_func.text  ro code  0x00b371     0xd  stm8l15x_adc.o [1]
  .near_func.text  ro code  0x00b37e     0xd  stm8l15x_clk.o [1]
  .near_func.text  ro code  0x00b38b     0xd  stm8l15x_tim1.o [1]
  .near_func.text  ro code  0x00b398     0xd  stm8l15x_tim1.o [1]
  .near_func.text  ro code  0x00b3a5     0xd  stm8l15x_tim1.o [1]
  .near_func.text  ro code  0x00b3b2     0xd  stm8l15x_tim1.o [1]
  .near_func.text  ro code  0x00b3bf     0xd  stm8l15x_tim2.o [1]
  .near_func.text  ro code  0x00b3cc     0xd  move.o [4]
  .near_func.text  ro code  0x00b3d9     0xd  strlen.o [4]
  .near_func.text  ro code  0x00b3e6     0xc  switch.o [4]
  .near_func.text  ro code  0x00b3f2     0xc  xprintffull_nomb.o [4]
  .near_func.text  ro code  0x00b3fe     0xb  stm8l15x_tim2.o [1]
  .near_func.text  ro code  0x00b409     0xb  char.o [4]
  .near_func.text  ro code  0x00b414     0xb  xprintffull_nomb.o [4]
  .near_func.text  ro code  0x00b41f     0xb  xprintffull_nomb.o [4]
  .near_func.text  ro code  0x00b42a     0xb  xprintffull_nomb.o [4]
  .near_func.text  ro code  0x00b435     0xb  xsprout.o [4]
  .near_func.text  ro code  0x00b440     0xa  RFM22B.o [1]
  .near_func.text  ro code  0x00b44a     0xa  xprintffull_nomb.o [4]
  .near_func.text  ro code  0x00b454     0x9  xprintffull_nomb.o [4]
  .near_func.text  ro code  0x00b45d     0x9  xprintffull_nomb.o [4]
  .near_func.text  ro code  0x00b466     0x9  xprintffull_nomb.o [4]
  .near_func.text  ro code  0x00b46f     0x8  RFM22B.o [1]
  .near_func.text  ro code  0x00b477     0x8  xprintffull_nomb.o [4]
  .near_func.text  ro code  0x00b47f     0x8  xprintffull_nomb.o [4]
  .near_func.text  ro code  0x00b487     0x8  xprintffull_nomb.o [4]
  .near_func.text  ro code  0x00b48f     0x8  xprintffull_nomb.o [4]
  .near.rodata     const    0x00b497     0x7  xprintffull_nomb.o [4]
  .near_func.text  ro code  0x00b49e     0x7  stm8l15x_gpio.o [1]
  .near_func.text  ro code  0x00b4a5     0x7  stm8l15x_gpio.o [1]
  .near_func.text  ro code  0x00b4ac     0x7  stm8l15x_gpio.o [1]
  .near_func.text  ro code  0x00b4b3     0x7  xprintffull_nomb.o [4]
  .near_func.text  ro code  0x00b4ba     0x7  xprintffull_nomb.o [4]
  .near_func.text  ro code  0x00b4c1     0x6  xprintffull_nomb.o [4]
  .near_func.text  ro code  0x00b4c7     0x6  xprintffull_nomb.o [4]
  .near_func.text  ro code  0x00b4cd     0x6  xprintffull_nomb.o [4]
  .near_func.text  ro code  0x00b4d3     0x6  xprintffull_nomb.o [4]
  .near_func.text  ro code  0x00b4d9     0x6  xprintffull_nomb.o [4]
  .near_func.text  ro code  0x00b4df     0x5  stm8l15x_adc.o [1]
  .near_func.text  ro code  0x00b4e4     0x5  stm8l15x_tim2.o [1]
  .near_func.text  ro code  0x00b4e9     0x5  xprintffull_nomb.o [4]
  .near_func.text  ro code  0x00b4ee     0x5  cexit.o [4]
  .near.rodata     const    0x00b4f3     0x4  xprintffull_nomb.o [4]
  .near.rodata     const    0x00b4f7     0x4  xprintffull_nomb.o [4]
  .near.rodata     const    0x00b4fb     0x4  xprintffull_nomb.o [4]
  .near.rodata     const    0x00b4ff     0x4  xprintffull_nomb.o [4]
  .near_func.text  ro code  0x00b503     0x4  stm8l15x_clk.o [1]
  .near_func.text  ro code  0x00b507     0x4  stm8l15x_clk.o [1]
  .near_func.text  ro code  0x00b50b     0x4  stm8l15x_clk.o [1]
  .near_func.text  ro code  0x00b50f     0x4  stm8l15x_flash.o [1]
  .near_func.text  ro code  0x00b513     0x4  stm8l15x_flash.o [1]
  .near_func.text  ro code  0x00b517     0x4  stm8l15x_gpio.o [1]
  .near_func.text  ro code  0x00b51b     0x3  interrupt.o [4]
  .near_func.text  ro code  0x00b51e     0x3  low_level_init.o [4]
  .near_func.text  ro code  0x00b521     0x3  exit.o [4]
  .near_func.text  ro code  0x00b524     0x3  unhandled_exception.o [4]
  .near.rodata     const    0x00b527     0x2  RFM22B.o [1]
  .near.rodata     const    0x00b529     0x2  xprintffull_nomb.o [4]
  .near_func.text  ro code  0x00b52b     0x1  stm8l15x_it.o [1]
  .near_func.text  ro code  0x00b52c     0x1  stm8l15x_it.o [1]
  .near_func.text  ro code  0x00b52d     0x1  stm8l15x_it.o [1]
  .near_func.text  ro code  0x00b52e     0x1  stm8l15x_it.o [1]
  .near_func.text  ro code  0x00b52f     0x1  stm8l15x_it.o [1]
  .near_func.text  ro code  0x00b530     0x1  stm8l15x_it.o [1]
  .near_func.text  ro code  0x00b531     0x1  stm8l15x_it.o [1]
  .near_func.text  ro code  0x00b532     0x1  stm8l15x_it.o [1]
  .near_func.text  ro code  0x00b533     0x1  stm8l15x_it.o [1]
  .near_func.text  ro code  0x00b534     0x1  stm8l15x_it.o [1]
  .near_func.text  ro code  0x00b535     0x1  stm8l15x_it.o [1]
  .near_func.text  ro code  0x00b536     0x1  stm8l15x_it.o [1]
  .near_func.text  ro code  0x00b537     0x1  stm8l15x_it.o [1]
  .near_func.text  ro code  0x00b538     0x1  stm8l15x_it.o [1]
  .near_func.text  ro code  0x00b539     0x1  stm8l15x_it.o [1]
  .near_func.text  ro code  0x00b53a     0x1  stm8l15x_it.o [1]
  .near_func.text  ro code  0x00b53b     0x1  stm8l15x_it.o [1]
  .near_func.text  ro code  0x00b53c     0x1  stm8l15x_it.o [1]
  .near_func.text  ro code  0x00b53d     0x1  stm8l15x_it.o [1]
  .near_func.text  ro code  0x00b53e     0x1  stm8l15x_it.o [1]
  .near_func.text  ro code  0x00b53f     0x1  stm8l15x_it.o [1]
  .near_func.text  ro code  0x00b540     0x1  stm8l15x_it.o [1]
  .near_func.text  ro code  0x00b541     0x1  stm8l15x_it.o [1]
  .near_func.text  ro code  0x00b542     0x1  stm8l15x_it.o [1]
  .near_func.text  ro code  0x00b543     0x1  stm8l15x_it.o [1]
  .near_func.text  ro code  0x00b544     0x1  __dbg_break.o [3]
                          - 0x00b545  0x34c5


*******************************************************************************
*** INIT TABLE
***

          Address   Size
          -------   ----
Zero (__iar_zero_init2)
    1 destination range, total size 0x6b:
          0x000010  0x6b



*******************************************************************************
*** MODULE SUMMARY
***

    Module                 ro code  ro data  rw data
    ------                 -------  -------  -------
C:\Users\Balazs\Desktop\FT-TRSY\FT_TRMT_FW\Debug\Obj: [1]
    HD44780.o                  533
    RFM22B.o                 1 825      452       66
    main.o                   1 111       95       37
    stm8l15x_adc.o             256
    stm8l15x_clk.o             333
    stm8l15x_exti.o            302
    stm8l15x_flash.o            72
    stm8l15x_gpio.o            229
    stm8l15x_it.o              223
    stm8l15x_itc.o             275
    stm8l15x_spi.o             116
    stm8l15x_tim1.o            185
    stm8l15x_tim2.o             91
    timing_delay.o             109                 4
    ------------------------------------------------
    Total:                   5 660      547      107

command line: [2]
    ------------------------------------------------
    Total:

dbgstm8smd.a: [3]
    __dbg_break.o                1
    __dbg_xxexit.o              20
    ------------------------------------------------
    Total:                      21

dlstm8smn.a: [4]
    cexit.o                      5
    char.o                      11
    cstartup.o                  19
    dc_util.o                   44
    div.o                       48
    exit.o                       3
    float.o                  1 240
    float_libsup.o             353
    floor.o                     58
    init.o                      20
    init_small.o                30
    interrupt.o                  3      128
    long.o                     531
    long_util.o                114
    low_level_init.o             3
    memchr.o                    33
    memcpy.o                    31
    move.o                      13
    short.o                     71
    sprintf.o                   61
    strchr.o                    21
    strlen.o                    13
    switch.o                    12
    unhandled_exception.o        3
    vreg_util.o                334
    vregs.o                                       16
    xdint.o                    203
    xprintffull_nomb.o       3 900       85
    xsprout.o                   11
    ------------------------------------------------
    Total:                   7 188      213       16

    Linker created                        8      256
----------------------------------------------------
    Grand Total:            12 869      768      379


*******************************************************************************
*** ENTRY LIST
***

Entry                    Address   Size  Type      Object
-----                    -------   ----  ----      ------
.iar.init_table$$Base   0x00b172          --   Gb  - Linker created -
.iar.init_table$$Limit  0x00b17a          --   Gb  - Linker created -
?add32_l0_l0_0x         0x009890         Code  Gb  long.o [4]
?add32_l0_l0_dl         0x009888         Code  Gb  long.o [4]
?add32_l0_l0_l1         0x00988d         Code  Gb  long.o [4]
?and32_l0_l0_0x         0x009a1a         Code  Gb  long.o [4]
?and32_l0_l0_l1         0x009a17         Code  Gb  long.o [4]
?b0                     0x000000         Data  Gb  vregs.o [4]
?b1                     0x000001         Data  Gb  vregs.o [4]
?b10                    0x00000a         Data  Gb  vregs.o [4]
?b11                    0x00000b         Data  Gb  vregs.o [4]
?b12                    0x00000c         Data  Gb  vregs.o [4]
?b13                    0x00000d         Data  Gb  vregs.o [4]
?b14                    0x00000e         Data  Gb  vregs.o [4]
?b15                    0x00000f         Data  Gb  vregs.o [4]
?b2                     0x000002         Data  Gb  vregs.o [4]
?b3                     0x000003         Data  Gb  vregs.o [4]
?b4                     0x000004         Data  Gb  vregs.o [4]
?b5                     0x000005         Data  Gb  vregs.o [4]
?b6                     0x000006         Data  Gb  vregs.o [4]
?b7                     0x000007         Data  Gb  vregs.o [4]
?b8                     0x000008         Data  Gb  vregs.o [4]
?b9                     0x000009         Data  Gb  vregs.o [4]
?dc32_l0                0x00afba         Code  Gb  dc_util.o [4]
?dc32_l1                0x00afc7         Code  Gb  dc_util.o [4]
?dc32_px                0x00afd4         Code  Gb  dc_util.o [4]
?dc8_px                 0x00afb3         Code  Gb  dc_util.o [4]
?dec32_0x_0x            0x009874         Code  Gb  long.o [4]
?dec32_l0_l0            0x00986f         Code  Gb  long.o [4]
?e0                     0x000001         Data  Gb  vregs.o [4]
?e1                     0x000005         Data  Gb  vregs.o [4]
?e2                     0x000009         Data  Gb  vregs.o [4]
?e3                     0x00000d         Data  Gb  vregs.o [4]
?epilogue_l2            0x00a33a         Code  Gb  vreg_util.o [4]
?epilogue_l2_l3         0x00a337         Code  Gb  vreg_util.o [4]
?epilogue_w4            0x00a33e         Code  Gb  vreg_util.o [4]
?fadd32_l0_l0_dc32      0x0087a5         Code  Gb  float.o [4]
?fadd32_l0_l0_l1        0x0087aa         Code  Gb  float.o [4]
?fcastf32s16_l0_x       0x008a37         Code  Gb  float.o [4]
?fcastf32s32_l0_l0      0x008b09         Code  Gb  float.o [4]
?fcastf32u16_l0_x       0x008a3e         Code  Gb  float.o [4]
?fcastf32u32_l0_l0      0x008b14         Code  Gb  float.o [4]
?fcasts16f32_x_l0       0x008a5c         Code  Gb  float.o [4]
?fcasts32f32_l0_l0      0x008aa8         Code  Gb  float.o [4]
?fcastu32f32_l0_l0      0x008a91         Code  Gb  float.o [4]
?fcmpge32_c_l0_0x       0x0089d8         Code  Gb  float.o [4]
?fcmpge32_c_l0_dc32     0x0089d3         Code  Gb  float.o [4]
?fcmplt32_c_l0_0x       0x0089e1         Code  Gb  float.o [4]
?fcmplt32_c_l0_dc32     0x0089dc         Code  Gb  float.o [4]
?fdiv32_l0_dc32_l1      0x00891b         Code  Gb  float.o [4]
?fdiv32_l0_l0_dc32      0x008920         Code  Gb  float.o [4]
?fdiv32_l0_l0_l1        0x008925         Code  Gb  float.o [4]
?fmul32_l0_l0_0x        0x00887d         Code  Gb  float.o [4]
?fmul32_l0_l0_dc32      0x008878         Code  Gb  float.o [4]
?fmul32_l0_l0_l1        0x008880         Code  Gb  float.o [4]
?fsub32_l0_l0_l1        0x00879f         Code  Gb  float.o [4]
?inc32_0x_0x            0x009861         Code  Gb  long.o [4]
?inc32_l0_l0            0x00985c         Code  Gb  long.o [4]
?l0                     0x000000         Data  Gb  vregs.o [4]
?l1                     0x000004         Data  Gb  vregs.o [4]
?l2                     0x000008         Data  Gb  vregs.o [4]
?l3                     0x00000c         Data  Gb  vregs.o [4]
?load32_0x_l0           0x00aa6c         Code  Gb  long_util.o [4]
?load32_0x_l2           0x00aa8b         Code  Gb  long_util.o [4]
?load32_asp_l0          0x00aa60         Code  Gb  long_util.o [4]
?load32_asp_l2          0x00aa7f         Code  Gb  long_util.o [4]
?load32_dbsp_l0         0x00aa5b         Code  Gb  long_util.o [4]
?load32_dbsp_l2         0x00aa7a         Code  Gb  long_util.o [4]
?load32_l0_0x           0x00aa37         Code  Gb  long_util.o [4]
?load32_l0_asp          0x00aa2c         Code  Gb  long_util.o [4]
?load32_l0_dbsp         0x00aa27         Code  Gb  long_util.o [4]
?load32_l0_xsp          0x00aa2e         Code  Gb  long_util.o [4]
?load32_l1_0x           0x00aa43         Code  Gb  long_util.o [4]
?load32_l2_0x           0x00aa4f         Code  Gb  long_util.o [4]
?load32_xsp_l0          0x00aa62         Code  Gb  long_util.o [4]
?load32_xsp_l2          0x00aa81         Code  Gb  long_util.o [4]
?mov_e0_e1              0x00a37d         Code  Gb  vreg_util.o [4]
?mov_e0_e2              0x00a38a         Code  Gb  vreg_util.o [4]
?mov_e0_e3              0x00a397         Code  Gb  vreg_util.o [4]
?mov_e1_e0              0x00a3a4         Code  Gb  vreg_util.o [4]
?mov_e1_e2              0x00a3b1         Code  Gb  vreg_util.o [4]
?mov_e1_e3              0x00a3be         Code  Gb  vreg_util.o [4]
?mov_e2_e0              0x00a3cb         Code  Gb  vreg_util.o [4]
?mov_e3_e0              0x00a3d8         Code  Gb  vreg_util.o [4]
?mov_e3_e1              0x00a3e5         Code  Gb  vreg_util.o [4]
?mov_l0_l1              0x00a37a         Code  Gb  vreg_util.o [4]
?mov_l0_l2              0x00a387         Code  Gb  vreg_util.o [4]
?mov_l0_l3              0x00a394         Code  Gb  vreg_util.o [4]
?mov_l1_l0              0x00a3a1         Code  Gb  vreg_util.o [4]
?mov_l1_l2              0x00a3ae         Code  Gb  vreg_util.o [4]
?mov_l1_l3              0x00a3bb         Code  Gb  vreg_util.o [4]
?mov_l2_l0              0x00a3c8         Code  Gb  vreg_util.o [4]
?mov_l3_l0              0x00a3d5         Code  Gb  vreg_util.o [4]
?mov_l3_l1              0x00a3e2         Code  Gb  vreg_util.o [4]
?mov_w0_w1              0x00a342         Code  Gb  vreg_util.o [4]
?mov_w0_w5              0x00a349         Code  Gb  vreg_util.o [4]
?mov_w1_w0              0x00a350         Code  Gb  vreg_util.o [4]
?mov_w1_w3              0x00a380         Code  Gb  vreg_util.o [4]
?mov_w1_w5              0x00a38d         Code  Gb  vreg_util.o [4]
?mov_w1_w7              0x00a39a         Code  Gb  vreg_util.o [4]
?mov_w2_w0              0x00a357         Code  Gb  vreg_util.o [4]
?mov_w2_w1              0x00a35e         Code  Gb  vreg_util.o [4]
?mov_w3_w1              0x00a3a7         Code  Gb  vreg_util.o [4]
?mov_w3_w5              0x00a3b4         Code  Gb  vreg_util.o [4]
?mov_w3_w7              0x00a3c1         Code  Gb  vreg_util.o [4]
?mov_w4_w0              0x00a365         Code  Gb  vreg_util.o [4]
?mov_w4_w1              0x00a36c         Code  Gb  vreg_util.o [4]
?mov_w5_w0              0x00a373         Code  Gb  vreg_util.o [4]
?mov_w5_w1              0x00a3ce         Code  Gb  vreg_util.o [4]
?mov_w7_w1              0x00a3db         Code  Gb  vreg_util.o [4]
?mov_w7_w3              0x00a3e8         Code  Gb  vreg_util.o [4]
?move1616_v_x_y_a       0x00b3cc         Code  Gb  move.o [4]
?mul16_x_x_w0           0x00ab4f         Code  Gb  short.o [4]
?mul32_l0_l0_0x         0x0098ab         Code  Gb  long.o [4]
?mul32_l0_l0_dl         0x0098a8         Code  Gb  long.o [4]
?mul32_l0_l0_l1         0x0098b4         Code  Gb  long.o [4]
?neg32_l0_l0            0x00984c         Code  Gb  long.o [4]
?pop_l0                 0x00a303         Code  Gb  vreg_util.o [4]
?pop_l1                 0x00a30e         Code  Gb  vreg_util.o [4]
?pop_l2                 0x00a319         Code  Gb  vreg_util.o [4]
?pop_l3                 0x00a324         Code  Gb  vreg_util.o [4]
?pop_w4                 0x00a2c3         Code  Gb  vreg_util.o [4]
?push_l0                0x00a2d2         Code  Gb  vreg_util.o [4]
?push_l1                0x00a2d7         Code  Gb  vreg_util.o [4]
?push_l2                0x00a2dc         Code  Gb  vreg_util.o [4]
?push_l3                0x00a2e1         Code  Gb  vreg_util.o [4]
?push_w0                0x00a2a1         Code  Gb  vreg_util.o [4]
?push_w1                0x00a2a6         Code  Gb  vreg_util.o [4]
?push_w4                0x00a2ab         Code  Gb  vreg_util.o [4]
?scmp32_c_l0_l1         0x009a00         Code  Gb  long.o [4]
?sdiv16_x_x_y           0x00ab6d         Code  Gb  short.o [4]
?sdiv32_l0_l0_dl        0x0099a7         Code  Gb  long.o [4]
?sdiv32_l0_l0_l1        0x0099aa         Code  Gb  long.o [4]
?sext32_l0_a            0x009a52         Code  Gb  long.o [4]
?sext32_l0_x            0x009a47         Code  Gb  long.o [4]
?sll16_x_x_a            0x00ab86         Code  Gb  short.o [4]
?sll8_a_a_5             0x00b409         Code  Gb  char.o [4]
?smod32_l1_l0_l1        0x0099aa         Code  Gb  long.o [4]
?sra32_0x_0x_a          0x009a39         Code  Gb  long.o [4]
?sra32_l0_l0_a          0x009a36         Code  Gb  long.o [4]
?sra32_l0_l0_db         0x009a32         Code  Gb  long.o [4]
?srl16_x_x_4            0x00ab91         Code  Gb  short.o [4]
?srl16_x_x_5            0x00ab90         Code  Gb  short.o [4]
?srl16_x_x_6            0x00ab8f         Code  Gb  short.o [4]
?srl16_x_x_7            0x00ab8e         Code  Gb  short.o [4]
?srl8_a_a_5             0x00b40f         Code  Gb  char.o [4]
?srl8_a_a_6             0x00b40e         Code  Gb  char.o [4]
?switch8vlt_0x_a_0x     0x00b3e6         Code  Gb  switch.o [4]
?ucmp32_c_l0_0x         0x0099f0         Code  Gb  long.o [4]
?udiv32_l0_l0_dl        0x009937         Code  Gb  long.o [4]
?udiv32_l0_l0_l1        0x00993a         Code  Gb  long.o [4]
?umod32_l1_l0_dl        0x009932         Code  Gb  long.o [4]
?umod32_l1_l0_l1        0x00993a         Code  Gb  long.o [4]
?w0                     0x000000         Data  Gb  vregs.o [4]
?w1                     0x000002         Data  Gb  vregs.o [4]
?w2                     0x000004         Data  Gb  vregs.o [4]
?w3                     0x000006         Data  Gb  vregs.o [4]
?w4                     0x000008         Data  Gb  vregs.o [4]
?w5                     0x00000a         Data  Gb  vregs.o [4]
?w6                     0x00000c         Data  Gb  vregs.o [4]
?w7                     0x00000e         Data  Gb  vregs.o [4]
ADC1_COMP_IRQHandler    0x00b539    0x1  Code  Gb  stm8l15x_it.o [1]
ADC_BUFFER              0x000068    0x2  Data  Gb  main.o [1]
ADC_ChannelCmd          0x00aafa   0x55  Code  Gb  stm8l15x_adc.o [1]
ADC_Cmd                 0x00b371    0xd  Code  Gb  stm8l15x_adc.o [1]
ADC_Config              0x00acde   0x3c  Code  Lc  main.o [1]
ADC_GetConversionValue  0x00afdf   0x2b  Code  Gb  stm8l15x_adc.o [1]
ADC_GetFlagStatus       0x00b23c   0x19  Code  Gb  stm8l15x_adc.o [1]
ADC_Init                0x00b07c   0x24  Code  Gb  stm8l15x_adc.o [1]
ADC_SamplingTimeConfig  0x00aeca   0x31  Code  Gb  stm8l15x_adc.o [1]
ADC_SoftwareStartConv   0x00b4df    0x5  Code  Gb  stm8l15x_adc.o [1]
CLK_Config              0x00b058   0x24  Code  Lc  main.o [1]
CLK_GetFlagStatus       0x00a6da   0x98  Code  Gb  stm8l15x_clk.o [1]
CLK_GetSYSCLKSource     0x00b507    0x4  Code  Gb  stm8l15x_clk.o [1]
CLK_HSEConfig           0x00b2f0   0x13  Code  Gb  stm8l15x_clk.o [1]
CLK_PeripheralClockConfig
                        0x00a890   0x89  Code  Gb  stm8l15x_clk.o [1]
CLK_SYSCLKDivConfig     0x00b50b    0x4  Code  Gb  stm8l15x_clk.o [1]
CLK_SYSCLKSourceConfig  0x00b503    0x4  Code  Gb  stm8l15x_clk.o [1]
CLK_SYSCLKSourceSwitchCmd
                        0x00b37e    0xd  Code  Gb  stm8l15x_clk.o [1]
CSTACK$$Base            0x000700          --   Gb  - Linker created -
CSTACK$$Limit           0x000800          --   Gb  - Linker created -
DMA1_CHANNEL0_1_IRQHandler
                        0x00b52d    0x1  Code  Gb  stm8l15x_it.o [1]
DMA1_CHANNEL2_3_IRQHandler
                        0x00b52e    0x1  Code  Gb  stm8l15x_it.o [1]
Delay                   0x00b0e8   0x24  Code  Gb  timing_delay.o [1]
EXTI0_IRQHandler        0x00b533    0x1  Code  Gb  stm8l15x_it.o [1]
EXTI1_IRQHandler        0x00b534    0x1  Code  Gb  stm8l15x_it.o [1]
EXTI2_IRQHandler        0x00b535    0x1  Code  Gb  stm8l15x_it.o [1]
EXTI3_IRQHandler        0x00b1b7   0x1c  Code  Gb  stm8l15x_it.o [1]
EXTI4_IRQHandler        0x00b00a   0x29  Code  Gb  stm8l15x_it.o [1]
EXTI5_IRQHandler        0x00adff   0x33  Code  Gb  stm8l15x_it.o [1]
EXTI6_IRQHandler        0x00ae32   0x33  Code  Gb  stm8l15x_it.o [1]
EXTI7_IRQHandler        0x00b536    0x1  Code  Gb  stm8l15x_it.o [1]
EXTIB_G_IRQHandler      0x00b531    0x1  Code  Gb  stm8l15x_it.o [1]
EXTID_H_IRQHandler      0x00b532    0x1  Code  Gb  stm8l15x_it.o [1]
EXTIE_F_PVD_IRQHandler  0x00b530    0x1  Code  Gb  stm8l15x_it.o [1]
EXTI_ClearITPendingBit  0x00b130   0x21  Code  Gb  stm8l15x_exti.o [1]
EXTI_SetPinSensitivity  0x00a502  0x10d  Code  Gb  stm8l15x_exti.o [1]
EnableRFM22B            0x00b364    0xd  Code  Gb  RFM22B.o [1]
FLASH_GetFlagStatus     0x00b287   0x18  Code  Gb  stm8l15x_flash.o [1]
FLASH_IRQHandler        0x00b52c    0x1  Code  Gb  stm8l15x_it.o [1]
FLASH_ProgramByte       0x00b50f    0x4  Code  Gb  stm8l15x_flash.o [1]
FLASH_ReadByte          0x00b513    0x4  Code  Gb  stm8l15x_flash.o [1]
FLASH_SetProgrammingTime
                        0x00b33a    0xf  Code  Gb  stm8l15x_flash.o [1]
FLASH_Unlock            0x00b255   0x19  Code  Gb  stm8l15x_flash.o [1]
GPIO_Config             0x00a772   0x90  Code  Lc  main.o [1]
GPIO_ExternalPullUpConfig
                        0x00af87   0x2c  Code  Gb  stm8l15x_gpio.o [1]
GPIO_Init               0x00a802   0x8e  Code  Gb  stm8l15x_gpio.o [1]
GPIO_ReadInputDataBit   0x00b4ac    0x7  Code  Gb  stm8l15x_gpio.o [1]
GPIO_ResetBits          0x00b517    0x4  Code  Gb  stm8l15x_gpio.o [1]
GPIO_SetBits            0x00b49e    0x7  Code  Gb  stm8l15x_gpio.o [1]
GPIO_ToggleBits         0x00b4a5    0x7  Code  Gb  stm8l15x_gpio.o [1]
GPIO_WriteBit           0x00b328   0x12  Code  Gb  stm8l15x_gpio.o [1]
I2C1_SPI2_IRQHandler    0x00b543    0x1  Code  Gb  stm8l15x_it.o [1]
INTVEC$$Base            0x008000          --   Gb  - Linker created -
INTVEC$$Limit           0x008080          --   Gb  - Linker created -
ITC_Config              0x00af5a   0x2d  Code  Lc  main.o [1]
ITC_SetSoftwarePriority
                        0x00a3ef  0x113  Code  Gb  stm8l15x_itc.o [1]
LCD_AES_IRQHandler      0x00b537    0x1  Code  Gb  stm8l15x_it.o [1]
LCD_CLEAR_DISPLAY       0x009b00    0xf  Code  Gb  HD44780.o [1]
LCD_CMD                 0x009a5f   0xa1  Code  Gb  HD44780.o [1]
LCD_ENABLE              0x00b1ee   0x1a  Code  Gb  HD44780.o [1]
LCD_INIT                0x009b0f   0x55  Code  Gb  HD44780.o [1]
LCD_LOCATE              0x009c1f   0x3b  Code  Gb  HD44780.o [1]
LCD_printchar           0x009b64   0xa1  Code  Gb  HD44780.o [1]
LCD_printstring         0x009c05   0x1a  Code  Gb  HD44780.o [1]
LoadInt                 0x00ac60   0x41  Code  Lc  xprintffull_nomb.o [4]
MODEM_CONFIG_TABLE      0x009c5a  0x1c2  Data  Lc  RFM22B.o [1]
NselRFM22B              0x00b440    0xa  Code  Gb  RFM22B.o [1]
RF22init                0x008469  0x101  Code  Gb  RFM22B.o [1]
RTC_CSSLSE_IRQHandler   0x00b52f    0x1  Code  Gb  stm8l15x_it.o [1]
ReadBurstRFM22B         0x008157   0x86  Code  Gb  RFM22B.o [1]
ReadSingleRFM22B        0x008080   0x6d  Code  Gb  RFM22B.o [1]
Region$$Table$$Base     0x00b172          --   Gb  - Linker created -
Region$$Table$$Limit    0x00b17a          --   Gb  - Linker created -
SPI1_IRQHandler         0x00b540    0x1  Code  Gb  stm8l15x_it.o [1]
SPI_Cmd                 0x00b208    0xd  Code  Gb  stm8l15x_spi.o [1]
SPI_Config              0x00ad90   0x38  Code  Lc  main.o [1]
SPI_GetFlagStatus       0x00b26e   0x19  Code  Gb  stm8l15x_spi.o [1]
SPI_Init                0x00ac1f   0x41  Code  Gb  stm8l15x_spi.o [1]
SPI_ReceiveData         0x00b21d    0x5  Code  Gb  stm8l15x_spi.o [1]
SPI_SendData            0x00b215    0x8  Code  Gb  stm8l15x_spi.o [1]
SWITCH_CSS_BREAK_DAC_IRQHandler
                        0x00b538    0x1  Code  Gb  stm8l15x_it.o [1]
ShutdownRFM22B          0x00b46f    0x8  Code  Gb  RFM22B.o [1]
TIM1_ARRPreloadConfig   0x00b38b    0xd  Code  Gb  stm8l15x_tim1.o [1]
TIM1_CC_IRQHandler      0x00b53e    0x1  Code  Gb  stm8l15x_it.o [1]
TIM1_Cmd                0x00b398    0xd  Code  Gb  stm8l15x_tim1.o [1]
TIM1_Config             0x00ab96   0x46  Code  Lc  main.o [1]
TIM1_CtrlPWMOutputs     0x00b3a5    0xd  Code  Gb  stm8l15x_tim1.o [1]
TIM1_OC3Init            0x00aa99   0x61  Code  Gb  stm8l15x_tim1.o [1]
TIM1_OC3PreloadConfig   0x00b3b2    0xd  Code  Gb  stm8l15x_tim1.o [1]
TIM1_TimeBaseInit       0x00b0a0   0x24  Code  Gb  stm8l15x_tim1.o [1]
TIM1_UPD_OVF_TRG_COM_IRQHandler
                        0x00b53d    0x1  Code  Gb  stm8l15x_it.o [1]
TIM2_CC_USART2_RX_IRQHandler
                        0x00b53a    0x1  Code  Gb  stm8l15x_it.o [1]
TIM2_ClearFlag          0x00b3fe    0xb  Code  Gb  stm8l15x_tim2.o [1]
TIM2_ClearITPendingBit  0x00b4e4    0x5  Code  Gb  stm8l15x_tim2.o [1]
TIM2_Cmd                0x00b3bf    0xd  Code  Gb  stm8l15x_tim2.o [1]
TIM2_ITConfig           0x00b222   0x1a  Code  Gb  stm8l15x_tim2.o [1]
TIM2_TimeBaseInit       0x00b0c4   0x24  Code  Gb  stm8l15x_tim2.o [1]
TIM2_UPD_OVF_TRG_BRK_USART2_TX_IRQHandler
                        0x00b1d3   0x1b  Code  Gb  stm8l15x_it.o [1]
TIM3_CC_USART3_RX_IRQHandler
                        0x00b53c    0x1  Code  Gb  stm8l15x_it.o [1]
TIM3_UPD_OVF_TRG_BRK_USART3_TX_IRQHandler
                        0x00b53b    0x1  Code  Gb  stm8l15x_it.o [1]
TIM4_UPD_OVF_TRG_IRQHandler
                        0x00b53f    0x1  Code  Gb  stm8l15x_it.o [1]
TRAP_IRQHandler         0x00b52b    0x1  Code  Gb  stm8l15x_it.o [1]
TimingDelay             0x000062    0x4  Data  Lc  timing_delay.o [1]
TimingDelay_Decrement   0x00b10c   0x24  Code  Gb  timing_delay.o [1]
TimingDelay_Init        0x00b033   0x25  Code  Gb  timing_delay.o [1]
USART1_RX_TIM5_CC_IRQHandler
                        0x00b542    0x1  Code  Gb  stm8l15x_it.o [1]
USART1_TX_TIM5_UPD_OVF_TRG_BRK_IRQHandler
                        0x00b541    0x1  Code  Gb  stm8l15x_it.o [1]
WriteBurstRFM22B        0x0081dd   0x5f  Code  Gb  RFM22B.o [1]
WriteSingleRFM22B       0x0080ed   0x6a  Code  Gb  RFM22B.o [1]
_GenldFullNoMb          0x0094c9  0x383  Code  Lc  xprintffull_nomb.o [4]
_LdtobFullNoMb          0x0090b7  0x412  Code  Lc  xprintffull_nomb.o [4]
_LitobFullNoMb          0x009fca  0x176  Code  Lc  xprintffull_nomb.o [4]
_PrintfFullNoMb         0x008c5a  0x45d  Code  Gb  xprintffull_nomb.o [4]
_PutcharFullNoMb        0x00af2b   0x2f  Code  Lc  xprintffull_nomb.o [4]
_PutcharsFullNoMb       0x00ae65   0x33  Code  Lc  xprintffull_nomb.o [4]
_SProut                 0x00b435    0xb  Code  Gb  xsprout.o [4]
__DebugBreak            0x00b544    0x1  Code  Gb  __dbg_break.o [3]
__exit                  0x00b2dc   0x14  Code  Gb  __dbg_xxexit.o [3]
__iar_Dint              0x00a60f   0xcb  Code  Gb  xdint.o [4]
__iar_Dnorm             0x00a140         Code  Gb  float_libsup.o [4]
__iar_Dscale            0x00a1ce         Code  Gb  float_libsup.o [4]
__iar_Dunscale          0x00a17c         Code  Gb  float_libsup.o [4]
__iar_Memchr            0x00b151   0x21  Code  Gb  memchr.o [4]
__iar_Strchr            0x00b29f   0x15  Code  Gb  strchr.o [4]
__iar_data_init2        0x00b2b4   0x14  Code  Gb  init.o [4]
__iar_program_start     0x00b303         Code  Gb  cstartup.o [4]
__iar_unhandled_exception
                        0x00b524         Code  Gb  unhandled_exception.o [4]
__iar_zero_init2        0x00b199         Code  Gb  init_small.o [4]
__intvec                0x008000         Data  Gb  interrupt.o [4]
__low_level_init        0x00b51e    0x3  Code  Gb  low_level_init.o [4]
_buf                    0x000010   0x32  Data  Lc  RFM22B.o [1]
_bufLen                 0x000076    0x1  Data  Gb  RFM22B.o [1]
_deviceType             0x000075    0x1  Data  Lc  RFM22B.o [1]
_exit                   0x00b4ee         Code  Gb  cexit.o [4]
_idleMode               0x000074    0x1  Data  Lc  RFM22B.o [1]
_interrupt_1            0x00b52b         Code  Gb  stm8l15x_it.o [1]
_interrupt_10           0x00b533         Code  Gb  stm8l15x_it.o [1]
_interrupt_11           0x00b534         Code  Gb  stm8l15x_it.o [1]
_interrupt_12           0x00b535         Code  Gb  stm8l15x_it.o [1]
_interrupt_13           0x00b1b7         Code  Gb  stm8l15x_it.o [1]
_interrupt_14           0x00b00a         Code  Gb  stm8l15x_it.o [1]
_interrupt_15           0x00adff         Code  Gb  stm8l15x_it.o [1]
_interrupt_16           0x00ae32         Code  Gb  stm8l15x_it.o [1]
_interrupt_17           0x00b536         Code  Gb  stm8l15x_it.o [1]
_interrupt_18           0x00b537         Code  Gb  stm8l15x_it.o [1]
_interrupt_19           0x00b538         Code  Gb  stm8l15x_it.o [1]
_interrupt_20           0x00b539         Code  Gb  stm8l15x_it.o [1]
_interrupt_21           0x00b1d3         Code  Gb  stm8l15x_it.o [1]
_interrupt_22           0x00b53a         Code  Gb  stm8l15x_it.o [1]
_interrupt_23           0x00b53b         Code  Gb  stm8l15x_it.o [1]
_interrupt_24           0x00b53c         Code  Gb  stm8l15x_it.o [1]
_interrupt_25           0x00b53d         Code  Gb  stm8l15x_it.o [1]
_interrupt_26           0x00b53e         Code  Gb  stm8l15x_it.o [1]
_interrupt_27           0x00b53f         Code  Gb  stm8l15x_it.o [1]
_interrupt_28           0x00b540         Code  Gb  stm8l15x_it.o [1]
_interrupt_29           0x00b541         Code  Gb  stm8l15x_it.o [1]
_interrupt_3            0x00b52c         Code  Gb  stm8l15x_it.o [1]
_interrupt_30           0x00b542         Code  Gb  stm8l15x_it.o [1]
_interrupt_31           0x00b543         Code  Gb  stm8l15x_it.o [1]
_interrupt_4            0x00b52d         Code  Gb  stm8l15x_it.o [1]
_interrupt_5            0x00b52e         Code  Gb  stm8l15x_it.o [1]
_interrupt_6            0x00b52f         Code  Gb  stm8l15x_it.o [1]
_interrupt_7            0x00b530         Code  Gb  stm8l15x_it.o [1]
_interrupt_8            0x00b531         Code  Gb  stm8l15x_it.o [1]
_interrupt_9            0x00b532         Code  Gb  stm8l15x_it.o [1]
_lastInterruptFlags     0x000066    0x2  Data  Gb  main.o [1]
_lastRssi               0x00007a    0x1  Data  Gb  RFM22B.o [1]
_mode                   0x000073    0x1  Data  Lc  RFM22B.o [1]
_rxBad                  0x00006a    0x2  Data  Gb  RFM22B.o [1]
_rxBufValid             0x000077    0x1  Data  Gb  RFM22B.o [1]
_rxGood                 0x00006c    0x2  Data  Gb  RFM22B.o [1]
_txBufSentIndex         0x000079    0x1  Data  Gb  RFM22B.o [1]
_txGood                 0x00006e    0x2  Data  Gb  RFM22B.o [1]
_txPacketSent           0x000078    0x1  Data  Gb  RFM22B.o [1]
add                     0x000056    0x4  Data  Gb  main.o [1]
appendTxBuf             0x00871f   0x3e  Code  Gb  RFM22B.o [1]
buffer                  0x000042   0x10  Data  Gb  main.o [1]
clearRxBuf              0x008441    0x9  Code  Gb  RFM22B.o [1]
clearTxBuf              0x00844a    0xd  Code  Gb  RFM22B.o [1]
current_byte            0x000072    0x1  Data  Gb  main.o [1]
div                     0x00aefb   0x30  Code  Gb  div.o [4]
exit                    0x00b521    0x3  Code  Gb  exit.o [4]
fillTxBuf               0x00875d    0x6  Code  Gb  RFM22B.o [1]
floor                   0x00ad56   0x3a  Code  Gb  floor.o [4]
handleExternalInterrupt
                        0x008596    0x1  Code  Gb  RFM22B.o [1]
handleInterrupt         0x00863a   0xc8  Code  Gb  RFM22B.o [1]
handleWakeupTimerInterrupt
                        0x008595    0x1  Code  Gb  RFM22B.o [1]
interruptCb             0x000070    0x2  Data  Lc  RFM22B.o [1]
main                    0x009e1c  0x1ae  Code  Gb  main.o [1]
memcpy                  0x00b17a   0x1f  Code  Gb  memcpy.o [4]
pad                     0x00adc8   0x37  Code  Lc  xprintffull_nomb.o [4]
readADC_VBAT            0x00a919   0x87  Code  Lc  main.o [1]
readADC_VREF            0x00a9a0   0x87  Code  Lc  main.o [1]
readNextFragment        0x008597   0x27  Code  Gb  RFM22B.o [1]
reset                   0x008457   0x12  Code  Gb  RFM22B.o [1]
resetFifos              0x00862a   0x10  Code  Gb  RFM22B.o [1]
resetRxFifo             0x008585   0x10  Code  Gb  RFM22B.o [1]
restartTransmit         0x00861b    0xf  Code  Gb  RFM22B.o [1]
rfIsr                   0x008240    0xb  Code  Gb  RFM22B.o [1]
rfSetInterruptCallback  0x00823c    0x4  Code  Gb  RFM22B.o [1]
scale                   0x00abdc   0x43  Code  Lc  xprintffull_nomb.o [4]
send                    0x008763   0x1f  Code  Gb  RFM22B.o [1]
sendNextFragment        0x0085be   0x39  Code  Gb  RFM22B.o [1]
setFrequency            0x0082ea  0x11d  Code  Gb  RFM22B.o [1]
setHeaderFlags          0x008407    0x7  Code  Gb  RFM22B.o [1]
setHeaderFrom           0x008415    0x7  Code  Gb  RFM22B.o [1]
setHeaderId             0x00840e    0x7  Code  Gb  RFM22B.o [1]
setHeaderTo             0x00841c    0x7  Code  Gb  RFM22B.o [1]
setMode                 0x00856a    0x7  Code  Gb  RFM22B.o [1]
setModeIdle             0x008707   0x11  Code  Gb  RFM22B.o [1]
setModeRx               0x008571   0x14  Code  Gb  RFM22B.o [1]
setModeTx               0x0085f7   0x14  Code  Gb  RFM22B.o [1]
setModemConfig          0x0082b2   0x38  Code  Gb  RFM22B.o [1]
setModemRegisters       0x008252   0x60  Code  Gb  RFM22B.o [1]
setPreambleLength       0x00843a    0x7  Code  Gb  RFM22B.o [1]
setPromiscuous          0x008423   0x10  Code  Gb  RFM22B.o [1]
setSyncWords            0x008433    0x7  Code  Gb  RFM22B.o [1]
setTxPower              0x00824b    0x7  Code  Gb  RFM22B.o [1]
sprintf                 0x00aca1   0x3d  Code  Gb  sprintf.o [4]
startTransmit           0x00860b   0x10  Code  Gb  RFM22B.o [1]
startadd                0x00005a    0x4  Data  Gb  main.o [1]
statusRead              0x008702    0x5  Code  Gb  RFM22B.o [1]
stopadd                 0x00005e    0x4  Data  Gb  main.o [1]
strlen                  0x00b3d9    0xd  Code  Gb  strlen.o [4]
v_lsb                   0x000052    0x4  Data  Gb  main.o [1]
waitPacketSent          0x008718    0x7  Code  Gb  RFM22B.o [1]


[1] = C:\Users\Balazs\Desktop\FT-TRSY\FT_TRMT_FW\Debug\Obj
[2] = command line
[3] = dbgstm8smd.a
[4] = dlstm8smn.a

  12 869 bytes of readonly  code memory
     768 bytes of readonly  data memory
     379 bytes of readwrite data memory

Errors: none
Warnings: none
