###############################################################################
#
# IAR ELF Linker V3.10.1.201 for STM8                     29/May/2019  20:29:33
# Copyright 2010-2017 IAR Systems AB.
#
#    Output file  =  D:\STM8Workspace\FT-TRSY\FT_TRMT_FW\Debug\Exe\FT_TRMT.out
#    Map file     =  D:\STM8Workspace\FT-TRSY\FT_TRMT_FW\Debug\List\FT_TRMT.map
#    Command line =  
#        -f C:\Users\LNCZGE~1\AppData\Local\Temp\EWD3FA.tmp
#        (D:\STM8Workspace\FT-TRSY\FT_TRMT_FW\Debug\Obj\bsp.o
#        D:\STM8Workspace\FT-TRSY\FT_TRMT_FW\Debug\Obj\eeprom.o
#        D:\STM8Workspace\FT-TRSY\FT_TRMT_FW\Debug\Obj\HD44780.o
#        D:\STM8Workspace\FT-TRSY\FT_TRMT_FW\Debug\Obj\main.o
#        D:\STM8Workspace\FT-TRSY\FT_TRMT_FW\Debug\Obj\RFM22B.o
#        D:\STM8Workspace\FT-TRSY\FT_TRMT_FW\Debug\Obj\stm8l15x_adc.o
#        D:\STM8Workspace\FT-TRSY\FT_TRMT_FW\Debug\Obj\stm8l15x_aes.o
#        D:\STM8Workspace\FT-TRSY\FT_TRMT_FW\Debug\Obj\stm8l15x_beep.o
#        D:\STM8Workspace\FT-TRSY\FT_TRMT_FW\Debug\Obj\stm8l15x_clk.o
#        D:\STM8Workspace\FT-TRSY\FT_TRMT_FW\Debug\Obj\stm8l15x_comp.o
#        D:\STM8Workspace\FT-TRSY\FT_TRMT_FW\Debug\Obj\stm8l15x_dac.o
#        D:\STM8Workspace\FT-TRSY\FT_TRMT_FW\Debug\Obj\stm8l15x_dma.o
#        D:\STM8Workspace\FT-TRSY\FT_TRMT_FW\Debug\Obj\stm8l15x_exti.o
#        D:\STM8Workspace\FT-TRSY\FT_TRMT_FW\Debug\Obj\stm8l15x_flash.o
#        D:\STM8Workspace\FT-TRSY\FT_TRMT_FW\Debug\Obj\stm8l15x_gpio.o
#        D:\STM8Workspace\FT-TRSY\FT_TRMT_FW\Debug\Obj\stm8l15x_i2c.o
#        D:\STM8Workspace\FT-TRSY\FT_TRMT_FW\Debug\Obj\stm8l15x_irtim.o
#        D:\STM8Workspace\FT-TRSY\FT_TRMT_FW\Debug\Obj\stm8l15x_it.o
#        D:\STM8Workspace\FT-TRSY\FT_TRMT_FW\Debug\Obj\stm8l15x_itc.o
#        D:\STM8Workspace\FT-TRSY\FT_TRMT_FW\Debug\Obj\stm8l15x_iwdg.o
#        D:\STM8Workspace\FT-TRSY\FT_TRMT_FW\Debug\Obj\stm8l15x_lcd.o
#        D:\STM8Workspace\FT-TRSY\FT_TRMT_FW\Debug\Obj\stm8l15x_pwr.o
#        D:\STM8Workspace\FT-TRSY\FT_TRMT_FW\Debug\Obj\stm8l15x_rst.o
#        D:\STM8Workspace\FT-TRSY\FT_TRMT_FW\Debug\Obj\stm8l15x_rtc.o
#        D:\STM8Workspace\FT-TRSY\FT_TRMT_FW\Debug\Obj\stm8l15x_spi.o
#        D:\STM8Workspace\FT-TRSY\FT_TRMT_FW\Debug\Obj\stm8l15x_syscfg.o
#        D:\STM8Workspace\FT-TRSY\FT_TRMT_FW\Debug\Obj\stm8l15x_tim1.o
#        D:\STM8Workspace\FT-TRSY\FT_TRMT_FW\Debug\Obj\stm8l15x_tim2.o
#        D:\STM8Workspace\FT-TRSY\FT_TRMT_FW\Debug\Obj\stm8l15x_tim3.o
#        D:\STM8Workspace\FT-TRSY\FT_TRMT_FW\Debug\Obj\stm8l15x_tim4.o
#        D:\STM8Workspace\FT-TRSY\FT_TRMT_FW\Debug\Obj\stm8l15x_tim5.o
#        D:\STM8Workspace\FT-TRSY\FT_TRMT_FW\Debug\Obj\stm8l15x_usart.o
#        D:\STM8Workspace\FT-TRSY\FT_TRMT_FW\Debug\Obj\stm8l15x_wfe.o
#        D:\STM8Workspace\FT-TRSY\FT_TRMT_FW\Debug\Obj\stm8l15x_wwdg.o
#        D:\STM8Workspace\FT-TRSY\FT_TRMT_FW\Debug\Obj\timing_delay.o
#        --redirect _Printf=_PrintfFullNoMb --redirect _Scanf=_ScanfFullNoMb -o
#        D:\STM8Workspace\FT-TRSY\FT_TRMT_FW\Debug\Exe\FT_TRMT.out --map
#        D:\STM8Workspace\FT-TRSY\FT_TRMT_FW\Debug\List\FT_TRMT.map --config
#        "C:\Program Files (x86)\IAR Systems\Embedded Workbench
#        8.0\stm8\config\lnkstm8al3l66.icf" --config_def _CSTACK_SIZE=0x100
#        --config_def _HEAP_SIZE=0x100 --entry __iar_program_start --debug_lib)
#
###############################################################################

*******************************************************************************
*** RUNTIME MODEL ATTRIBUTES
***

__SystemLibrary            = DLib
__code_model               = small
__core                     = stm8
__data_model               = medium
__dlib_file_descriptor     = 0
__dlib_full_locale_support = 0
__rt_version               = 4


*******************************************************************************
*** PLACEMENT SUMMARY
***

"A0":  place at start of [0x000000-0x0000ff] { rw section .vregs };
"A1":  place at end of [0x000000-0x0007ff] { block CSTACK };
"P2":  place in [from 0x000000 to 0x0007ff] {
          block HEAP, rw section __DLIB_PERTHREAD, rw section .far.bss,
          rw section .far.data, rw section .far.noinit,
          rw section .far_func.textrw, rw section .huge.bss,
          rw section .huge.data, rw section .huge.noinit,
          rw section .huge_func.textrw, rw section .iar.dynexit,
          rw section .near.bss, rw section .near.data, rw section .near.noinit,
          rw section .near_func.textrw };
"A2":  place at start of [0x008000-0x00ffff] { block INTVEC };
"P3":  place in [from 0x008000 to 0x00ffff] {
          ro section __DLIB_PERTHREAD_init, ro section .far.data_init,
          ro section .far_func.textrw_init, ro section .huge.data_init,
          ro section .huge_func.textrw_init, ro section .iar.init_table,
          ro section .init_array, ro section .near.data_init,
          ro section .near.rodata, ro section .near_func.text,
          ro section .near_func.textrw_init, ro section .tiny.data_init,
          ro section .tiny.rodata_init };
"P4":  place in [from 0x008000 to 0x00ffff] {
          ro section .far.rodata, ro section .far_func.text };
"P5":  place in [from 0x008000 to 0x00ffff] {
          ro section .huge.rodata, ro section .huge_func.text };
do not initialize {
   rw section .eeprom.noinit, rw section .far.noinit, rw section .huge.noinit,
   rw section .near.noinit, rw section .tiny.noinit, rw section .vregs };

  Section          Kind      Address    Size  Object
  -------          ----      -------    ----  ------
"A0":                                   0x10
  .vregs           uninit   0x000000    0x10  vregs.o [4]
                          - 0x000010    0x10

"P2":                                   0x62
  .near.bss        zero     0x000010    0x32  RFM22B.o [1]
  .near.bss        zero     0x000042    0x10  main.o [1]
  .near.bss        zero     0x000052     0x4  main.o [1]
  .near.bss        zero     0x000056     0x4  main.o [1]
  .near.bss        zero     0x00005a     0x4  timing_delay.o [1]
  .near.bss        zero     0x00005e     0x4  timing_delay.o [1]
  .near.bss        zero     0x000062     0x2  RFM22B.o [1]
  .near.bss        zero     0x000064     0x2  RFM22B.o [1]
  .near.bss        zero     0x000066     0x2  RFM22B.o [1]
  .near.bss        zero     0x000068     0x2  RFM22B.o [1]
  .near.bss        zero     0x00006a     0x1  RFM22B.o [1]
  .near.bss        zero     0x00006b     0x1  RFM22B.o [1]
  .near.bss        zero     0x00006c     0x1  RFM22B.o [1]
  .near.bss        zero     0x00006d     0x1  RFM22B.o [1]
  .near.bss        zero     0x00006e     0x1  RFM22B.o [1]
  .near.bss        zero     0x00006f     0x1  RFM22B.o [1]
  .near.bss        zero     0x000070     0x1  RFM22B.o [1]
  .near.bss        zero     0x000071     0x1  RFM22B.o [1]
                          - 0x000072    0x62

"A1":                                  0x100
  CSTACK                    0x000700   0x100  <Block>
    CSTACK         uninit   0x000700   0x100  <Block tail>
                          - 0x000800   0x100

"A2":                                   0x80
  INTVEC                    0x008000    0x80  <Block>
    .intvec        const    0x008000    0x80  interrupt.o [4]
                          - 0x008080    0x80

"P3-P5":                              0x342a
  .near_func.text  ro code  0x008080   0x704  RFM22B.o [1]
  .near_func.text  ro code  0x008784   0x4b3  float.o [4]
  .near_func.text  ro code  0x008c37   0x45d  xprintffull_nomb.o [4]
  .near_func.text  ro code  0x009094   0x412  xprintffull_nomb.o [4]
  .near_func.text  ro code  0x0094a6   0x383  xprintffull_nomb.o [4]
  .near_func.text  ro code  0x009829   0x209  long.o [4]
  .near_func.text  ro code  0x009a32   0x1fb  HD44780.o [1]
  .near.rodata     const    0x009c2d   0x1c2  RFM22B.o [1]
  .near_func.text  ro code  0x009def   0x176  xprintffull_nomb.o [4]
  .near_func.text  ro code  0x009f65   0x161  float_libsup.o [4]
  .near_func.text  ro code  0x00a0c6   0x14e  vreg_util.o [4]
  .near_func.text  ro code  0x00a214   0x113  stm8l15x_itc.o [1]
  .near_func.text  ro code  0x00a327   0x111  main.o [1]
  .near_func.text  ro code  0x00a438   0x10d  stm8l15x_exti.o [1]
  .near_func.text  ro code  0x00a545    0xcb  xdint.o [4]
  .near_func.text  ro code  0x00a610    0x98  stm8l15x_clk.o [1]
  .near_func.text  ro code  0x00a6a8    0x90  bsp.o [1]
  .near_func.text  ro code  0x00a738    0x8e  stm8l15x_gpio.o [1]
  .near_func.text  ro code  0x00a7c6    0x89  stm8l15x_clk.o [1]
  .near_func.text  ro code  0x00a84f    0x87  bsp.o [1]
  .near_func.text  ro code  0x00a8d6    0x87  bsp.o [1]
  .near_func.text  ro code  0x00a95d    0x72  long_util.o [4]
  .near_func.text  ro code  0x00a9cf    0x61  stm8l15x_tim1.o [1]
  .near_func.text  ro code  0x00aa30    0x5f  bsp.o [1]
  .near_func.text  ro code  0x00aa8f    0x55  stm8l15x_adc.o [1]
  .near_func.text  ro code  0x00aae4    0x47  short.o [4]
  .near_func.text  ro code  0x00ab2b    0x46  bsp.o [1]
  .near_func.text  ro code  0x00ab71    0x43  xprintffull_nomb.o [4]
  .near_func.text  ro code  0x00abb4    0x41  stm8l15x_spi.o [1]
  .near_func.text  ro code  0x00abf5    0x41  xprintffull_nomb.o [4]
  .near_func.text  ro code  0x00ac36    0x3d  sprintf.o [4]
  .near_func.text  ro code  0x00ac73    0x3c  bsp.o [1]
  .near_func.text  const    0x00acaf    0x3c  xprintffull_nomb.o [4]
  .near_func.text  ro code  0x00aceb    0x3a  floor.o [4]
  .near_func.text  ro code  0x00ad25    0x38  bsp.o [1]
  .near_func.text  ro code  0x00ad5d    0x37  xprintffull_nomb.o [4]
  .near_func.text  ro code  0x00ad94    0x33  stm8l15x_it.o [1]
  .near_func.text  ro code  0x00adc7    0x33  stm8l15x_it.o [1]
  .near_func.text  ro code  0x00adfa    0x33  xprintffull_nomb.o [4]
  .near.rodata     const    0x00ae2d    0x32  main.o [1]
  .near_func.text  ro code  0x00ae5f    0x31  stm8l15x_adc.o [1]
  .near_func.text  ro code  0x00ae90    0x30  div.o [4]
  .near_func.text  ro code  0x00aec0    0x2f  xprintffull_nomb.o [4]
  .near_func.text  ro code  0x00aeef    0x2d  bsp.o [1]
  .near_func.text  ro code  0x00af1c    0x2c  stm8l15x_gpio.o [1]
  .near_func.text  ro code  0x00af48    0x2c  dc_util.o [4]
  .near_func.text  ro code  0x00af74    0x2b  stm8l15x_adc.o [1]
  .near_func.text  ro code  0x00af9f    0x29  stm8l15x_it.o [1]
  .near_func.text  ro code  0x00afc8    0x25  timing_delay.o [1]
  .near_func.text  ro code  0x00afed    0x24  bsp.o [1]
  .near_func.text  ro code  0x00b011    0x24  stm8l15x_adc.o [1]
  .near_func.text  ro code  0x00b035    0x24  stm8l15x_tim1.o [1]
  .near_func.text  ro code  0x00b059    0x24  stm8l15x_tim2.o [1]
  .near_func.text  ro code  0x00b07d    0x24  timing_delay.o [1]
  .near_func.text  ro code  0x00b0a1    0x24  timing_delay.o [1]
  .near_func.text  ro code  0x00b0c5    0x21  stm8l15x_exti.o [1]
  .near_func.text  ro code  0x00b0e6    0x21  memchr.o [4]
  .iar.init_table  const    0x00b107     0x8  - Linker created -
  .near_func.text  ro code  0x00b10f    0x1f  memcpy.o [4]
  .near_func.text  ro code  0x00b12e    0x1e  stm8l15x_it.o [1]
  .near_func.text  ro code  0x00b14c    0x1e  init_small.o [4]
  .near_func.text  ro code  0x00b16a    0x1c  stm8l15x_it.o [1]
  .near_func.text  ro code  0x00b186    0x1a  HD44780.o [1]
  .near_func.text  ro code  0x00b1a0    0x1a  stm8l15x_spi.o [1]
  .near_func.text  ro code  0x00b1ba    0x1a  stm8l15x_tim2.o [1]
  .near_func.text  ro code  0x00b1d4    0x19  stm8l15x_adc.o [1]
  .near_func.text  ro code  0x00b1ed    0x19  stm8l15x_spi.o [1]
  .near_func.text  ro code  0x00b206    0x15  strchr.o [4]
  .near_func.text  ro code  0x00b21b    0x14  init.o [4]
  .near_func.text  ro code  0x00b22f    0x14  xprintffull_nomb.o [4]
  .near_func.text  ro code  0x00b243    0x14  __dbg_xxexit.o [3]
  .near_func.text  ro code  0x00b257    0x13  stm8l15x_clk.o [1]
  .near_func.text  ro code  0x00b26a    0x13  cstartup.o [4]
  .near_func.text  ro code  0x00b27d    0x12  stm8l15x_gpio.o [1]
  .near_func.text  ro code  0x00b28f     0xf  timing_delay.o [1]
  .near.rodata     const    0x00b29e     0xe  main.o [1]
  .near.rodata     const    0x00b2ac     0xe  main.o [1]
  .near.rodata     const    0x00b2ba     0xd  main.o [1]
  .near_func.text  ro code  0x00b2c7     0xd  RFM22B.o [1]
  .near_func.text  ro code  0x00b2d4     0xd  stm8l15x_adc.o [1]
  .near_func.text  ro code  0x00b2e1     0xd  stm8l15x_clk.o [1]
  .near_func.text  ro code  0x00b2ee     0xd  stm8l15x_tim1.o [1]
  .near_func.text  ro code  0x00b2fb     0xd  stm8l15x_tim1.o [1]
  .near_func.text  ro code  0x00b308     0xd  stm8l15x_tim1.o [1]
  .near_func.text  ro code  0x00b315     0xd  stm8l15x_tim1.o [1]
  .near_func.text  ro code  0x00b322     0xd  stm8l15x_tim2.o [1]
  .near_func.text  ro code  0x00b32f     0xd  move.o [4]
  .near_func.text  ro code  0x00b33c     0xd  strlen.o [4]
  .near_func.text  ro code  0x00b349     0xc  switch.o [4]
  .near_func.text  ro code  0x00b355     0xc  xprintffull_nomb.o [4]
  .near_func.text  ro code  0x00b361     0xb  stm8l15x_tim2.o [1]
  .near_func.text  ro code  0x00b36c     0xb  char.o [4]
  .near_func.text  ro code  0x00b377     0xb  xprintffull_nomb.o [4]
  .near_func.text  ro code  0x00b382     0xb  xprintffull_nomb.o [4]
  .near_func.text  ro code  0x00b38d     0xb  xprintffull_nomb.o [4]
  .near_func.text  ro code  0x00b398     0xb  xsprout.o [4]
  .near_func.text  ro code  0x00b3a3     0xa  RFM22B.o [1]
  .near_func.text  ro code  0x00b3ad     0xa  xprintffull_nomb.o [4]
  .near_func.text  ro code  0x00b3b7     0x9  xprintffull_nomb.o [4]
  .near_func.text  ro code  0x00b3c0     0x9  xprintffull_nomb.o [4]
  .near_func.text  ro code  0x00b3c9     0x9  xprintffull_nomb.o [4]
  .near_func.text  ro code  0x00b3d2     0x8  RFM22B.o [1]
  .near_func.text  ro code  0x00b3da     0x8  xprintffull_nomb.o [4]
  .near_func.text  ro code  0x00b3e2     0x8  xprintffull_nomb.o [4]
  .near_func.text  ro code  0x00b3ea     0x8  xprintffull_nomb.o [4]
  .near_func.text  ro code  0x00b3f2     0x8  xprintffull_nomb.o [4]
  .near.rodata     const    0x00b3fa     0x7  xprintffull_nomb.o [4]
  .near_func.text  ro code  0x00b401     0x7  stm8l15x_gpio.o [1]
  .near_func.text  ro code  0x00b408     0x7  stm8l15x_gpio.o [1]
  .near_func.text  ro code  0x00b40f     0x7  stm8l15x_gpio.o [1]
  .near_func.text  ro code  0x00b416     0x7  xprintffull_nomb.o [4]
  .near_func.text  ro code  0x00b41d     0x7  xprintffull_nomb.o [4]
  .near_func.text  ro code  0x00b424     0x6  timing_delay.o [1]
  .near_func.text  ro code  0x00b42a     0x6  xprintffull_nomb.o [4]
  .near_func.text  ro code  0x00b430     0x6  xprintffull_nomb.o [4]
  .near_func.text  ro code  0x00b436     0x6  xprintffull_nomb.o [4]
  .near_func.text  ro code  0x00b43c     0x6  xprintffull_nomb.o [4]
  .near_func.text  ro code  0x00b442     0x6  xprintffull_nomb.o [4]
  .near_func.text  ro code  0x00b448     0x5  stm8l15x_adc.o [1]
  .near_func.text  ro code  0x00b44d     0x5  stm8l15x_tim2.o [1]
  .near_func.text  ro code  0x00b452     0x5  xprintffull_nomb.o [4]
  .near_func.text  ro code  0x00b457     0x5  cexit.o [4]
  .near.rodata     const    0x00b45c     0x4  main.o [1]
  .near.rodata     const    0x00b460     0x4  xprintffull_nomb.o [4]
  .near.rodata     const    0x00b464     0x4  xprintffull_nomb.o [4]
  .near.rodata     const    0x00b468     0x4  xprintffull_nomb.o [4]
  .near.rodata     const    0x00b46c     0x4  xprintffull_nomb.o [4]
  .near_func.text  ro code  0x00b470     0x4  stm8l15x_clk.o [1]
  .near_func.text  ro code  0x00b474     0x4  stm8l15x_clk.o [1]
  .near_func.text  ro code  0x00b478     0x4  stm8l15x_clk.o [1]
  .near_func.text  ro code  0x00b47c     0x4  stm8l15x_gpio.o [1]
  .near_func.text  ro code  0x00b480     0x3  interrupt.o [4]
  .near_func.text  ro code  0x00b483     0x3  low_level_init.o [4]
  .near_func.text  ro code  0x00b486     0x3  exit.o [4]
  .near_func.text  ro code  0x00b489     0x3  unhandled_exception.o [4]
  .near.rodata     const    0x00b48c     0x2  RFM22B.o [1]
  .near.rodata     const    0x00b48e     0x2  xprintffull_nomb.o [4]
  .near_func.text  ro code  0x00b490     0x1  stm8l15x_it.o [1]
  .near_func.text  ro code  0x00b491     0x1  stm8l15x_it.o [1]
  .near_func.text  ro code  0x00b492     0x1  stm8l15x_it.o [1]
  .near_func.text  ro code  0x00b493     0x1  stm8l15x_it.o [1]
  .near_func.text  ro code  0x00b494     0x1  stm8l15x_it.o [1]
  .near_func.text  ro code  0x00b495     0x1  stm8l15x_it.o [1]
  .near_func.text  ro code  0x00b496     0x1  stm8l15x_it.o [1]
  .near_func.text  ro code  0x00b497     0x1  stm8l15x_it.o [1]
  .near_func.text  ro code  0x00b498     0x1  stm8l15x_it.o [1]
  .near_func.text  ro code  0x00b499     0x1  stm8l15x_it.o [1]
  .near_func.text  ro code  0x00b49a     0x1  stm8l15x_it.o [1]
  .near_func.text  ro code  0x00b49b     0x1  stm8l15x_it.o [1]
  .near_func.text  ro code  0x00b49c     0x1  stm8l15x_it.o [1]
  .near_func.text  ro code  0x00b49d     0x1  stm8l15x_it.o [1]
  .near_func.text  ro code  0x00b49e     0x1  stm8l15x_it.o [1]
  .near_func.text  ro code  0x00b49f     0x1  stm8l15x_it.o [1]
  .near_func.text  ro code  0x00b4a0     0x1  stm8l15x_it.o [1]
  .near_func.text  ro code  0x00b4a1     0x1  stm8l15x_it.o [1]
  .near_func.text  ro code  0x00b4a2     0x1  stm8l15x_it.o [1]
  .near_func.text  ro code  0x00b4a3     0x1  stm8l15x_it.o [1]
  .near_func.text  ro code  0x00b4a4     0x1  stm8l15x_it.o [1]
  .near_func.text  ro code  0x00b4a5     0x1  stm8l15x_it.o [1]
  .near_func.text  ro code  0x00b4a6     0x1  stm8l15x_it.o [1]
  .near_func.text  ro code  0x00b4a7     0x1  stm8l15x_it.o [1]
  .near_func.text  ro code  0x00b4a8     0x1  stm8l15x_it.o [1]
  .near_func.text  ro code  0x00b4a9     0x1  __dbg_break.o [3]
                          - 0x00b4aa  0x342a


*******************************************************************************
*** INIT TABLE
***

          Address   Size
          -------   ----
Zero (__iar_zero_init2)
    1 destination range, total size 0x62:
          0x000010  0x62



*******************************************************************************
*** MODULE SUMMARY
***

    Module                 ro code  ro data  rw data
    ------                 -------  -------  -------
D:\STM8Workspace\FT-TRSY\FT_TRMT_FW\Debug\Obj: [1]
    HD44780.o                  533
    RFM22B.o                 1 827      452       66
    bsp.o                      776
    main.o                     273       95       24
    stm8l15x_adc.o             256
    stm8l15x_clk.o             333
    stm8l15x_exti.o            302
    stm8l15x_gpio.o            229
    stm8l15x_it.o              226
    stm8l15x_itc.o             275
    stm8l15x_spi.o             116
    stm8l15x_tim1.o            185
    stm8l15x_tim2.o             91
    timing_delay.o             130                 8
    ------------------------------------------------
    Total:                   5 552      547       98

command line: [2]
    ------------------------------------------------
    Total:

dbgstm8smd.a: [3]
    __dbg_break.o                1
    __dbg_xxexit.o              20
    ------------------------------------------------
    Total:                      21

dlstm8smn.a: [4]
    cexit.o                      5
    char.o                      11
    cstartup.o                  19
    dc_util.o                   44
    div.o                       48
    exit.o                       3
    float.o                  1 203
    float_libsup.o             353
    floor.o                     58
    init.o                      20
    init_small.o                30
    interrupt.o                  3      128
    long.o                     521
    long_util.o                114
    low_level_init.o             3
    memchr.o                    33
    memcpy.o                    31
    move.o                      13
    short.o                     71
    sprintf.o                   61
    strchr.o                    21
    strlen.o                    13
    switch.o                    12
    unhandled_exception.o        3
    vreg_util.o                334
    vregs.o                                       16
    xdint.o                    203
    xprintffull_nomb.o       3 900       85
    xsprout.o                   11
    ------------------------------------------------
    Total:                   7 141      213       16

    Linker created                        8      256
----------------------------------------------------
    Grand Total:            12 714      768      370


*******************************************************************************
*** ENTRY LIST
***

Entry                    Address   Size  Type      Object
-----                    -------   ----  ----      ------
.iar.init_table$$Base   0x00b107          --   Gb  - Linker created -
.iar.init_table$$Limit  0x00b10f          --   Gb  - Linker created -
?add32_l0_l0_0x         0x009868         Code  Gb  long.o [4]
?add32_l0_l0_l1         0x009865         Code  Gb  long.o [4]
?and32_l0_l0_0x         0x0099ed         Code  Gb  long.o [4]
?and32_l0_l0_l1         0x0099ea         Code  Gb  long.o [4]
?b0                     0x000000         Data  Gb  vregs.o [4]
?b1                     0x000001         Data  Gb  vregs.o [4]
?b10                    0x00000a         Data  Gb  vregs.o [4]
?b11                    0x00000b         Data  Gb  vregs.o [4]
?b12                    0x00000c         Data  Gb  vregs.o [4]
?b13                    0x00000d         Data  Gb  vregs.o [4]
?b14                    0x00000e         Data  Gb  vregs.o [4]
?b15                    0x00000f         Data  Gb  vregs.o [4]
?b2                     0x000002         Data  Gb  vregs.o [4]
?b3                     0x000003         Data  Gb  vregs.o [4]
?b4                     0x000004         Data  Gb  vregs.o [4]
?b5                     0x000005         Data  Gb  vregs.o [4]
?b6                     0x000006         Data  Gb  vregs.o [4]
?b7                     0x000007         Data  Gb  vregs.o [4]
?b8                     0x000008         Data  Gb  vregs.o [4]
?b9                     0x000009         Data  Gb  vregs.o [4]
?dc32_l0                0x00af4f         Code  Gb  dc_util.o [4]
?dc32_l1                0x00af5c         Code  Gb  dc_util.o [4]
?dc32_px                0x00af69         Code  Gb  dc_util.o [4]
?dc8_px                 0x00af48         Code  Gb  dc_util.o [4]
?dec32_0x_0x            0x009851         Code  Gb  long.o [4]
?dec32_l0_l0            0x00984c         Code  Gb  long.o [4]
?e0                     0x000001         Data  Gb  vregs.o [4]
?e1                     0x000005         Data  Gb  vregs.o [4]
?e2                     0x000009         Data  Gb  vregs.o [4]
?e3                     0x00000d         Data  Gb  vregs.o [4]
?epilogue_l2            0x00a15f         Code  Gb  vreg_util.o [4]
?epilogue_l2_l3         0x00a15c         Code  Gb  vreg_util.o [4]
?epilogue_w4            0x00a163         Code  Gb  vreg_util.o [4]
?fadd32_l0_l0_dc32      0x0087a7         Code  Gb  float.o [4]
?fadd32_l0_l0_l1        0x0087ac         Code  Gb  float.o [4]
?fcastf32s32_l0_l0      0x008ae6         Code  Gb  float.o [4]
?fcastf32u32_l0_l0      0x008af1         Code  Gb  float.o [4]
?fcasts16f32_x_l0       0x008a39         Code  Gb  float.o [4]
?fcasts32f32_l0_l0      0x008a85         Code  Gb  float.o [4]
?fcastu32f32_l0_l0      0x008a6e         Code  Gb  float.o [4]
?fcmpge32_c_l0_0x       0x0089da         Code  Gb  float.o [4]
?fcmpge32_c_l0_dc32     0x0089d5         Code  Gb  float.o [4]
?fcmplt32_c_l0_0x       0x0089e3         Code  Gb  float.o [4]
?fcmplt32_c_l0_dc32     0x0089de         Code  Gb  float.o [4]
?fdiv32_l0_dc32_l1      0x00891d         Code  Gb  float.o [4]
?fdiv32_l0_l0_dc32      0x008922         Code  Gb  float.o [4]
?fdiv32_l0_l0_l1        0x008927         Code  Gb  float.o [4]
?fmul32_l0_l0_0x        0x00887f         Code  Gb  float.o [4]
?fmul32_l0_l0_dc32      0x00887a         Code  Gb  float.o [4]
?fmul32_l0_l0_l1        0x008882         Code  Gb  float.o [4]
?fsub32_l0_l0_l1        0x0087a1         Code  Gb  float.o [4]
?inc32_0x_0x            0x00983e         Code  Gb  long.o [4]
?inc32_l0_l0            0x009839         Code  Gb  long.o [4]
?l0                     0x000000         Data  Gb  vregs.o [4]
?l1                     0x000004         Data  Gb  vregs.o [4]
?l2                     0x000008         Data  Gb  vregs.o [4]
?l3                     0x00000c         Data  Gb  vregs.o [4]
?load32_0x_l0           0x00a9a2         Code  Gb  long_util.o [4]
?load32_0x_l2           0x00a9c1         Code  Gb  long_util.o [4]
?load32_asp_l0          0x00a996         Code  Gb  long_util.o [4]
?load32_asp_l2          0x00a9b5         Code  Gb  long_util.o [4]
?load32_dbsp_l0         0x00a991         Code  Gb  long_util.o [4]
?load32_dbsp_l2         0x00a9b0         Code  Gb  long_util.o [4]
?load32_l0_0x           0x00a96d         Code  Gb  long_util.o [4]
?load32_l0_asp          0x00a962         Code  Gb  long_util.o [4]
?load32_l0_dbsp         0x00a95d         Code  Gb  long_util.o [4]
?load32_l0_xsp          0x00a964         Code  Gb  long_util.o [4]
?load32_l1_0x           0x00a979         Code  Gb  long_util.o [4]
?load32_l2_0x           0x00a985         Code  Gb  long_util.o [4]
?load32_xsp_l0          0x00a998         Code  Gb  long_util.o [4]
?load32_xsp_l2          0x00a9b7         Code  Gb  long_util.o [4]
?mov_e0_e1              0x00a1a2         Code  Gb  vreg_util.o [4]
?mov_e0_e2              0x00a1af         Code  Gb  vreg_util.o [4]
?mov_e0_e3              0x00a1bc         Code  Gb  vreg_util.o [4]
?mov_e1_e0              0x00a1c9         Code  Gb  vreg_util.o [4]
?mov_e1_e2              0x00a1d6         Code  Gb  vreg_util.o [4]
?mov_e1_e3              0x00a1e3         Code  Gb  vreg_util.o [4]
?mov_e2_e0              0x00a1f0         Code  Gb  vreg_util.o [4]
?mov_e3_e0              0x00a1fd         Code  Gb  vreg_util.o [4]
?mov_e3_e1              0x00a20a         Code  Gb  vreg_util.o [4]
?mov_l0_l1              0x00a19f         Code  Gb  vreg_util.o [4]
?mov_l0_l2              0x00a1ac         Code  Gb  vreg_util.o [4]
?mov_l0_l3              0x00a1b9         Code  Gb  vreg_util.o [4]
?mov_l1_l0              0x00a1c6         Code  Gb  vreg_util.o [4]
?mov_l1_l2              0x00a1d3         Code  Gb  vreg_util.o [4]
?mov_l1_l3              0x00a1e0         Code  Gb  vreg_util.o [4]
?mov_l2_l0              0x00a1ed         Code  Gb  vreg_util.o [4]
?mov_l3_l0              0x00a1fa         Code  Gb  vreg_util.o [4]
?mov_l3_l1              0x00a207         Code  Gb  vreg_util.o [4]
?mov_w0_w1              0x00a167         Code  Gb  vreg_util.o [4]
?mov_w0_w5              0x00a16e         Code  Gb  vreg_util.o [4]
?mov_w1_w0              0x00a175         Code  Gb  vreg_util.o [4]
?mov_w1_w3              0x00a1a5         Code  Gb  vreg_util.o [4]
?mov_w1_w5              0x00a1b2         Code  Gb  vreg_util.o [4]
?mov_w1_w7              0x00a1bf         Code  Gb  vreg_util.o [4]
?mov_w2_w0              0x00a17c         Code  Gb  vreg_util.o [4]
?mov_w2_w1              0x00a183         Code  Gb  vreg_util.o [4]
?mov_w3_w1              0x00a1cc         Code  Gb  vreg_util.o [4]
?mov_w3_w5              0x00a1d9         Code  Gb  vreg_util.o [4]
?mov_w3_w7              0x00a1e6         Code  Gb  vreg_util.o [4]
?mov_w4_w0              0x00a18a         Code  Gb  vreg_util.o [4]
?mov_w4_w1              0x00a191         Code  Gb  vreg_util.o [4]
?mov_w5_w0              0x00a198         Code  Gb  vreg_util.o [4]
?mov_w5_w1              0x00a1f3         Code  Gb  vreg_util.o [4]
?mov_w7_w1              0x00a200         Code  Gb  vreg_util.o [4]
?mov_w7_w3              0x00a20d         Code  Gb  vreg_util.o [4]
?move1616_v_x_y_a       0x00b32f         Code  Gb  move.o [4]
?mul16_x_x_w0           0x00aae4         Code  Gb  short.o [4]
?mul32_l0_l0_0x         0x009883         Code  Gb  long.o [4]
?mul32_l0_l0_dl         0x009880         Code  Gb  long.o [4]
?mul32_l0_l0_l1         0x00988c         Code  Gb  long.o [4]
?neg32_l0_l0            0x009829         Code  Gb  long.o [4]
?pop_l0                 0x00a128         Code  Gb  vreg_util.o [4]
?pop_l1                 0x00a133         Code  Gb  vreg_util.o [4]
?pop_l2                 0x00a13e         Code  Gb  vreg_util.o [4]
?pop_l3                 0x00a149         Code  Gb  vreg_util.o [4]
?pop_w4                 0x00a0e8         Code  Gb  vreg_util.o [4]
?push_l0                0x00a0f7         Code  Gb  vreg_util.o [4]
?push_l1                0x00a0fc         Code  Gb  vreg_util.o [4]
?push_l2                0x00a101         Code  Gb  vreg_util.o [4]
?push_l3                0x00a106         Code  Gb  vreg_util.o [4]
?push_w0                0x00a0c6         Code  Gb  vreg_util.o [4]
?push_w1                0x00a0cb         Code  Gb  vreg_util.o [4]
?push_w4                0x00a0d0         Code  Gb  vreg_util.o [4]
?scmp32_c_l0_l1         0x0099d3         Code  Gb  long.o [4]
?sdiv16_x_x_y           0x00ab02         Code  Gb  short.o [4]
?sdiv32_l0_l0_dl        0x00997f         Code  Gb  long.o [4]
?sdiv32_l0_l0_l1        0x009982         Code  Gb  long.o [4]
?sext32_l0_a            0x009a25         Code  Gb  long.o [4]
?sext32_l0_x            0x009a1a         Code  Gb  long.o [4]
?sll16_x_x_a            0x00ab1b         Code  Gb  short.o [4]
?sll8_a_a_5             0x00b36c         Code  Gb  char.o [4]
?smod32_l1_l0_l1        0x009982         Code  Gb  long.o [4]
?sra32_0x_0x_a          0x009a0c         Code  Gb  long.o [4]
?sra32_l0_l0_a          0x009a09         Code  Gb  long.o [4]
?sra32_l0_l0_db         0x009a05         Code  Gb  long.o [4]
?srl16_x_x_4            0x00ab26         Code  Gb  short.o [4]
?srl16_x_x_5            0x00ab25         Code  Gb  short.o [4]
?srl16_x_x_6            0x00ab24         Code  Gb  short.o [4]
?srl16_x_x_7            0x00ab23         Code  Gb  short.o [4]
?srl8_a_a_5             0x00b372         Code  Gb  char.o [4]
?srl8_a_a_6             0x00b371         Code  Gb  char.o [4]
?switch8vlt_0x_a_0x     0x00b349         Code  Gb  switch.o [4]
?ucmp32_c_l0_l1         0x0099c8         Code  Gb  long.o [4]
?udiv32_l0_l0_dl        0x00990f         Code  Gb  long.o [4]
?udiv32_l0_l0_l1        0x009912         Code  Gb  long.o [4]
?umod32_l1_l0_dl        0x00990a         Code  Gb  long.o [4]
?umod32_l1_l0_l1        0x009912         Code  Gb  long.o [4]
?w0                     0x000000         Data  Gb  vregs.o [4]
?w1                     0x000002         Data  Gb  vregs.o [4]
?w2                     0x000004         Data  Gb  vregs.o [4]
?w3                     0x000006         Data  Gb  vregs.o [4]
?w4                     0x000008         Data  Gb  vregs.o [4]
?w5                     0x00000a         Data  Gb  vregs.o [4]
?w6                     0x00000c         Data  Gb  vregs.o [4]
?w7                     0x00000e         Data  Gb  vregs.o [4]
ADC1_COMP_IRQHandler    0x00b49e    0x1  Code  Gb  stm8l15x_it.o [1]
ADC_BUFFER              0x000052    0x4  Data  Gb  main.o [1]
ADC_ChannelCmd          0x00aa8f   0x55  Code  Gb  stm8l15x_adc.o [1]
ADC_Cmd                 0x00b2d4    0xd  Code  Gb  stm8l15x_adc.o [1]
ADC_Config              0x00ac73   0x3c  Code  Gb  bsp.o [1]
ADC_GetConversionValue  0x00af74   0x2b  Code  Gb  stm8l15x_adc.o [1]
ADC_GetFlagStatus       0x00b1d4   0x19  Code  Gb  stm8l15x_adc.o [1]
ADC_Init                0x00b011   0x24  Code  Gb  stm8l15x_adc.o [1]
ADC_SamplingTimeConfig  0x00ae5f   0x31  Code  Gb  stm8l15x_adc.o [1]
ADC_SoftwareStartConv   0x00b448    0x5  Code  Gb  stm8l15x_adc.o [1]
CLK_Config              0x00afed   0x24  Code  Gb  bsp.o [1]
CLK_GetFlagStatus       0x00a610   0x98  Code  Gb  stm8l15x_clk.o [1]
CLK_GetSYSCLKSource     0x00b474    0x4  Code  Gb  stm8l15x_clk.o [1]
CLK_HSEConfig           0x00b257   0x13  Code  Gb  stm8l15x_clk.o [1]
CLK_PeripheralClockConfig
                        0x00a7c6   0x89  Code  Gb  stm8l15x_clk.o [1]
CLK_SYSCLKDivConfig     0x00b478    0x4  Code  Gb  stm8l15x_clk.o [1]
CLK_SYSCLKSourceConfig  0x00b470    0x4  Code  Gb  stm8l15x_clk.o [1]
CLK_SYSCLKSourceSwitchCmd
                        0x00b2e1    0xd  Code  Gb  stm8l15x_clk.o [1]
CSTACK$$Base            0x000700          --   Gb  - Linker created -
CSTACK$$Limit           0x000800          --   Gb  - Linker created -
DMA1_CHANNEL0_1_IRQHandler
                        0x00b492    0x1  Code  Gb  stm8l15x_it.o [1]
DMA1_CHANNEL2_3_IRQHandler
                        0x00b493    0x1  Code  Gb  stm8l15x_it.o [1]
Delay                   0x00b07d   0x24  Code  Gb  timing_delay.o [1]
EXTI0_IRQHandler        0x00b498    0x1  Code  Gb  stm8l15x_it.o [1]
EXTI1_IRQHandler        0x00b499    0x1  Code  Gb  stm8l15x_it.o [1]
EXTI2_IRQHandler        0x00b49a    0x1  Code  Gb  stm8l15x_it.o [1]
EXTI3_IRQHandler        0x00b16a   0x1c  Code  Gb  stm8l15x_it.o [1]
EXTI4_IRQHandler        0x00af9f   0x29  Code  Gb  stm8l15x_it.o [1]
EXTI5_IRQHandler        0x00ad94   0x33  Code  Gb  stm8l15x_it.o [1]
EXTI6_IRQHandler        0x00adc7   0x33  Code  Gb  stm8l15x_it.o [1]
EXTI7_IRQHandler        0x00b49b    0x1  Code  Gb  stm8l15x_it.o [1]
EXTIB_G_IRQHandler      0x00b496    0x1  Code  Gb  stm8l15x_it.o [1]
EXTID_H_IRQHandler      0x00b497    0x1  Code  Gb  stm8l15x_it.o [1]
EXTIE_F_PVD_IRQHandler  0x00b495    0x1  Code  Gb  stm8l15x_it.o [1]
EXTI_ClearITPendingBit  0x00b0c5   0x21  Code  Gb  stm8l15x_exti.o [1]
EXTI_SetPinSensitivity  0x00a438  0x10d  Code  Gb  stm8l15x_exti.o [1]
EnableRFM22B            0x00b2c7    0xd  Code  Gb  RFM22B.o [1]
FLASH_IRQHandler        0x00b491    0x1  Code  Gb  stm8l15x_it.o [1]
GPIO_Config             0x00a6a8   0x90  Code  Gb  bsp.o [1]
GPIO_ExternalPullUpConfig
                        0x00af1c   0x2c  Code  Gb  stm8l15x_gpio.o [1]
GPIO_Init               0x00a738   0x8e  Code  Gb  stm8l15x_gpio.o [1]
GPIO_ReadInputDataBit   0x00b40f    0x7  Code  Gb  stm8l15x_gpio.o [1]
GPIO_ResetBits          0x00b47c    0x4  Code  Gb  stm8l15x_gpio.o [1]
GPIO_SetBits            0x00b401    0x7  Code  Gb  stm8l15x_gpio.o [1]
GPIO_ToggleBits         0x00b408    0x7  Code  Gb  stm8l15x_gpio.o [1]
GPIO_WriteBit           0x00b27d   0x12  Code  Gb  stm8l15x_gpio.o [1]
I2C1_SPI2_IRQHandler    0x00b4a8    0x1  Code  Gb  stm8l15x_it.o [1]
INTVEC$$Base            0x008000          --   Gb  - Linker created -
INTVEC$$Limit           0x008080          --   Gb  - Linker created -
ITC_Config              0x00aeef   0x2d  Code  Gb  bsp.o [1]
ITC_SetSoftwarePriority
                        0x00a214  0x113  Code  Gb  stm8l15x_itc.o [1]
InitHardware            0x00aa30   0x5f  Code  Gb  bsp.o [1]
LCD_AES_IRQHandler      0x00b49c    0x1  Code  Gb  stm8l15x_it.o [1]
LCD_CLEAR_DISPLAY       0x009ad3    0xf  Code  Gb  HD44780.o [1]
LCD_CMD                 0x009a32   0xa1  Code  Gb  HD44780.o [1]
LCD_ENABLE              0x00b186   0x1a  Code  Gb  HD44780.o [1]
LCD_INIT                0x009ae2   0x55  Code  Gb  HD44780.o [1]
LCD_LOCATE              0x009bf2   0x3b  Code  Gb  HD44780.o [1]
LCD_printchar           0x009b37   0xa1  Code  Gb  HD44780.o [1]
LCD_printstring         0x009bd8   0x1a  Code  Gb  HD44780.o [1]
LoadInt                 0x00abf5   0x41  Code  Lc  xprintffull_nomb.o [4]
MODEM_CONFIG_TABLE      0x009c2d  0x1c2  Data  Lc  RFM22B.o [1]
NselRFM22B              0x00b3a3    0xa  Code  Gb  RFM22B.o [1]
RF22init                0x008457  0x101  Code  Gb  RFM22B.o [1]
RTC_CSSLSE_IRQHandler   0x00b494    0x1  Code  Gb  stm8l15x_it.o [1]
ReadBurstRFM22B         0x008157   0x86  Code  Gb  RFM22B.o [1]
ReadSingleRFM22B        0x008080   0x6d  Code  Gb  RFM22B.o [1]
Region$$Table$$Base     0x00b107          --   Gb  - Linker created -
Region$$Table$$Limit    0x00b10f          --   Gb  - Linker created -
SPI1_IRQHandler         0x00b4a5    0x1  Code  Gb  stm8l15x_it.o [1]
SPI_Cmd                 0x00b1a0    0xd  Code  Gb  stm8l15x_spi.o [1]
SPI_Config              0x00ad25   0x38  Code  Gb  bsp.o [1]
SPI_GetFlagStatus       0x00b1ed   0x19  Code  Gb  stm8l15x_spi.o [1]
SPI_Init                0x00abb4   0x41  Code  Gb  stm8l15x_spi.o [1]
SPI_ReceiveData         0x00b1b5    0x5  Code  Gb  stm8l15x_spi.o [1]
SPI_SendData            0x00b1ad    0x8  Code  Gb  stm8l15x_spi.o [1]
SWITCH_CSS_BREAK_DAC_IRQHandler
                        0x00b49d    0x1  Code  Gb  stm8l15x_it.o [1]
ShutdownRFM22B          0x00b3d2    0x8  Code  Gb  RFM22B.o [1]
SysTick                 0x00005e    0x4  Data  Gb  timing_delay.o [1]
SysTickHandler          0x00b28f    0xf  Code  Gb  timing_delay.o [1]
TIM1_ARRPreloadConfig   0x00b2ee    0xd  Code  Gb  stm8l15x_tim1.o [1]
TIM1_CC_IRQHandler      0x00b4a3    0x1  Code  Gb  stm8l15x_it.o [1]
TIM1_Cmd                0x00b2fb    0xd  Code  Gb  stm8l15x_tim1.o [1]
TIM1_Config             0x00ab2b   0x46  Code  Gb  bsp.o [1]
TIM1_CtrlPWMOutputs     0x00b308    0xd  Code  Gb  stm8l15x_tim1.o [1]
TIM1_OC3Init            0x00a9cf   0x61  Code  Gb  stm8l15x_tim1.o [1]
TIM1_OC3PreloadConfig   0x00b315    0xd  Code  Gb  stm8l15x_tim1.o [1]
TIM1_TimeBaseInit       0x00b035   0x24  Code  Gb  stm8l15x_tim1.o [1]
TIM1_UPD_OVF_TRG_COM_IRQHandler
                        0x00b4a2    0x1  Code  Gb  stm8l15x_it.o [1]
TIM2_CC_USART2_RX_IRQHandler
                        0x00b49f    0x1  Code  Gb  stm8l15x_it.o [1]
TIM2_ClearFlag          0x00b361    0xb  Code  Gb  stm8l15x_tim2.o [1]
TIM2_ClearITPendingBit  0x00b44d    0x5  Code  Gb  stm8l15x_tim2.o [1]
TIM2_Cmd                0x00b322    0xd  Code  Gb  stm8l15x_tim2.o [1]
TIM2_ITConfig           0x00b1ba   0x1a  Code  Gb  stm8l15x_tim2.o [1]
TIM2_TimeBaseInit       0x00b059   0x24  Code  Gb  stm8l15x_tim2.o [1]
TIM2_UPD_OVF_TRG_BRK_USART2_TX_IRQHandler
                        0x00b12e   0x1e  Code  Gb  stm8l15x_it.o [1]
TIM3_CC_USART3_RX_IRQHandler
                        0x00b4a1    0x1  Code  Gb  stm8l15x_it.o [1]
TIM3_UPD_OVF_TRG_BRK_USART3_TX_IRQHandler
                        0x00b4a0    0x1  Code  Gb  stm8l15x_it.o [1]
TIM4_UPD_OVF_TRG_IRQHandler
                        0x00b4a4    0x1  Code  Gb  stm8l15x_it.o [1]
TRAP_IRQHandler         0x00b490    0x1  Code  Gb  stm8l15x_it.o [1]
TimingDelay             0x00005a    0x4  Data  Lc  timing_delay.o [1]
TimingDelay_Decrement   0x00b0a1   0x24  Code  Gb  timing_delay.o [1]
TimingDelay_Init        0x00afc8   0x25  Code  Gb  timing_delay.o [1]
USART1_RX_TIM5_CC_IRQHandler
                        0x00b4a7    0x1  Code  Gb  stm8l15x_it.o [1]
USART1_TX_TIM5_UPD_OVF_TRG_BRK_IRQHandler
                        0x00b4a6    0x1  Code  Gb  stm8l15x_it.o [1]
WriteBurstRFM22B        0x0081dd   0x5f  Code  Gb  RFM22B.o [1]
WriteSingleRFM22B       0x0080ed   0x6a  Code  Gb  RFM22B.o [1]
_GenldFullNoMb          0x0094a6  0x383  Code  Lc  xprintffull_nomb.o [4]
_LdtobFullNoMb          0x009094  0x412  Code  Lc  xprintffull_nomb.o [4]
_LitobFullNoMb          0x009def  0x176  Code  Lc  xprintffull_nomb.o [4]
_PrintfFullNoMb         0x008c37  0x45d  Code  Gb  xprintffull_nomb.o [4]
_PutcharFullNoMb        0x00aec0   0x2f  Code  Lc  xprintffull_nomb.o [4]
_PutcharsFullNoMb       0x00adfa   0x33  Code  Lc  xprintffull_nomb.o [4]
_SProut                 0x00b398    0xb  Code  Gb  xsprout.o [4]
__DebugBreak            0x00b4a9    0x1  Code  Gb  __dbg_break.o [3]
__exit                  0x00b243   0x14  Code  Gb  __dbg_xxexit.o [3]
__iar_Dint              0x00a545   0xcb  Code  Gb  xdint.o [4]
__iar_Dnorm             0x009f65         Code  Gb  float_libsup.o [4]
__iar_Dscale            0x009ff3         Code  Gb  float_libsup.o [4]
__iar_Dunscale          0x009fa1         Code  Gb  float_libsup.o [4]
__iar_Memchr            0x00b0e6   0x21  Code  Gb  memchr.o [4]
__iar_Strchr            0x00b206   0x15  Code  Gb  strchr.o [4]
__iar_data_init2        0x00b21b   0x14  Code  Gb  init.o [4]
__iar_program_start     0x00b26a         Code  Gb  cstartup.o [4]
__iar_unhandled_exception
                        0x00b489         Code  Gb  unhandled_exception.o [4]
__iar_zero_init2        0x00b14c         Code  Gb  init_small.o [4]
__intvec                0x008000         Data  Gb  interrupt.o [4]
__low_level_init        0x00b483    0x3  Code  Gb  low_level_init.o [4]
_buf                    0x000010   0x32  Data  Lc  RFM22B.o [1]
_bufLen                 0x00006d    0x1  Data  Gb  RFM22B.o [1]
_deviceType             0x00006c    0x1  Data  Lc  RFM22B.o [1]
_exit                   0x00b457         Code  Gb  cexit.o [4]
_idleMode               0x00006b    0x1  Data  Lc  RFM22B.o [1]
_interrupt_1            0x00b490         Code  Gb  stm8l15x_it.o [1]
_interrupt_10           0x00b498         Code  Gb  stm8l15x_it.o [1]
_interrupt_11           0x00b499         Code  Gb  stm8l15x_it.o [1]
_interrupt_12           0x00b49a         Code  Gb  stm8l15x_it.o [1]
_interrupt_13           0x00b16a         Code  Gb  stm8l15x_it.o [1]
_interrupt_14           0x00af9f         Code  Gb  stm8l15x_it.o [1]
_interrupt_15           0x00ad94         Code  Gb  stm8l15x_it.o [1]
_interrupt_16           0x00adc7         Code  Gb  stm8l15x_it.o [1]
_interrupt_17           0x00b49b         Code  Gb  stm8l15x_it.o [1]
_interrupt_18           0x00b49c         Code  Gb  stm8l15x_it.o [1]
_interrupt_19           0x00b49d         Code  Gb  stm8l15x_it.o [1]
_interrupt_20           0x00b49e         Code  Gb  stm8l15x_it.o [1]
_interrupt_21           0x00b12e         Code  Gb  stm8l15x_it.o [1]
_interrupt_22           0x00b49f         Code  Gb  stm8l15x_it.o [1]
_interrupt_23           0x00b4a0         Code  Gb  stm8l15x_it.o [1]
_interrupt_24           0x00b4a1         Code  Gb  stm8l15x_it.o [1]
_interrupt_25           0x00b4a2         Code  Gb  stm8l15x_it.o [1]
_interrupt_26           0x00b4a3         Code  Gb  stm8l15x_it.o [1]
_interrupt_27           0x00b4a4         Code  Gb  stm8l15x_it.o [1]
_interrupt_28           0x00b4a5         Code  Gb  stm8l15x_it.o [1]
_interrupt_29           0x00b4a6         Code  Gb  stm8l15x_it.o [1]
_interrupt_3            0x00b491         Code  Gb  stm8l15x_it.o [1]
_interrupt_30           0x00b4a7         Code  Gb  stm8l15x_it.o [1]
_interrupt_31           0x00b4a8         Code  Gb  stm8l15x_it.o [1]
_interrupt_4            0x00b492         Code  Gb  stm8l15x_it.o [1]
_interrupt_5            0x00b493         Code  Gb  stm8l15x_it.o [1]
_interrupt_6            0x00b494         Code  Gb  stm8l15x_it.o [1]
_interrupt_7            0x00b495         Code  Gb  stm8l15x_it.o [1]
_interrupt_8            0x00b496         Code  Gb  stm8l15x_it.o [1]
_interrupt_9            0x00b497         Code  Gb  stm8l15x_it.o [1]
_lastRssi               0x000071    0x1  Data  Gb  RFM22B.o [1]
_mode                   0x00006a    0x1  Data  Lc  RFM22B.o [1]
_rxBad                  0x000062    0x2  Data  Gb  RFM22B.o [1]
_rxBufValid             0x00006e    0x1  Data  Gb  RFM22B.o [1]
_rxGood                 0x000064    0x2  Data  Gb  RFM22B.o [1]
_txBufSentIndex         0x000070    0x1  Data  Gb  RFM22B.o [1]
_txGood                 0x000066    0x2  Data  Gb  RFM22B.o [1]
_txPacketSent           0x00006f    0x1  Data  Gb  RFM22B.o [1]
available               0x008715    0x7  Code  Gb  RFM22B.o [1]
buffer                  0x000042   0x10  Data  Gb  main.o [1]
clearRxBuf              0x00842f    0x9  Code  Gb  RFM22B.o [1]
clearTxBuf              0x008438    0xd  Code  Gb  RFM22B.o [1]
div                     0x00ae90   0x30  Code  Gb  div.o [4]
exit                    0x00b486    0x3  Code  Gb  exit.o [4]
floor                   0x00aceb   0x3a  Code  Gb  floor.o [4]
handleExternalInterrupt
                        0x008584    0x1  Code  Gb  RFM22B.o [1]
handleInterrupt         0x008628   0xe8  Code  Gb  RFM22B.o [1]
handleWakeupTimerInterrupt
                        0x008583    0x1  Code  Gb  RFM22B.o [1]
interruptCb             0x000068    0x2  Data  Lc  RFM22B.o [1]
main                    0x00a327  0x111  Code  Gb  main.o [1]
memcpy                  0x00b10f   0x1f  Code  Gb  memcpy.o [4]
millis                  0x00b424    0x6  Code  Gb  timing_delay.o [1]
pad                     0x00ad5d   0x37  Code  Lc  xprintffull_nomb.o [4]
readADC_VBAT            0x00a84f   0x87  Code  Gb  bsp.o [1]
readADC_VREF            0x00a8d6   0x87  Code  Gb  bsp.o [1]
readNextFragment        0x008585   0x27  Code  Gb  RFM22B.o [1]
recv                    0x00874b   0x39  Code  Gb  RFM22B.o [1]
reset                   0x008445   0x12  Code  Gb  RFM22B.o [1]
resetFifos              0x008618   0x10  Code  Gb  RFM22B.o [1]
resetRxFifo             0x008573   0x10  Code  Gb  RFM22B.o [1]
restartTransmit         0x008609    0xf  Code  Gb  RFM22B.o [1]
rfSetInterruptCallback  0x00823c    0x4  Code  Gb  RFM22B.o [1]
scale                   0x00ab71   0x43  Code  Lc  xprintffull_nomb.o [4]
sendNextFragment        0x0085ac   0x39  Code  Gb  RFM22B.o [1]
setFrequency            0x0082db  0x11a  Code  Gb  RFM22B.o [1]
setHeaderFlags          0x0083f5    0x7  Code  Gb  RFM22B.o [1]
setHeaderFrom           0x008403    0x7  Code  Gb  RFM22B.o [1]
setHeaderId             0x0083fc    0x7  Code  Gb  RFM22B.o [1]
setHeaderTo             0x00840a    0x7  Code  Gb  RFM22B.o [1]
setMode                 0x008558    0x7  Code  Gb  RFM22B.o [1]
setModeRx               0x00855f   0x14  Code  Gb  RFM22B.o [1]
setModeTx               0x0085e5   0x14  Code  Gb  RFM22B.o [1]
setModemConfig          0x0082a7   0x34  Code  Gb  RFM22B.o [1]
setModemRegisters       0x008247   0x60  Code  Gb  RFM22B.o [1]
setPreambleLength       0x008428    0x7  Code  Gb  RFM22B.o [1]
setPromiscuous          0x008411   0x10  Code  Gb  RFM22B.o [1]
setSyncWords            0x008421    0x7  Code  Gb  RFM22B.o [1]
setTxPower              0x008240    0x7  Code  Gb  RFM22B.o [1]
sprintf                 0x00ac36   0x3d  Code  Gb  sprintf.o [4]
startTransmit           0x0085f9   0x10  Code  Gb  RFM22B.o [1]
statusRead              0x008710    0x5  Code  Gb  RFM22B.o [1]
strlen                  0x00b33c    0xd  Code  Gb  strlen.o [4]
v_lsb                   0x000056    0x4  Data  Gb  main.o [1]
waitAvailableTimeout    0x00871c   0x2f  Code  Gb  RFM22B.o [1]


[1] = D:\STM8Workspace\FT-TRSY\FT_TRMT_FW\Debug\Obj
[2] = command line
[3] = dbgstm8smd.a
[4] = dlstm8smn.a

  12 714 bytes of readonly  code memory
     768 bytes of readonly  data memory
     370 bytes of readwrite data memory

Errors: none
Warnings: none
