###############################################################################
#
# IAR ELF Linker V3.10.1.201 for STM8                     09/Jun/2019  20:26:56
# Copyright 2010-2017 IAR Systems AB.
#
#    Output file  =  D:\STM8Workspace\FT-TRSY\FT_TRMT_FW\Debug\Exe\FT_TRMT.out
#    Map file     =  D:\STM8Workspace\FT-TRSY\FT_TRMT_FW\Debug\List\FT_TRMT.map
#    Command line =  
#        -f C:\Users\LNCZGE~1\AppData\Local\Temp\EW9B2E.tmp
#        (D:\STM8Workspace\FT-TRSY\FT_TRMT_FW\Debug\Obj\bsp.o
#        D:\STM8Workspace\FT-TRSY\FT_TRMT_FW\Debug\Obj\bsp_adc.o
#        D:\STM8Workspace\FT-TRSY\FT_TRMT_FW\Debug\Obj\bsp_clk_config.o
#        D:\STM8Workspace\FT-TRSY\FT_TRMT_FW\Debug\Obj\bsp_display.o
#        D:\STM8Workspace\FT-TRSY\FT_TRMT_FW\Debug\Obj\bsp_eeprom.o
#        D:\STM8Workspace\FT-TRSY\FT_TRMT_FW\Debug\Obj\bsp_input_gpio.o
#        D:\STM8Workspace\FT-TRSY\FT_TRMT_FW\Debug\Obj\bsp_itc_config.o
#        D:\STM8Workspace\FT-TRSY\FT_TRMT_FW\Debug\Obj\bsp_led.o
#        D:\STM8Workspace\FT-TRSY\FT_TRMT_FW\Debug\Obj\bsp_pwm_timer.o
#        D:\STM8Workspace\FT-TRSY\FT_TRMT_FW\Debug\Obj\bsp_rf_com.o
#        D:\STM8Workspace\FT-TRSY\FT_TRMT_FW\Debug\Obj\bsp_spi.o
#        D:\STM8Workspace\FT-TRSY\FT_TRMT_FW\Debug\Obj\bsp_timing_delay.o
#        D:\STM8Workspace\FT-TRSY\FT_TRMT_FW\Debug\Obj\communication_handler.o
#        D:\STM8Workspace\FT-TRSY\FT_TRMT_FW\Debug\Obj\main.o
#        D:\STM8Workspace\FT-TRSY\FT_TRMT_FW\Debug\Obj\stm8l15x_adc.o
#        D:\STM8Workspace\FT-TRSY\FT_TRMT_FW\Debug\Obj\stm8l15x_aes.o
#        D:\STM8Workspace\FT-TRSY\FT_TRMT_FW\Debug\Obj\stm8l15x_beep.o
#        D:\STM8Workspace\FT-TRSY\FT_TRMT_FW\Debug\Obj\stm8l15x_clk.o
#        D:\STM8Workspace\FT-TRSY\FT_TRMT_FW\Debug\Obj\stm8l15x_comp.o
#        D:\STM8Workspace\FT-TRSY\FT_TRMT_FW\Debug\Obj\stm8l15x_dac.o
#        D:\STM8Workspace\FT-TRSY\FT_TRMT_FW\Debug\Obj\stm8l15x_dma.o
#        D:\STM8Workspace\FT-TRSY\FT_TRMT_FW\Debug\Obj\stm8l15x_exti.o
#        D:\STM8Workspace\FT-TRSY\FT_TRMT_FW\Debug\Obj\stm8l15x_flash.o
#        D:\STM8Workspace\FT-TRSY\FT_TRMT_FW\Debug\Obj\stm8l15x_gpio.o
#        D:\STM8Workspace\FT-TRSY\FT_TRMT_FW\Debug\Obj\stm8l15x_i2c.o
#        D:\STM8Workspace\FT-TRSY\FT_TRMT_FW\Debug\Obj\stm8l15x_irtim.o
#        D:\STM8Workspace\FT-TRSY\FT_TRMT_FW\Debug\Obj\stm8l15x_it.o
#        D:\STM8Workspace\FT-TRSY\FT_TRMT_FW\Debug\Obj\stm8l15x_itc.o
#        D:\STM8Workspace\FT-TRSY\FT_TRMT_FW\Debug\Obj\stm8l15x_iwdg.o
#        D:\STM8Workspace\FT-TRSY\FT_TRMT_FW\Debug\Obj\stm8l15x_lcd.o
#        D:\STM8Workspace\FT-TRSY\FT_TRMT_FW\Debug\Obj\stm8l15x_pwr.o
#        D:\STM8Workspace\FT-TRSY\FT_TRMT_FW\Debug\Obj\stm8l15x_rst.o
#        D:\STM8Workspace\FT-TRSY\FT_TRMT_FW\Debug\Obj\stm8l15x_rtc.o
#        D:\STM8Workspace\FT-TRSY\FT_TRMT_FW\Debug\Obj\stm8l15x_spi.o
#        D:\STM8Workspace\FT-TRSY\FT_TRMT_FW\Debug\Obj\stm8l15x_syscfg.o
#        D:\STM8Workspace\FT-TRSY\FT_TRMT_FW\Debug\Obj\stm8l15x_tim1.o
#        D:\STM8Workspace\FT-TRSY\FT_TRMT_FW\Debug\Obj\stm8l15x_tim2.o
#        D:\STM8Workspace\FT-TRSY\FT_TRMT_FW\Debug\Obj\stm8l15x_tim3.o
#        D:\STM8Workspace\FT-TRSY\FT_TRMT_FW\Debug\Obj\stm8l15x_tim4.o
#        D:\STM8Workspace\FT-TRSY\FT_TRMT_FW\Debug\Obj\stm8l15x_tim5.o
#        D:\STM8Workspace\FT-TRSY\FT_TRMT_FW\Debug\Obj\stm8l15x_usart.o
#        D:\STM8Workspace\FT-TRSY\FT_TRMT_FW\Debug\Obj\stm8l15x_wfe.o
#        D:\STM8Workspace\FT-TRSY\FT_TRMT_FW\Debug\Obj\stm8l15x_wwdg.o
#        D:\STM8Workspace\FT-TRSY\FT_TRMT_FW\Debug\Obj\thread_handler.o
#        --redirect _Printf=_PrintfFullNoMb --redirect _Scanf=_ScanfFullNoMb -o
#        D:\STM8Workspace\FT-TRSY\FT_TRMT_FW\Debug\Exe\FT_TRMT.out --map
#        D:\STM8Workspace\FT-TRSY\FT_TRMT_FW\Debug\List\FT_TRMT.map --config
#        "C:\Program Files (x86)\IAR Systems\Embedded Workbench
#        8.0\stm8\config\lnkstm8al3l66.icf" --config_def _CSTACK_SIZE=0x100
#        --config_def _HEAP_SIZE=0x100 --entry __iar_program_start --debug_lib)
#
###############################################################################

*******************************************************************************
*** RUNTIME MODEL ATTRIBUTES
***

__SystemLibrary            = DLib
__code_model               = small
__core                     = stm8
__data_model               = medium
__dlib_file_descriptor     = 0
__dlib_full_locale_support = 0
__rt_version               = 4


*******************************************************************************
*** PLACEMENT SUMMARY
***

"A0":  place at start of [0x000000-0x0000ff] { rw section .vregs };
"A1":  place at end of [0x000000-0x0007ff] { block CSTACK };
"P2":  place in [from 0x000000 to 0x0007ff] {
          block HEAP, rw section __DLIB_PERTHREAD, rw section .far.bss,
          rw section .far.data, rw section .far.noinit,
          rw section .far_func.textrw, rw section .huge.bss,
          rw section .huge.data, rw section .huge.noinit,
          rw section .huge_func.textrw, rw section .iar.dynexit,
          rw section .near.bss, rw section .near.data, rw section .near.noinit,
          rw section .near_func.textrw };
"A2":  place at start of [0x008000-0x00ffff] { block INTVEC };
"P3":  place in [from 0x008000 to 0x00ffff] {
          ro section __DLIB_PERTHREAD_init, ro section .far.data_init,
          ro section .far_func.textrw_init, ro section .huge.data_init,
          ro section .huge_func.textrw_init, ro section .iar.init_table,
          ro section .init_array, ro section .near.data_init,
          ro section .near.rodata, ro section .near_func.text,
          ro section .near_func.textrw_init, ro section .tiny.data_init,
          ro section .tiny.rodata_init };
"P4":  place in [from 0x008000 to 0x00ffff] {
          ro section .far.rodata, ro section .far_func.text };
"P5":  place in [from 0x008000 to 0x00ffff] {
          ro section .huge.rodata, ro section .huge_func.text };
do not initialize {
   rw section .eeprom.noinit, rw section .far.noinit, rw section .huge.noinit,
   rw section .near.noinit, rw section .tiny.noinit, rw section .vregs };

  Section          Kind      Address    Size  Object
  -------          ----      -------    ----  ------
"A0":                                   0x10
  .vregs           uninit   0x000000    0x10  vregs.o [4]
                          - 0x000010    0x10

"P2":                                   0x5a
  .near.bss        zero     0x000010    0x32  bsp_rf_com.o [1]
  .near.bss        zero     0x000042    0x10  communication_handler.o [1]
  .near.bss        zero     0x000052     0x4  bsp_timing_delay.o [1]
  .near.bss        zero     0x000056     0x4  bsp_timing_delay.o [1]
  .near.bss        zero     0x00005a     0x2  bsp_rf_com.o [1]
  .near.bss        zero     0x00005c     0x2  bsp_rf_com.o [1]
  .near.bss        zero     0x00005e     0x2  bsp_rf_com.o [1]
  .near.bss        zero     0x000060     0x2  bsp_rf_com.o [1]
  .near.bss        zero     0x000062     0x1  bsp_rf_com.o [1]
  .near.bss        zero     0x000063     0x1  bsp_rf_com.o [1]
  .near.bss        zero     0x000064     0x1  bsp_rf_com.o [1]
  .near.bss        zero     0x000065     0x1  bsp_rf_com.o [1]
  .near.bss        zero     0x000066     0x1  bsp_rf_com.o [1]
  .near.bss        zero     0x000067     0x1  bsp_rf_com.o [1]
  .near.bss        zero     0x000068     0x1  bsp_rf_com.o [1]
  .near.bss        zero     0x000069     0x1  bsp_rf_com.o [1]
                          - 0x00006a    0x5a

"A1":                                  0x100
  CSTACK                    0x000700   0x100  <Block>
    CSTACK         uninit   0x000700   0x100  <Block tail>
                          - 0x000800   0x100

"A2":                                   0x80
  INTVEC                    0x008000    0x80  <Block>
    .intvec        const    0x008000    0x80  interrupt.o [4]
                          - 0x008080    0x80

"P3-P5":                              0x3205
  .near_func.text  ro code  0x008080   0x731  bsp_rf_com.o [1]
  .near_func.text  ro code  0x0087b1   0x49f  float.o [4]
  .near_func.text  ro code  0x008c50   0x45d  xprintffull_nomb.o [4]
  .near_func.text  ro code  0x0090ad   0x412  xprintffull_nomb.o [4]
  .near_func.text  ro code  0x0094bf   0x383  xprintffull_nomb.o [4]
  .near_func.text  ro code  0x009842   0x227  bsp_display.o [1]
  .near_func.text  ro code  0x009a69   0x1e3  long.o [4]
  .near.rodata     const    0x009c4c   0x1c2  bsp_rf_com.o [1]
  .near_func.text  ro code  0x009e0e   0x176  xprintffull_nomb.o [4]
  .near_func.text  ro code  0x009f84   0x161  float_libsup.o [4]
  .near_func.text  ro code  0x00a0e5   0x14e  vreg_util.o [4]
  .near_func.text  ro code  0x00a233   0x113  stm8l15x_itc.o [1]
  .near_func.text  ro code  0x00a346   0x10d  stm8l15x_exti.o [1]
  .near_func.text  ro code  0x00a453    0xcb  xdint.o [4]
  .near_func.text  ro code  0x00a51e    0xc3  communication_handler.o [1]
  .near_func.text  ro code  0x00a5e1    0x98  stm8l15x_clk.o [1]
  .near_func.text  ro code  0x00a679    0x8e  stm8l15x_gpio.o [1]
  .near_func.text  ro code  0x00a707    0x89  stm8l15x_clk.o [1]
  .near_func.text  ro code  0x00a790    0x72  long_util.o [4]
  .near_func.text  ro code  0x00a802    0x61  stm8l15x_tim1.o [1]
  .near_func.text  ro code  0x00a863    0x55  stm8l15x_adc.o [1]
  .near_func.text  ro code  0x00a8b8    0x48  bsp_adc.o [1]
  .near_func.text  ro code  0x00a900    0x47  short.o [4]
  .near_func.text  ro code  0x00a947    0x43  bsp_pwm_timer.o [1]
  .near_func.text  ro code  0x00a98a    0x43  xprintffull_nomb.o [4]
  .near_func.text  ro code  0x00a9cd    0x41  stm8l15x_spi.o [1]
  .near_func.text  ro code  0x00aa0e    0x41  xprintffull_nomb.o [4]
  .near_func.text  ro code  0x00aa4f    0x3d  sprintf.o [4]
  .near_func.text  const    0x00aa8c    0x3c  xprintffull_nomb.o [4]
  .near_func.text  ro code  0x00aac8    0x3a  floor.o [4]
  .near_func.text  ro code  0x00ab02    0x39  stm8l15x_it.o [1]
  .near_func.text  ro code  0x00ab3b    0x38  bsp_spi.o [1]
  .near_func.text  ro code  0x00ab73    0x37  xprintffull_nomb.o [4]
  .near_func.text  ro code  0x00abaa    0x35  bsp_input_gpio.o [1]
  .near_func.text  ro code  0x00abdf    0x33  stm8l15x_it.o [1]
  .near_func.text  ro code  0x00ac12    0x33  xprintffull_nomb.o [4]
  .near_func.text  ro code  0x00ac45    0x31  stm8l15x_adc.o [1]
  .near_func.text  ro code  0x00ac76    0x30  div.o [4]
  .near_func.text  ro code  0x00aca6    0x2f  xprintffull_nomb.o [4]
  .near_func.text  ro code  0x00acd5    0x2d  bsp_itc_config.o [1]
  .near_func.text  ro code  0x00ad02    0x2c  stm8l15x_gpio.o [1]
  .near_func.text  ro code  0x00ad2e    0x29  stm8l15x_it.o [1]
  .near_func.text  ro code  0x00ad57    0x25  bsp_timing_delay.o [1]
  .near_func.text  ro code  0x00ad7c    0x24  bsp_clk_config.o [1]
  .near_func.text  ro code  0x00ada0    0x24  bsp_timing_delay.o [1]
  .near_func.text  ro code  0x00adc4    0x24  bsp_timing_delay.o [1]
  .near_func.text  ro code  0x00ade8    0x24  stm8l15x_adc.o [1]
  .near_func.text  ro code  0x00ae0c    0x24  stm8l15x_tim1.o [1]
  .near_func.text  ro code  0x00ae30    0x24  stm8l15x_tim2.o [1]
  .near_func.text  ro code  0x00ae54    0x21  stm8l15x_exti.o [1]
  .near_func.text  ro code  0x00ae75    0x21  stm8l15x_it.o [1]
  .near_func.text  ro code  0x00ae96    0x21  memchr.o [4]
  .iar.init_table  const    0x00aeb7     0x8  - Linker created -
  .near_func.text  ro code  0x00aebf    0x1f  memcpy.o [4]
  .near_func.text  ro code  0x00aede    0x1f  dc_util.o [4]
  .near_func.text  ro code  0x00aefd    0x1e  bsp.o [1]
  .near_func.text  ro code  0x00af1b    0x1e  init_small.o [4]
  .near_func.text  ro code  0x00af39    0x1c  stm8l15x_it.o [1]
  .near_func.text  ro code  0x00af55    0x1a  bsp_display.o [1]
  .near_func.text  ro code  0x00af6f    0x1a  stm8l15x_spi.o [1]
  .near_func.text  ro code  0x00af89    0x1a  stm8l15x_tim2.o [1]
  .near_func.text  ro code  0x00afa3    0x19  bsp_pwm_timer.o [1]
  .near_func.text  ro code  0x00afbc    0x19  stm8l15x_spi.o [1]
  .near_func.text  ro code  0x00afd5    0x15  strchr.o [4]
  .near_func.text  ro code  0x00afea    0x14  init.o [4]
  .near_func.text  ro code  0x00affe    0x14  xprintffull_nomb.o [4]
  .near_func.text  ro code  0x00b012    0x14  __dbg_xxexit.o [3]
  .near_func.text  ro code  0x00b026    0x13  stm8l15x_clk.o [1]
  .near_func.text  ro code  0x00b039    0x13  cstartup.o [4]
  .near_func.text  ro code  0x00b04c    0x12  stm8l15x_gpio.o [1]
  .near_func.text  ro code  0x00b05e    0x11  bsp_input_gpio.o [1]
  .near_func.text  ro code  0x00b06f     0xf  bsp_timing_delay.o [1]
  .near.rodata     const    0x00b07e     0xd  communication_handler.o [1]
  .near_func.text  ro code  0x00b08b     0xd  stm8l15x_adc.o [1]
  .near_func.text  ro code  0x00b098     0xd  stm8l15x_clk.o [1]
  .near_func.text  ro code  0x00b0a5     0xd  stm8l15x_tim1.o [1]
  .near_func.text  ro code  0x00b0b2     0xd  stm8l15x_tim1.o [1]
  .near_func.text  ro code  0x00b0bf     0xd  stm8l15x_tim1.o [1]
  .near_func.text  ro code  0x00b0cc     0xd  stm8l15x_tim1.o [1]
  .near_func.text  ro code  0x00b0d9     0xd  stm8l15x_tim2.o [1]
  .near_func.text  ro code  0x00b0e6     0xd  move.o [4]
  .near_func.text  ro code  0x00b0f3     0xd  strlen.o [4]
  .near_func.text  ro code  0x00b100     0xc  bsp_led.o [1]
  .near_func.text  ro code  0x00b10c     0xc  switch.o [4]
  .near_func.text  ro code  0x00b118     0xc  xprintffull_nomb.o [4]
  .near.rodata     const    0x00b124     0xb  communication_handler.o [1]
  .near_func.text  ro code  0x00b12f     0xb  stm8l15x_tim2.o [1]
  .near_func.text  ro code  0x00b13a     0xb  char.o [4]
  .near_func.text  ro code  0x00b145     0xb  xprintffull_nomb.o [4]
  .near_func.text  ro code  0x00b150     0xb  xprintffull_nomb.o [4]
  .near_func.text  ro code  0x00b15b     0xb  xprintffull_nomb.o [4]
  .near_func.text  ro code  0x00b166     0xb  xsprout.o [4]
  .near_func.text  ro code  0x00b171     0xa  bsp_rf_com.o [1]
  .near_func.text  ro code  0x00b17b     0xa  xprintffull_nomb.o [4]
  .near_func.text  ro code  0x00b185     0x9  xprintffull_nomb.o [4]
  .near_func.text  ro code  0x00b18e     0x9  xprintffull_nomb.o [4]
  .near_func.text  ro code  0x00b197     0x9  xprintffull_nomb.o [4]
  .near_func.text  ro code  0x00b1a0     0x8  bsp_led.o [1]
  .near_func.text  ro code  0x00b1a8     0x8  bsp_led.o [1]
  .near_func.text  ro code  0x00b1b0     0x8  main.o [1]
  .near_func.text  ro code  0x00b1b8     0x8  xprintffull_nomb.o [4]
  .near_func.text  ro code  0x00b1c0     0x8  xprintffull_nomb.o [4]
  .near_func.text  ro code  0x00b1c8     0x8  xprintffull_nomb.o [4]
  .near_func.text  ro code  0x00b1d0     0x8  xprintffull_nomb.o [4]
  .near.rodata     const    0x00b1d8     0x7  xprintffull_nomb.o [4]
  .near_func.text  ro code  0x00b1df     0x7  stm8l15x_gpio.o [1]
  .near_func.text  ro code  0x00b1e6     0x7  stm8l15x_gpio.o [1]
  .near_func.text  ro code  0x00b1ed     0x7  stm8l15x_gpio.o [1]
  .near_func.text  ro code  0x00b1f4     0x7  xprintffull_nomb.o [4]
  .near_func.text  ro code  0x00b1fb     0x7  xprintffull_nomb.o [4]
  .near_func.text  ro code  0x00b202     0x6  thread_handler.o [1]
  .near_func.text  ro code  0x00b208     0x6  xprintffull_nomb.o [4]
  .near_func.text  ro code  0x00b20e     0x6  xprintffull_nomb.o [4]
  .near_func.text  ro code  0x00b214     0x6  xprintffull_nomb.o [4]
  .near_func.text  ro code  0x00b21a     0x6  xprintffull_nomb.o [4]
  .near_func.text  ro code  0x00b220     0x6  xprintffull_nomb.o [4]
  .near_func.text  ro code  0x00b226     0x5  stm8l15x_adc.o [1]
  .near_func.text  ro code  0x00b22b     0x5  stm8l15x_tim2.o [1]
  .near_func.text  ro code  0x00b230     0x5  xprintffull_nomb.o [4]
  .near_func.text  ro code  0x00b235     0x5  cexit.o [4]
  .near.rodata     const    0x00b23a     0x4  xprintffull_nomb.o [4]
  .near.rodata     const    0x00b23e     0x4  xprintffull_nomb.o [4]
  .near.rodata     const    0x00b242     0x4  xprintffull_nomb.o [4]
  .near.rodata     const    0x00b246     0x4  xprintffull_nomb.o [4]
  .near_func.text  ro code  0x00b24a     0x4  stm8l15x_clk.o [1]
  .near_func.text  ro code  0x00b24e     0x4  stm8l15x_clk.o [1]
  .near_func.text  ro code  0x00b252     0x4  stm8l15x_clk.o [1]
  .near_func.text  ro code  0x00b256     0x4  stm8l15x_gpio.o [1]
  .near_func.text  ro code  0x00b25a     0x3  interrupt.o [4]
  .near_func.text  ro code  0x00b25d     0x3  low_level_init.o [4]
  .near_func.text  ro code  0x00b260     0x3  exit.o [4]
  .near_func.text  ro code  0x00b263     0x3  unhandled_exception.o [4]
  .near.rodata     const    0x00b266     0x2  bsp_rf_com.o [1]
  .near.rodata     const    0x00b268     0x2  xprintffull_nomb.o [4]
  .near_func.text  ro code  0x00b26a     0x1  stm8l15x_it.o [1]
  .near_func.text  ro code  0x00b26b     0x1  stm8l15x_it.o [1]
  .near_func.text  ro code  0x00b26c     0x1  stm8l15x_it.o [1]
  .near_func.text  ro code  0x00b26d     0x1  stm8l15x_it.o [1]
  .near_func.text  ro code  0x00b26e     0x1  stm8l15x_it.o [1]
  .near_func.text  ro code  0x00b26f     0x1  stm8l15x_it.o [1]
  .near_func.text  ro code  0x00b270     0x1  stm8l15x_it.o [1]
  .near_func.text  ro code  0x00b271     0x1  stm8l15x_it.o [1]
  .near_func.text  ro code  0x00b272     0x1  stm8l15x_it.o [1]
  .near_func.text  ro code  0x00b273     0x1  stm8l15x_it.o [1]
  .near_func.text  ro code  0x00b274     0x1  stm8l15x_it.o [1]
  .near_func.text  ro code  0x00b275     0x1  stm8l15x_it.o [1]
  .near_func.text  ro code  0x00b276     0x1  stm8l15x_it.o [1]
  .near_func.text  ro code  0x00b277     0x1  stm8l15x_it.o [1]
  .near_func.text  ro code  0x00b278     0x1  stm8l15x_it.o [1]
  .near_func.text  ro code  0x00b279     0x1  stm8l15x_it.o [1]
  .near_func.text  ro code  0x00b27a     0x1  stm8l15x_it.o [1]
  .near_func.text  ro code  0x00b27b     0x1  stm8l15x_it.o [1]
  .near_func.text  ro code  0x00b27c     0x1  stm8l15x_it.o [1]
  .near_func.text  ro code  0x00b27d     0x1  stm8l15x_it.o [1]
  .near_func.text  ro code  0x00b27e     0x1  stm8l15x_it.o [1]
  .near_func.text  ro code  0x00b27f     0x1  stm8l15x_it.o [1]
  .near_func.text  ro code  0x00b280     0x1  stm8l15x_it.o [1]
  .near_func.text  ro code  0x00b281     0x1  stm8l15x_it.o [1]
  .near_func.text  ro code  0x00b282     0x1  stm8l15x_it.o [1]
  .near_func.text  ro code  0x00b283     0x1  thread_handler.o [1]
  .near_func.text  ro code  0x00b284     0x1  __dbg_break.o [3]
                          - 0x00b285  0x3205


*******************************************************************************
*** INIT TABLE
***

          Address   Size
          -------   ----
Zero (__iar_zero_init2)
    1 destination range, total size 0x5a:
          0x000010  0x5a



*******************************************************************************
*** MODULE SUMMARY
***

    Module                   ro code  ro data  rw data
    ------                   -------  -------  -------
D:\STM8Workspace\FT-TRSY\FT_TRMT_FW\Debug\Obj: [1]
    bsp.o                         30
    bsp_adc.o                     72
    bsp_clk_config.o              36
    bsp_display.o                577
    bsp_input_gpio.o              70
    bsp_itc_config.o              45
    bsp_led.o                     28
    bsp_pwm_timer.o               92
    bsp_rf_com.o               1 851      452       66
    bsp_spi.o                     56
    bsp_timing_delay.o           124                 8
    communication_handler.o      195       24       16
    main.o                         8
    stm8l15x_adc.o               188
    stm8l15x_clk.o               333
    stm8l15x_exti.o              302
    stm8l15x_gpio.o              229
    stm8l15x_it.o                235
    stm8l15x_itc.o               275
    stm8l15x_spi.o               116
    stm8l15x_tim1.o              185
    stm8l15x_tim2.o               91
    thread_handler.o               7
    --------------------------------------------------
    Total:                     5 145      476       90

command line: [2]
    --------------------------------------------------
    Total:

dbgstm8smd.a: [3]
    __dbg_break.o                  1
    __dbg_xxexit.o                20
    --------------------------------------------------
    Total:                        21

dlstm8smn.a: [4]
    cexit.o                        5
    char.o                        11
    cstartup.o                    19
    dc_util.o                     31
    div.o                         48
    exit.o                         3
    float.o                    1 183
    float_libsup.o               353
    floor.o                       58
    init.o                        20
    init_small.o                  30
    interrupt.o                    3      128
    long.o                       483
    long_util.o                  114
    low_level_init.o               3
    memchr.o                      33
    memcpy.o                      31
    move.o                        13
    short.o                       71
    sprintf.o                     61
    strchr.o                      21
    strlen.o                      13
    switch.o                      12
    unhandled_exception.o          3
    vreg_util.o                  334
    vregs.o                                         16
    xdint.o                      203
    xprintffull_nomb.o         3 900       85
    xsprout.o                     11
    --------------------------------------------------
    Total:                     7 070      213       16

    Linker created                          8      256
------------------------------------------------------
    Grand Total:              12 236      697      362


*******************************************************************************
*** ENTRY LIST
***

Entry                    Address   Size  Type      Object
-----                    -------   ----  ----      ------
.iar.init_table$$Base   0x00aeb7          --   Gb  - Linker created -
.iar.init_table$$Limit  0x00aebf          --   Gb  - Linker created -
?and32_l0_l0_0x         0x009c07         Code  Gb  long.o [4]
?and32_l0_l0_l1         0x009c04         Code  Gb  long.o [4]
?b0                     0x000000         Data  Gb  vregs.o [4]
?b1                     0x000001         Data  Gb  vregs.o [4]
?b10                    0x00000a         Data  Gb  vregs.o [4]
?b11                    0x00000b         Data  Gb  vregs.o [4]
?b12                    0x00000c         Data  Gb  vregs.o [4]
?b13                    0x00000d         Data  Gb  vregs.o [4]
?b14                    0x00000e         Data  Gb  vregs.o [4]
?b15                    0x00000f         Data  Gb  vregs.o [4]
?b2                     0x000002         Data  Gb  vregs.o [4]
?b3                     0x000003         Data  Gb  vregs.o [4]
?b4                     0x000004         Data  Gb  vregs.o [4]
?b5                     0x000005         Data  Gb  vregs.o [4]
?b6                     0x000006         Data  Gb  vregs.o [4]
?b7                     0x000007         Data  Gb  vregs.o [4]
?b8                     0x000008         Data  Gb  vregs.o [4]
?b9                     0x000009         Data  Gb  vregs.o [4]
?dc32_l1                0x00aee5         Code  Gb  dc_util.o [4]
?dc32_px                0x00aef2         Code  Gb  dc_util.o [4]
?dc8_px                 0x00aede         Code  Gb  dc_util.o [4]
?dec32_0x_0x            0x009a91         Code  Gb  long.o [4]
?dec32_l0_l0            0x009a8c         Code  Gb  long.o [4]
?e0                     0x000001         Data  Gb  vregs.o [4]
?e1                     0x000005         Data  Gb  vregs.o [4]
?e2                     0x000009         Data  Gb  vregs.o [4]
?e3                     0x00000d         Data  Gb  vregs.o [4]
?epilogue_l2            0x00a17e         Code  Gb  vreg_util.o [4]
?epilogue_l2_l3         0x00a17b         Code  Gb  vreg_util.o [4]
?epilogue_w4            0x00a182         Code  Gb  vreg_util.o [4]
?fadd32_l0_l0_dc32      0x0087d4         Code  Gb  float.o [4]
?fadd32_l0_l0_l1        0x0087d9         Code  Gb  float.o [4]
?fcastf32s32_l0_l0      0x008b0b         Code  Gb  float.o [4]
?fcastf32u32_l0_l0      0x008b16         Code  Gb  float.o [4]
?fcasts16f32_x_l0       0x008a5e         Code  Gb  float.o [4]
?fcasts32f32_l0_l0      0x008aaa         Code  Gb  float.o [4]
?fcastu32f32_l0_l0      0x008a93         Code  Gb  float.o [4]
?fcmpge32_c_l0_0x       0x0089ff         Code  Gb  float.o [4]
?fcmpge32_c_l0_dc32     0x0089fa         Code  Gb  float.o [4]
?fcmplt32_c_l0_0x       0x008a08         Code  Gb  float.o [4]
?fcmplt32_c_l0_dc32     0x008a03         Code  Gb  float.o [4]
?fdiv32_l0_l0_dc32      0x008947         Code  Gb  float.o [4]
?fdiv32_l0_l0_l1        0x00894c         Code  Gb  float.o [4]
?fmul32_l0_l0_dc32      0x0088a7         Code  Gb  float.o [4]
?fmul32_l0_l0_l1        0x0088ac         Code  Gb  float.o [4]
?fsub32_l0_l0_l1        0x0087ce         Code  Gb  float.o [4]
?inc32_0x_0x            0x009a7e         Code  Gb  long.o [4]
?inc32_l0_l0            0x009a79         Code  Gb  long.o [4]
?l0                     0x000000         Data  Gb  vregs.o [4]
?l1                     0x000004         Data  Gb  vregs.o [4]
?l2                     0x000008         Data  Gb  vregs.o [4]
?l3                     0x00000c         Data  Gb  vregs.o [4]
?load32_0x_l0           0x00a7d5         Code  Gb  long_util.o [4]
?load32_0x_l2           0x00a7f4         Code  Gb  long_util.o [4]
?load32_asp_l0          0x00a7c9         Code  Gb  long_util.o [4]
?load32_asp_l2          0x00a7e8         Code  Gb  long_util.o [4]
?load32_dbsp_l0         0x00a7c4         Code  Gb  long_util.o [4]
?load32_dbsp_l2         0x00a7e3         Code  Gb  long_util.o [4]
?load32_l0_0x           0x00a7a0         Code  Gb  long_util.o [4]
?load32_l0_asp          0x00a795         Code  Gb  long_util.o [4]
?load32_l0_dbsp         0x00a790         Code  Gb  long_util.o [4]
?load32_l0_xsp          0x00a797         Code  Gb  long_util.o [4]
?load32_l1_0x           0x00a7ac         Code  Gb  long_util.o [4]
?load32_l2_0x           0x00a7b8         Code  Gb  long_util.o [4]
?load32_xsp_l0          0x00a7cb         Code  Gb  long_util.o [4]
?load32_xsp_l2          0x00a7ea         Code  Gb  long_util.o [4]
?mov_e0_e1              0x00a1c1         Code  Gb  vreg_util.o [4]
?mov_e0_e2              0x00a1ce         Code  Gb  vreg_util.o [4]
?mov_e0_e3              0x00a1db         Code  Gb  vreg_util.o [4]
?mov_e1_e0              0x00a1e8         Code  Gb  vreg_util.o [4]
?mov_e1_e2              0x00a1f5         Code  Gb  vreg_util.o [4]
?mov_e1_e3              0x00a202         Code  Gb  vreg_util.o [4]
?mov_e2_e0              0x00a20f         Code  Gb  vreg_util.o [4]
?mov_e3_e0              0x00a21c         Code  Gb  vreg_util.o [4]
?mov_e3_e1              0x00a229         Code  Gb  vreg_util.o [4]
?mov_l0_l1              0x00a1be         Code  Gb  vreg_util.o [4]
?mov_l0_l2              0x00a1cb         Code  Gb  vreg_util.o [4]
?mov_l0_l3              0x00a1d8         Code  Gb  vreg_util.o [4]
?mov_l1_l0              0x00a1e5         Code  Gb  vreg_util.o [4]
?mov_l1_l2              0x00a1f2         Code  Gb  vreg_util.o [4]
?mov_l1_l3              0x00a1ff         Code  Gb  vreg_util.o [4]
?mov_l2_l0              0x00a20c         Code  Gb  vreg_util.o [4]
?mov_l3_l0              0x00a219         Code  Gb  vreg_util.o [4]
?mov_l3_l1              0x00a226         Code  Gb  vreg_util.o [4]
?mov_w0_w1              0x00a186         Code  Gb  vreg_util.o [4]
?mov_w0_w5              0x00a18d         Code  Gb  vreg_util.o [4]
?mov_w1_w0              0x00a194         Code  Gb  vreg_util.o [4]
?mov_w1_w3              0x00a1c4         Code  Gb  vreg_util.o [4]
?mov_w1_w5              0x00a1d1         Code  Gb  vreg_util.o [4]
?mov_w1_w7              0x00a1de         Code  Gb  vreg_util.o [4]
?mov_w2_w0              0x00a19b         Code  Gb  vreg_util.o [4]
?mov_w2_w1              0x00a1a2         Code  Gb  vreg_util.o [4]
?mov_w3_w1              0x00a1eb         Code  Gb  vreg_util.o [4]
?mov_w3_w5              0x00a1f8         Code  Gb  vreg_util.o [4]
?mov_w3_w7              0x00a205         Code  Gb  vreg_util.o [4]
?mov_w4_w0              0x00a1a9         Code  Gb  vreg_util.o [4]
?mov_w4_w1              0x00a1b0         Code  Gb  vreg_util.o [4]
?mov_w5_w0              0x00a1b7         Code  Gb  vreg_util.o [4]
?mov_w5_w1              0x00a212         Code  Gb  vreg_util.o [4]
?mov_w7_w1              0x00a21f         Code  Gb  vreg_util.o [4]
?mov_w7_w3              0x00a22c         Code  Gb  vreg_util.o [4]
?move1616_v_x_y_a       0x00b0e6         Code  Gb  move.o [4]
?mul16_x_x_w0           0x00a900         Code  Gb  short.o [4]
?mul32_l0_l0_0x         0x009aa8         Code  Gb  long.o [4]
?mul32_l0_l0_dl         0x009aa5         Code  Gb  long.o [4]
?mul32_l0_l0_l1         0x009ab1         Code  Gb  long.o [4]
?neg32_l0_l0            0x009a69         Code  Gb  long.o [4]
?pop_l0                 0x00a147         Code  Gb  vreg_util.o [4]
?pop_l1                 0x00a152         Code  Gb  vreg_util.o [4]
?pop_l2                 0x00a15d         Code  Gb  vreg_util.o [4]
?pop_l3                 0x00a168         Code  Gb  vreg_util.o [4]
?pop_w4                 0x00a107         Code  Gb  vreg_util.o [4]
?push_l0                0x00a116         Code  Gb  vreg_util.o [4]
?push_l1                0x00a11b         Code  Gb  vreg_util.o [4]
?push_l2                0x00a120         Code  Gb  vreg_util.o [4]
?push_l3                0x00a125         Code  Gb  vreg_util.o [4]
?push_w0                0x00a0e5         Code  Gb  vreg_util.o [4]
?push_w1                0x00a0ea         Code  Gb  vreg_util.o [4]
?push_w4                0x00a0ef         Code  Gb  vreg_util.o [4]
?scmp32_c_l0_l1         0x009bed         Code  Gb  long.o [4]
?sdiv16_x_x_y           0x00a91e         Code  Gb  short.o [4]
?sdiv32_l0_l0_dl        0x009ba4         Code  Gb  long.o [4]
?sdiv32_l0_l0_l1        0x009ba7         Code  Gb  long.o [4]
?sext32_l0_a            0x009c3f         Code  Gb  long.o [4]
?sext32_l0_x            0x009c34         Code  Gb  long.o [4]
?sll16_x_x_a            0x00a937         Code  Gb  short.o [4]
?sll8_a_a_5             0x00b13a         Code  Gb  char.o [4]
?smod32_l1_l0_l1        0x009ba7         Code  Gb  long.o [4]
?sra32_0x_0x_a          0x009c26         Code  Gb  long.o [4]
?sra32_l0_l0_a          0x009c23         Code  Gb  long.o [4]
?sra32_l0_l0_db         0x009c1f         Code  Gb  long.o [4]
?srl16_x_x_4            0x00a942         Code  Gb  short.o [4]
?srl16_x_x_5            0x00a941         Code  Gb  short.o [4]
?srl16_x_x_6            0x00a940         Code  Gb  short.o [4]
?srl16_x_x_7            0x00a93f         Code  Gb  short.o [4]
?srl8_a_a_5             0x00b140         Code  Gb  char.o [4]
?srl8_a_a_6             0x00b13f         Code  Gb  char.o [4]
?switch8vlt_0x_a_0x     0x00b10c         Code  Gb  switch.o [4]
?udiv32_l0_l0_dl        0x009b34         Code  Gb  long.o [4]
?udiv32_l0_l0_l1        0x009b37         Code  Gb  long.o [4]
?umod32_l1_l0_dl        0x009b2f         Code  Gb  long.o [4]
?umod32_l1_l0_l1        0x009b37         Code  Gb  long.o [4]
?w0                     0x000000         Data  Gb  vregs.o [4]
?w1                     0x000002         Data  Gb  vregs.o [4]
?w2                     0x000004         Data  Gb  vregs.o [4]
?w3                     0x000006         Data  Gb  vregs.o [4]
?w4                     0x000008         Data  Gb  vregs.o [4]
?w5                     0x00000a         Data  Gb  vregs.o [4]
?w6                     0x00000c         Data  Gb  vregs.o [4]
?w7                     0x00000e         Data  Gb  vregs.o [4]
ADC1_COMP_IRQHandler    0x00b278    0x1  Code  Gb  stm8l15x_it.o [1]
ADC_ChannelCmd          0x00a863   0x55  Code  Gb  stm8l15x_adc.o [1]
ADC_Cmd                 0x00b08b    0xd  Code  Gb  stm8l15x_adc.o [1]
ADC_Init                0x00ade8   0x24  Code  Gb  stm8l15x_adc.o [1]
ADC_SamplingTimeConfig  0x00ac45   0x31  Code  Gb  stm8l15x_adc.o [1]
ADC_SoftwareStartConv   0x00b226    0x5  Code  Gb  stm8l15x_adc.o [1]
ButtonInterruptHandler  0x00b05e   0x11  Code  Gb  bsp_input_gpio.o [1]
CLK_Config              0x00ad7c   0x24  Code  Gb  bsp_clk_config.o [1]
CLK_GetFlagStatus       0x00a5e1   0x98  Code  Gb  stm8l15x_clk.o [1]
CLK_GetSYSCLKSource     0x00b24e    0x4  Code  Gb  stm8l15x_clk.o [1]
CLK_HSEConfig           0x00b026   0x13  Code  Gb  stm8l15x_clk.o [1]
CLK_PeripheralClockConfig
                        0x00a707   0x89  Code  Gb  stm8l15x_clk.o [1]
CLK_SYSCLKDivConfig     0x00b252    0x4  Code  Gb  stm8l15x_clk.o [1]
CLK_SYSCLKSourceConfig  0x00b24a    0x4  Code  Gb  stm8l15x_clk.o [1]
CLK_SYSCLKSourceSwitchCmd
                        0x00b098    0xd  Code  Gb  stm8l15x_clk.o [1]
CSTACK$$Base            0x000700          --   Gb  - Linker created -
CSTACK$$Limit           0x000800          --   Gb  - Linker created -
CommunicationHandler    0x00a51e   0xc3  Code  Gb  communication_handler.o [1]
DMA1_CHANNEL0_1_IRQHandler
                        0x00b26c    0x1  Code  Gb  stm8l15x_it.o [1]
DMA1_CHANNEL2_3_IRQHandler
                        0x00b26d    0x1  Code  Gb  stm8l15x_it.o [1]
Delay                   0x00ada0   0x24  Code  Gb  bsp_timing_delay.o [1]
EXTI0_IRQHandler        0x00b272    0x1  Code  Gb  stm8l15x_it.o [1]
EXTI1_IRQHandler        0x00b273    0x1  Code  Gb  stm8l15x_it.o [1]
EXTI2_IRQHandler        0x00b274    0x1  Code  Gb  stm8l15x_it.o [1]
EXTI3_IRQHandler        0x00af39   0x1c  Code  Gb  stm8l15x_it.o [1]
EXTI4_IRQHandler        0x00ad2e   0x29  Code  Gb  stm8l15x_it.o [1]
EXTI5_IRQHandler        0x00ab02   0x39  Code  Gb  stm8l15x_it.o [1]
EXTI6_IRQHandler        0x00abdf   0x33  Code  Gb  stm8l15x_it.o [1]
EXTI7_IRQHandler        0x00b275    0x1  Code  Gb  stm8l15x_it.o [1]
EXTIB_G_IRQHandler      0x00b270    0x1  Code  Gb  stm8l15x_it.o [1]
EXTID_H_IRQHandler      0x00b271    0x1  Code  Gb  stm8l15x_it.o [1]
EXTIE_F_PVD_IRQHandler  0x00b26f    0x1  Code  Gb  stm8l15x_it.o [1]
EXTI_ClearITPendingBit  0x00ae54   0x21  Code  Gb  stm8l15x_exti.o [1]
EXTI_SetPinSensitivity  0x00a346  0x10d  Code  Gb  stm8l15x_exti.o [1]
EnableRFM22B            0x0084d2    0xd  Code  Gb  bsp_rf_com.o [1]
FLASH_IRQHandler        0x00b26b    0x1  Code  Gb  stm8l15x_it.o [1]
GPIO_ExternalPullUpConfig
                        0x00ad02   0x2c  Code  Gb  stm8l15x_gpio.o [1]
GPIO_Init               0x00a679   0x8e  Code  Gb  stm8l15x_gpio.o [1]
GPIO_ReadInputDataBit   0x00b1ed    0x7  Code  Gb  stm8l15x_gpio.o [1]
GPIO_ResetBits          0x00b256    0x4  Code  Gb  stm8l15x_gpio.o [1]
GPIO_SetBits            0x00b1df    0x7  Code  Gb  stm8l15x_gpio.o [1]
GPIO_ToggleBits         0x00b1e6    0x7  Code  Gb  stm8l15x_gpio.o [1]
GPIO_WriteBit           0x00b04c   0x12  Code  Gb  stm8l15x_gpio.o [1]
I2C1_SPI2_IRQHandler    0x00b282    0x1  Code  Gb  stm8l15x_it.o [1]
INTVEC$$Base            0x008000          --   Gb  - Linker created -
INTVEC$$Limit           0x008080          --   Gb  - Linker created -
ITC_Config              0x00acd5   0x2d  Code  Gb  bsp_itc_config.o [1]
ITC_SetSoftwarePriority
                        0x00a233  0x113  Code  Gb  stm8l15x_itc.o [1]
InitAdc                 0x00a8b8   0x48  Code  Gb  bsp_adc.o [1]
InitHardware            0x00aefd   0x1e  Code  Gb  bsp.o [1]
InitInputGpio           0x00abaa   0x35  Code  Gb  bsp_input_gpio.o [1]
InitLed                 0x00b100    0xc  Code  Gb  bsp_led.o [1]
InitPwmTimer            0x00a947   0x43  Code  Gb  bsp_pwm_timer.o [1]
InitSpi                 0x00ab3b   0x38  Code  Gb  bsp_spi.o [1]
LCD_AES_IRQHandler      0x00b276    0x1  Code  Gb  stm8l15x_it.o [1]
LCD_CLEAR_DISPLAY       0x0098e3    0xf  Code  Gb  bsp_display.o [1]
LCD_CMD                 0x009842   0xa1  Code  Gb  bsp_display.o [1]
LCD_ENABLE              0x00af55   0x1a  Code  Gb  bsp_display.o [1]
LCD_INIT                0x0098f2   0x81  Code  Gb  bsp_display.o [1]
LCD_LOCATE              0x009a2e   0x3b  Code  Gb  bsp_display.o [1]
LCD_printchar           0x009973   0xa1  Code  Gb  bsp_display.o [1]
LCD_printstring         0x009a14   0x1a  Code  Gb  bsp_display.o [1]
LoadInt                 0x00aa0e   0x41  Code  Lc  xprintffull_nomb.o [4]
LoopThread              0x00b202    0x6  Code  Gb  thread_handler.o [1]
MODEM_CONFIG_TABLE      0x009c4c  0x1c2  Data  Lc  bsp_rf_com.o [1]
MilliThread             0x00b283    0x1  Code  Gb  thread_handler.o [1]
NselRFM22B              0x00b171    0xa  Code  Gb  bsp_rf_com.o [1]
RF22init                0x0083d1  0x101  Code  Gb  bsp_rf_com.o [1]
RTC_CSSLSE_IRQHandler   0x00b26e    0x1  Code  Gb  stm8l15x_it.o [1]
ReadBurstRFM22B         0x00852e   0x86  Code  Gb  bsp_rf_com.o [1]
ReadSingleRFM22B        0x008352   0x6d  Code  Gb  bsp_rf_com.o [1]
Region$$Table$$Base     0x00aeb7          --   Gb  - Linker created -
Region$$Table$$Limit    0x00aebf          --   Gb  - Linker created -
RfComInit               0x0084e7   0x47  Code  Gb  bsp_rf_com.o [1]
SPI1_IRQHandler         0x00b27f    0x1  Code  Gb  stm8l15x_it.o [1]
SPI_Cmd                 0x00af6f    0xd  Code  Gb  stm8l15x_spi.o [1]
SPI_GetFlagStatus       0x00afbc   0x19  Code  Gb  stm8l15x_spi.o [1]
SPI_Init                0x00a9cd   0x41  Code  Gb  stm8l15x_spi.o [1]
SPI_ReceiveData         0x00af84    0x5  Code  Gb  stm8l15x_spi.o [1]
SPI_SendData            0x00af7c    0x8  Code  Gb  stm8l15x_spi.o [1]
SWITCH_CSS_BREAK_DAC_IRQHandler
                        0x00b277    0x1  Code  Gb  stm8l15x_it.o [1]
SetPwm                  0x00afa3   0x19  Code  Gb  bsp_pwm_timer.o [1]
ShutdownRFM22B          0x0084df    0x8  Code  Gb  bsp_rf_com.o [1]
SysTick                 0x000056    0x4  Data  Gb  bsp_timing_delay.o [1]
SysTickHandler          0x00b06f    0xf  Code  Gb  bsp_timing_delay.o [1]
TIM1_ARRPreloadConfig   0x00b0a5    0xd  Code  Gb  stm8l15x_tim1.o [1]
TIM1_CC_IRQHandler      0x00b27d    0x1  Code  Gb  stm8l15x_it.o [1]
TIM1_Cmd                0x00b0b2    0xd  Code  Gb  stm8l15x_tim1.o [1]
TIM1_CtrlPWMOutputs     0x00b0bf    0xd  Code  Gb  stm8l15x_tim1.o [1]
TIM1_OC3Init            0x00a802   0x61  Code  Gb  stm8l15x_tim1.o [1]
TIM1_OC3PreloadConfig   0x00b0cc    0xd  Code  Gb  stm8l15x_tim1.o [1]
TIM1_TimeBaseInit       0x00ae0c   0x24  Code  Gb  stm8l15x_tim1.o [1]
TIM1_UPD_OVF_TRG_COM_IRQHandler
                        0x00b27c    0x1  Code  Gb  stm8l15x_it.o [1]
TIM2_CC_USART2_RX_IRQHandler
                        0x00b279    0x1  Code  Gb  stm8l15x_it.o [1]
TIM2_ClearFlag          0x00b12f    0xb  Code  Gb  stm8l15x_tim2.o [1]
TIM2_ClearITPendingBit  0x00b22b    0x5  Code  Gb  stm8l15x_tim2.o [1]
TIM2_Cmd                0x00b0d9    0xd  Code  Gb  stm8l15x_tim2.o [1]
TIM2_ITConfig           0x00af89   0x1a  Code  Gb  stm8l15x_tim2.o [1]
TIM2_TimeBaseInit       0x00ae30   0x24  Code  Gb  stm8l15x_tim2.o [1]
TIM2_UPD_OVF_TRG_BRK_USART2_TX_IRQHandler
                        0x00ae75   0x21  Code  Gb  stm8l15x_it.o [1]
TIM3_CC_USART3_RX_IRQHandler
                        0x00b27b    0x1  Code  Gb  stm8l15x_it.o [1]
TIM3_UPD_OVF_TRG_BRK_USART3_TX_IRQHandler
                        0x00b27a    0x1  Code  Gb  stm8l15x_it.o [1]
TIM4_UPD_OVF_TRG_IRQHandler
                        0x00b27e    0x1  Code  Gb  stm8l15x_it.o [1]
TRAP_IRQHandler         0x00b26a    0x1  Code  Gb  stm8l15x_it.o [1]
TimingDelay             0x000052    0x4  Data  Lc  bsp_timing_delay.o [1]
TimingDelay_Decrement   0x00adc4   0x24  Code  Gb  bsp_timing_delay.o [1]
TimingDelay_Init        0x00ad57   0x25  Code  Gb  bsp_timing_delay.o [1]
ToggleGreenLed          0x00b1a0    0x8  Code  Gb  bsp_led.o [1]
ToggleRedLed            0x00b1a8    0x8  Code  Gb  bsp_led.o [1]
USART1_RX_TIM5_CC_IRQHandler
                        0x00b281    0x1  Code  Gb  stm8l15x_it.o [1]
USART1_TX_TIM5_UPD_OVF_TRG_BRK_IRQHandler
                        0x00b280    0x1  Code  Gb  stm8l15x_it.o [1]
WriteBurstRFM22B        0x0080f1   0x5f  Code  Gb  bsp_rf_com.o [1]
WriteSingleRFM22B       0x008080   0x6a  Code  Gb  bsp_rf_com.o [1]
_GenldFullNoMb          0x0094bf  0x383  Code  Lc  xprintffull_nomb.o [4]
_LdtobFullNoMb          0x0090ad  0x412  Code  Lc  xprintffull_nomb.o [4]
_LitobFullNoMb          0x009e0e  0x176  Code  Lc  xprintffull_nomb.o [4]
_PrintfFullNoMb         0x008c50  0x45d  Code  Gb  xprintffull_nomb.o [4]
_PutcharFullNoMb        0x00aca6   0x2f  Code  Lc  xprintffull_nomb.o [4]
_PutcharsFullNoMb       0x00ac12   0x33  Code  Lc  xprintffull_nomb.o [4]
_SProut                 0x00b166    0xb  Code  Gb  xsprout.o [4]
__DebugBreak            0x00b284    0x1  Code  Gb  __dbg_break.o [3]
__exit                  0x00b012   0x14  Code  Gb  __dbg_xxexit.o [3]
__iar_Dint              0x00a453   0xcb  Code  Gb  xdint.o [4]
__iar_Dnorm             0x009f84         Code  Gb  float_libsup.o [4]
__iar_Dscale            0x00a012         Code  Gb  float_libsup.o [4]
__iar_Dunscale          0x009fc0         Code  Gb  float_libsup.o [4]
__iar_Memchr            0x00ae96   0x21  Code  Gb  memchr.o [4]
__iar_Strchr            0x00afd5   0x15  Code  Gb  strchr.o [4]
__iar_data_init2        0x00afea   0x14  Code  Gb  init.o [4]
__iar_program_start     0x00b039         Code  Gb  cstartup.o [4]
__iar_unhandled_exception
                        0x00b263         Code  Gb  unhandled_exception.o [4]
__iar_zero_init2        0x00af1b         Code  Gb  init_small.o [4]
__intvec                0x008000         Data  Gb  interrupt.o [4]
__low_level_init        0x00b25d    0x3  Code  Gb  low_level_init.o [4]
_buf                    0x000010   0x32  Data  Lc  bsp_rf_com.o [1]
_bufLen                 0x000065    0x1  Data  Gb  bsp_rf_com.o [1]
_deviceType             0x000064    0x1  Data  Lc  bsp_rf_com.o [1]
_exit                   0x00b235         Code  Gb  cexit.o [4]
_idleMode               0x000063    0x1  Data  Lc  bsp_rf_com.o [1]
_interrupt_1            0x00b26a         Code  Gb  stm8l15x_it.o [1]
_interrupt_10           0x00b272         Code  Gb  stm8l15x_it.o [1]
_interrupt_11           0x00b273         Code  Gb  stm8l15x_it.o [1]
_interrupt_12           0x00b274         Code  Gb  stm8l15x_it.o [1]
_interrupt_13           0x00af39         Code  Gb  stm8l15x_it.o [1]
_interrupt_14           0x00ad2e         Code  Gb  stm8l15x_it.o [1]
_interrupt_15           0x00ab02         Code  Gb  stm8l15x_it.o [1]
_interrupt_16           0x00abdf         Code  Gb  stm8l15x_it.o [1]
_interrupt_17           0x00b275         Code  Gb  stm8l15x_it.o [1]
_interrupt_18           0x00b276         Code  Gb  stm8l15x_it.o [1]
_interrupt_19           0x00b277         Code  Gb  stm8l15x_it.o [1]
_interrupt_20           0x00b278         Code  Gb  stm8l15x_it.o [1]
_interrupt_21           0x00ae75         Code  Gb  stm8l15x_it.o [1]
_interrupt_22           0x00b279         Code  Gb  stm8l15x_it.o [1]
_interrupt_23           0x00b27a         Code  Gb  stm8l15x_it.o [1]
_interrupt_24           0x00b27b         Code  Gb  stm8l15x_it.o [1]
_interrupt_25           0x00b27c         Code  Gb  stm8l15x_it.o [1]
_interrupt_26           0x00b27d         Code  Gb  stm8l15x_it.o [1]
_interrupt_27           0x00b27e         Code  Gb  stm8l15x_it.o [1]
_interrupt_28           0x00b27f         Code  Gb  stm8l15x_it.o [1]
_interrupt_29           0x00b280         Code  Gb  stm8l15x_it.o [1]
_interrupt_3            0x00b26b         Code  Gb  stm8l15x_it.o [1]
_interrupt_30           0x00b281         Code  Gb  stm8l15x_it.o [1]
_interrupt_31           0x00b282         Code  Gb  stm8l15x_it.o [1]
_interrupt_4            0x00b26c         Code  Gb  stm8l15x_it.o [1]
_interrupt_5            0x00b26d         Code  Gb  stm8l15x_it.o [1]
_interrupt_6            0x00b26e         Code  Gb  stm8l15x_it.o [1]
_interrupt_7            0x00b26f         Code  Gb  stm8l15x_it.o [1]
_interrupt_8            0x00b270         Code  Gb  stm8l15x_it.o [1]
_interrupt_9            0x00b271         Code  Gb  stm8l15x_it.o [1]
_lastRssi               0x000069    0x1  Data  Gb  bsp_rf_com.o [1]
_mode                   0x000062    0x1  Data  Lc  bsp_rf_com.o [1]
_rxBad                  0x00005a    0x2  Data  Gb  bsp_rf_com.o [1]
_rxBufValid             0x000066    0x1  Data  Gb  bsp_rf_com.o [1]
_rxGood                 0x00005c    0x2  Data  Gb  bsp_rf_com.o [1]
_txBufSentIndex         0x000068    0x1  Data  Gb  bsp_rf_com.o [1]
_txGood                 0x00005e    0x2  Data  Gb  bsp_rf_com.o [1]
_txPacketSent           0x000067    0x1  Data  Gb  bsp_rf_com.o [1]
available               0x008771    0x7  Code  Gb  bsp_rf_com.o [1]
buffer                  0x000042   0x10  Data  Gb  communication_handler.o [1]
clearRxBuf              0x008338    0x9  Code  Gb  bsp_rf_com.o [1]
clearTxBuf              0x008341    0xd  Code  Gb  bsp_rf_com.o [1]
div                     0x00ac76   0x30  Code  Gb  div.o [4]
exit                    0x00b260    0x3  Code  Gb  exit.o [4]
floor                   0x00aac8   0x3a  Code  Gb  floor.o [4]
handleExternalInterrupt
                        0x0085e0    0x1  Code  Gb  bsp_rf_com.o [1]
handleInterrupt         0x008684   0xe8  Code  Gb  bsp_rf_com.o [1]
handleWakeupTimerInterrupt
                        0x0085df    0x1  Code  Gb  bsp_rf_com.o [1]
interruptCb             0x000060    0x2  Data  Lc  bsp_rf_com.o [1]
main                    0x00b1b0    0x8  Code  Gb  main.o [1]
memcpy                  0x00aebf   0x1f  Code  Gb  memcpy.o [4]
pad                     0x00ab73   0x37  Code  Lc  xprintffull_nomb.o [4]
readNextFragment        0x0085e1   0x27  Code  Gb  bsp_rf_com.o [1]
recv                    0x008778   0x39  Code  Gb  bsp_rf_com.o [1]
reset                   0x0083bf   0x12  Code  Gb  bsp_rf_com.o [1]
resetFifos              0x008674   0x10  Code  Gb  bsp_rf_com.o [1]
resetRxFifo             0x0085cf   0x10  Code  Gb  bsp_rf_com.o [1]
restartTransmit         0x008665    0xf  Code  Gb  bsp_rf_com.o [1]
rfSetInterruptCallback  0x00834e    0x4  Code  Gb  bsp_rf_com.o [1]
scale                   0x00a98a   0x43  Code  Lc  xprintffull_nomb.o [4]
sendNextFragment        0x008608   0x39  Code  Gb  bsp_rf_com.o [1]
setFrequency            0x0081e4  0x11a  Code  Gb  bsp_rf_com.o [1]
setHeaderFlags          0x0082fe    0x7  Code  Gb  bsp_rf_com.o [1]
setHeaderFrom           0x00830c    0x7  Code  Gb  bsp_rf_com.o [1]
setHeaderId             0x008305    0x7  Code  Gb  bsp_rf_com.o [1]
setHeaderTo             0x008313    0x7  Code  Gb  bsp_rf_com.o [1]
setMode                 0x0085b4    0x7  Code  Gb  bsp_rf_com.o [1]
setModeRx               0x0085bb   0x14  Code  Gb  bsp_rf_com.o [1]
setModeTx               0x008641   0x14  Code  Gb  bsp_rf_com.o [1]
setModemConfig          0x0081b0   0x34  Code  Gb  bsp_rf_com.o [1]
setModemRegisters       0x008150   0x60  Code  Gb  bsp_rf_com.o [1]
setPreambleLength       0x008331    0x7  Code  Gb  bsp_rf_com.o [1]
setPromiscuous          0x00831a   0x10  Code  Gb  bsp_rf_com.o [1]
setSyncWords            0x00832a    0x7  Code  Gb  bsp_rf_com.o [1]
setTxPower              0x0080ea    0x7  Code  Gb  bsp_rf_com.o [1]
sprintf                 0x00aa4f   0x3d  Code  Gb  sprintf.o [4]
startTransmit           0x008655   0x10  Code  Gb  bsp_rf_com.o [1]
statusRead              0x00876c    0x5  Code  Gb  bsp_rf_com.o [1]
strlen                  0x00b0f3    0xd  Code  Gb  strlen.o [4]


[1] = D:\STM8Workspace\FT-TRSY\FT_TRMT_FW\Debug\Obj
[2] = command line
[3] = dbgstm8smd.a
[4] = dlstm8smn.a

  12 236 bytes of readonly  code memory
     697 bytes of readonly  data memory
     362 bytes of readwrite data memory

Errors: none
Warnings: none
