###############################################################################
#
# IAR ELF Linker V3.10.1.201 for STM8                     17/Jun/2019  00:55:45
# Copyright 2010-2017 IAR Systems AB.
#
#    Output file  =  D:\STM8Workspace\FT-TRSY\FT_TRMT_FW\Debug\Exe\FT_TRMT.out
#    Map file     =  D:\STM8Workspace\FT-TRSY\FT_TRMT_FW\Debug\List\FT_TRMT.map
#    Command line =  
#        -f C:\Users\LNCZGE~1\AppData\Local\Temp\EW505E.tmp
#        (D:\STM8Workspace\FT-TRSY\FT_TRMT_FW\Debug\Obj\battery_voltage.o
#        D:\STM8Workspace\FT-TRSY\FT_TRMT_FW\Debug\Obj\bsp.o
#        D:\STM8Workspace\FT-TRSY\FT_TRMT_FW\Debug\Obj\bsp_adc.o
#        D:\STM8Workspace\FT-TRSY\FT_TRMT_FW\Debug\Obj\bsp_clk_config.o
#        D:\STM8Workspace\FT-TRSY\FT_TRMT_FW\Debug\Obj\bsp_display.o
#        D:\STM8Workspace\FT-TRSY\FT_TRMT_FW\Debug\Obj\bsp_eeprom.o
#        D:\STM8Workspace\FT-TRSY\FT_TRMT_FW\Debug\Obj\bsp_input_gpio.o
#        D:\STM8Workspace\FT-TRSY\FT_TRMT_FW\Debug\Obj\bsp_itc_config.o
#        D:\STM8Workspace\FT-TRSY\FT_TRMT_FW\Debug\Obj\bsp_led.o
#        D:\STM8Workspace\FT-TRSY\FT_TRMT_FW\Debug\Obj\bsp_pwm_timer.o
#        D:\STM8Workspace\FT-TRSY\FT_TRMT_FW\Debug\Obj\bsp_rf_com.o
#        D:\STM8Workspace\FT-TRSY\FT_TRMT_FW\Debug\Obj\bsp_spi.o
#        D:\STM8Workspace\FT-TRSY\FT_TRMT_FW\Debug\Obj\bsp_timing_delay.o
#        D:\STM8Workspace\FT-TRSY\FT_TRMT_FW\Debug\Obj\communication_handler.o
#        D:\STM8Workspace\FT-TRSY\FT_TRMT_FW\Debug\Obj\display_backlight.o
#        D:\STM8Workspace\FT-TRSY\FT_TRMT_FW\Debug\Obj\display_handler.o
#        D:\STM8Workspace\FT-TRSY\FT_TRMT_FW\Debug\Obj\main.o
#        D:\STM8Workspace\FT-TRSY\FT_TRMT_FW\Debug\Obj\stm8l15x_adc.o
#        D:\STM8Workspace\FT-TRSY\FT_TRMT_FW\Debug\Obj\stm8l15x_aes.o
#        D:\STM8Workspace\FT-TRSY\FT_TRMT_FW\Debug\Obj\stm8l15x_beep.o
#        D:\STM8Workspace\FT-TRSY\FT_TRMT_FW\Debug\Obj\stm8l15x_clk.o
#        D:\STM8Workspace\FT-TRSY\FT_TRMT_FW\Debug\Obj\stm8l15x_comp.o
#        D:\STM8Workspace\FT-TRSY\FT_TRMT_FW\Debug\Obj\stm8l15x_dac.o
#        D:\STM8Workspace\FT-TRSY\FT_TRMT_FW\Debug\Obj\stm8l15x_dma.o
#        D:\STM8Workspace\FT-TRSY\FT_TRMT_FW\Debug\Obj\stm8l15x_exti.o
#        D:\STM8Workspace\FT-TRSY\FT_TRMT_FW\Debug\Obj\stm8l15x_flash.o
#        D:\STM8Workspace\FT-TRSY\FT_TRMT_FW\Debug\Obj\stm8l15x_gpio.o
#        D:\STM8Workspace\FT-TRSY\FT_TRMT_FW\Debug\Obj\stm8l15x_i2c.o
#        D:\STM8Workspace\FT-TRSY\FT_TRMT_FW\Debug\Obj\stm8l15x_irtim.o
#        D:\STM8Workspace\FT-TRSY\FT_TRMT_FW\Debug\Obj\stm8l15x_it.o
#        D:\STM8Workspace\FT-TRSY\FT_TRMT_FW\Debug\Obj\stm8l15x_itc.o
#        D:\STM8Workspace\FT-TRSY\FT_TRMT_FW\Debug\Obj\stm8l15x_iwdg.o
#        D:\STM8Workspace\FT-TRSY\FT_TRMT_FW\Debug\Obj\stm8l15x_lcd.o
#        D:\STM8Workspace\FT-TRSY\FT_TRMT_FW\Debug\Obj\stm8l15x_pwr.o
#        D:\STM8Workspace\FT-TRSY\FT_TRMT_FW\Debug\Obj\stm8l15x_rst.o
#        D:\STM8Workspace\FT-TRSY\FT_TRMT_FW\Debug\Obj\stm8l15x_rtc.o
#        D:\STM8Workspace\FT-TRSY\FT_TRMT_FW\Debug\Obj\stm8l15x_spi.o
#        D:\STM8Workspace\FT-TRSY\FT_TRMT_FW\Debug\Obj\stm8l15x_syscfg.o
#        D:\STM8Workspace\FT-TRSY\FT_TRMT_FW\Debug\Obj\stm8l15x_tim1.o
#        D:\STM8Workspace\FT-TRSY\FT_TRMT_FW\Debug\Obj\stm8l15x_tim2.o
#        D:\STM8Workspace\FT-TRSY\FT_TRMT_FW\Debug\Obj\stm8l15x_tim3.o
#        D:\STM8Workspace\FT-TRSY\FT_TRMT_FW\Debug\Obj\stm8l15x_tim4.o
#        D:\STM8Workspace\FT-TRSY\FT_TRMT_FW\Debug\Obj\stm8l15x_tim5.o
#        D:\STM8Workspace\FT-TRSY\FT_TRMT_FW\Debug\Obj\stm8l15x_usart.o
#        D:\STM8Workspace\FT-TRSY\FT_TRMT_FW\Debug\Obj\stm8l15x_wfe.o
#        D:\STM8Workspace\FT-TRSY\FT_TRMT_FW\Debug\Obj\stm8l15x_wwdg.o
#        D:\STM8Workspace\FT-TRSY\FT_TRMT_FW\Debug\Obj\thread_handler.o
#        --redirect _Printf=_PrintfFullNoMb --redirect _Scanf=_ScanfFullNoMb -o
#        D:\STM8Workspace\FT-TRSY\FT_TRMT_FW\Debug\Exe\FT_TRMT.out --map
#        D:\STM8Workspace\FT-TRSY\FT_TRMT_FW\Debug\List\FT_TRMT.map --config
#        "C:\Program Files (x86)\IAR Systems\Embedded Workbench
#        8.0\stm8\config\lnkstm8al3l66.icf" --config_def _CSTACK_SIZE=0x200
#        --config_def _HEAP_SIZE=0x200 --entry __iar_program_start --debug_lib)
#
###############################################################################

*******************************************************************************
*** RUNTIME MODEL ATTRIBUTES
***

__SystemLibrary            = DLib
__code_model               = small
__core                     = stm8
__data_model               = medium
__dlib_file_descriptor     = 0
__dlib_full_locale_support = 0
__rt_version               = 4


*******************************************************************************
*** PLACEMENT SUMMARY
***

"A0":  place at start of [0x000000-0x0000ff] { rw section .vregs };
"A1":  place at end of [0x000000-0x0007ff] { block CSTACK };
"P2":  place in [from 0x000000 to 0x0007ff] {
          block HEAP, rw section __DLIB_PERTHREAD, rw section .far.bss,
          rw section .far.data, rw section .far.noinit,
          rw section .far_func.textrw, rw section .huge.bss,
          rw section .huge.data, rw section .huge.noinit,
          rw section .huge_func.textrw, rw section .iar.dynexit,
          rw section .near.bss, rw section .near.data, rw section .near.noinit,
          rw section .near_func.textrw };
"A2":  place at start of [0x008000-0x00ffff] { block INTVEC };
"P3":  place in [from 0x008000 to 0x00ffff] {
          ro section __DLIB_PERTHREAD_init, ro section .far.data_init,
          ro section .far_func.textrw_init, ro section .huge.data_init,
          ro section .huge_func.textrw_init, ro section .iar.init_table,
          ro section .init_array, ro section .near.data_init,
          ro section .near.rodata, ro section .near_func.text,
          ro section .near_func.textrw_init, ro section .tiny.data_init,
          ro section .tiny.rodata_init };
"P4":  place in [from 0x008000 to 0x00ffff] {
          ro section .far.rodata, ro section .far_func.text };
"P5":  place in [from 0x008000 to 0x00ffff] {
          ro section .huge.rodata, ro section .huge_func.text };
do not initialize {
   rw section .eeprom.noinit, rw section .far.noinit, rw section .huge.noinit,
   rw section .near.noinit, rw section .tiny.noinit, rw section .vregs };
initialize by copy {
   rw section .far.bss, rw section .far.data, rw section .far_func.textrw,
   rw section .huge.bss, rw section .huge.data, rw section .huge_func.textrw,
   rw section .iar.dynexit, rw section .near.bss, rw section .near.data,
   rw section .near_func.textrw, rw section .tiny.bss, rw section .tiny.data,
   ro section .tiny.rodata };

  Section            Kind      Address    Size  Object
  -------            ----      -------    ----  ------
"A0":                                     0x10
  .vregs             uninit   0x000000    0x10  vregs.o [4]
                            - 0x000010    0x10

"P2", part 1 of 2:                         0xb
  P2-1                        0x000010     0xb  <Init block>
    .near.data       inited   0x000010     0x1  communication_handler.o [1]
    .near.data       inited   0x000011     0x2  display_backlight.o [1]
    .near.data       inited   0x000013     0x4  display_handler.o [1]
    .near.data       inited   0x000017     0x4  display_handler.o [1]
                            - 0x00001b     0xb

"P2", part 2 of 2:                        0xce
  .near.bss          zero     0x00001b    0x32  bsp_rf_com.o [1]
  .near.bss          zero     0x00004d    0x29  communication_handler.o [1]
  .near.bss          zero     0x000076    0x29  display_handler.o [1]
  .near.bss          zero     0x00009f    0x11  display_handler.o [1]
  .near.bss          zero     0x0000b0     0x4  battery_voltage.o [1]
  .near.bss          zero     0x0000b4     0x4  battery_voltage.o [1]
  .near.bss          zero     0x0000b8     0x4  bsp_input_gpio.o [1]
  .near.bss          zero     0x0000bc     0x4  bsp_timing_delay.o [1]
  .near.bss          zero     0x0000c0     0x4  bsp_timing_delay.o [1]
  .near.bss          zero     0x0000c4     0x4  display_handler.o [1]
  .near.bss          zero     0x0000c8     0x4  display_handler.o [1]
  .near.bss          zero     0x0000cc     0x4  display_handler.o [1]
  .near.bss          zero     0x0000d0     0x4  display_handler.o [1]
  .near.bss          zero     0x0000d4     0x2  bsp_rf_com.o [1]
  .near.bss          zero     0x0000d6     0x2  bsp_rf_com.o [1]
  .near.bss          zero     0x0000d8     0x2  bsp_rf_com.o [1]
  .near.bss          zero     0x0000da     0x2  bsp_rf_com.o [1]
  .near.bss          zero     0x0000dc     0x1  battery_voltage.o [1]
  .near.bss          zero     0x0000dd     0x1  bsp_rf_com.o [1]
  .near.bss          zero     0x0000de     0x1  bsp_rf_com.o [1]
  .near.bss          zero     0x0000df     0x1  bsp_rf_com.o [1]
  .near.bss          zero     0x0000e0     0x1  bsp_rf_com.o [1]
  .near.bss          zero     0x0000e1     0x1  bsp_rf_com.o [1]
  .near.bss          zero     0x0000e2     0x1  bsp_rf_com.o [1]
  .near.bss          zero     0x0000e3     0x1  bsp_rf_com.o [1]
  .near.bss          zero     0x0000e4     0x1  bsp_rf_com.o [1]
  .near.bss          zero     0x0000e5     0x1  display_handler.o [1]
  .near.bss          zero     0x0000e6     0x1  display_handler.o [1]
  .near.bss          zero     0x0000e7     0x1  display_handler.o [1]
  .near.bss          zero     0x0000e8     0x1  display_handler.o [1]
                            - 0x0000e9    0xce

"A1":                                    0x200
  CSTACK                      0x000600   0x200  <Block>
    CSTACK           uninit   0x000600   0x200  <Block tail>
                            - 0x000800   0x200

"A2":                                     0x80
  INTVEC                      0x008000    0x80  <Block>
    .intvec          const    0x008000    0x80  interrupt.o [4]
                            - 0x008080    0x80

"P3-P5":                                0x3e0c
  .near_func.text    ro code  0x008080   0x7eb  bsp_rf_com.o [1]
  .near_func.text    ro code  0x00886b   0x76f  display_handler.o [1]
  .near_func.text    ro code  0x008fda   0x4b6  float.o [4]
  .near_func.text    ro code  0x009490   0x45d  xprintffull_nomb.o [4]
  .near_func.text    ro code  0x0098ed   0x412  xprintffull_nomb.o [4]
  .near_func.text    ro code  0x009cff   0x383  xprintffull_nomb.o [4]
  .near_func.text    ro code  0x00a082   0x227  bsp_display.o [1]
  .near_func.text    ro code  0x00a2a9   0x20e  long.o [4]
  .near.rodata       const    0x00a4b7   0x1c2  bsp_rf_com.o [1]
  .near_func.text    ro code  0x00a679   0x176  xprintffull_nomb.o [4]
  .near_func.text    ro code  0x00a7ef   0x161  float_libsup.o [4]
  .near_func.text    ro code  0x00a950   0x153  vreg_util.o [4]
  .near_func.text    ro code  0x00aaa3   0x113  stm8l15x_itc.o [1]
  .near_func.text    ro code  0x00abb6   0x10d  stm8l15x_exti.o [1]
  .near_func.text    ro code  0x00acc3    0xcb  xdint.o [4]
  .near_func.text    ro code  0x00ad8e    0x98  stm8l15x_clk.o [1]
  .near_func.text    ro code  0x00ae26    0x8e  stm8l15x_gpio.o [1]
  .near_func.text    ro code  0x00aeb4    0x89  stm8l15x_clk.o [1]
  .near_func.text    ro code  0x00af3d    0x87  bsp_adc.o [1]
  .near_func.text    ro code  0x00afc4    0x87  bsp_adc.o [1]
  .near_func.text    ro code  0x00b04b    0x72  long_util.o [4]
  .near_func.text    ro code  0x00b0bd    0x61  stm8l15x_tim1.o [1]
  .near_func.text    ro code  0x00b11e    0x55  stm8l15x_adc.o [1]
  .near_func.text    ro code  0x00b173    0x48  bsp_adc.o [1]
  .near_func.text    ro code  0x00b1bb    0x47  short.o [4]
  .near_func.text    ro code  0x00b202    0x43  bsp_pwm_timer.o [1]
  .near_func.text    ro code  0x00b245    0x43  xprintffull_nomb.o [4]
  .near_func.text    ro code  0x00b288    0x41  communication_handler.o [1]
  .near_func.text    ro code  0x00b2c9    0x41  stm8l15x_spi.o [1]
  .near_func.text    ro code  0x00b30a    0x41  xprintffull_nomb.o [4]
  .near_func.text    ro code  0x00b34b    0x3d  sprintf.o [4]
  .near_func.text    ro code  0x00b388    0x3c  bsp_input_gpio.o [1]
  .near_func.text    const    0x00b3c4    0x3c  xprintffull_nomb.o [4]
  .near_func.text    ro code  0x00b400    0x3b  stm8l15x_it.o [1]
  .near_func.text    ro code  0x00b43b    0x3a  stm8l15x_it.o [1]
  .near_func.text    ro code  0x00b475    0x3a  floor.o [4]
  .near_func.text    ro code  0x00b4af    0x38  bsp_spi.o [1]
  .near_func.text    ro code  0x00b4e7    0x37  xprintffull_nomb.o [4]
  .near_func.text    ro code  0x00b51e    0x36  battery_voltage.o [1]
  .near_func.text    ro code  0x00b554    0x35  battery_voltage.o [1]
  .near_func.text    ro code  0x00b589    0x33  bsp_input_gpio.o [1]
  .near_func.text    ro code  0x00b5bc    0x33  xprintffull_nomb.o [4]
  .near_func.text    ro code  0x00b5ef    0x31  stm8l15x_adc.o [1]
  .near_func.text    ro code  0x00b620    0x30  div.o [4]
  .near_func.text    ro code  0x00b650    0x2f  battery_voltage.o [1]
  .near_func.text    ro code  0x00b67f    0x2f  xprintffull_nomb.o [4]
  .near_func.text    ro code  0x00b6ae    0x2d  bsp_itc_config.o [1]
  .near_func.text    ro code  0x00b6db    0x2c  stm8l15x_gpio.o [1]
  .near_func.text    ro code  0x00b707    0x2c  dc_util.o [4]
  .near_func.text    ro code  0x00b733    0x2b  stm8l15x_adc.o [1]
  .near_func.text    ro code  0x00b75e    0x2a  stm8l15x_it.o [1]
  .near_func.text    ro code  0x00b788    0x28  init_small.o [4]
  .near_func.text    ro code  0x00b7b0    0x25  bsp_timing_delay.o [1]
  .near_func.text    ro code  0x00b7d5    0x24  bsp_clk_config.o [1]
  .near_func.text    ro code  0x00b7f9    0x24  bsp_input_gpio.o [1]
  .near_func.text    ro code  0x00b81d    0x24  bsp_timing_delay.o [1]
  .near_func.text    ro code  0x00b841    0x24  bsp_timing_delay.o [1]
  .near_func.text    ro code  0x00b865    0x24  stm8l15x_adc.o [1]
  .near_func.text    ro code  0x00b889    0x24  stm8l15x_tim1.o [1]
  .near_func.text    ro code  0x00b8ad    0x24  stm8l15x_tim2.o [1]
  .near_func.text    ro code  0x00b8d1    0x21  stm8l15x_exti.o [1]
  .near_func.text    ro code  0x00b8f2    0x21  stm8l15x_it.o [1]
  .near_func.text    ro code  0x00b913    0x21  memchr.o [4]
  .iar.init_table    const    0x00b934    0x12  - Linker created -
  .near_func.text    ro code  0x00b946    0x1f  bsp.o [1]
  .near_func.text    ro code  0x00b965    0x1f  memcpy.o [4]
  .near_func.text    ro code  0x00b984    0x1e  init_small.o [4]
  .near_func.text    ro code  0x00b9a2    0x1c  stm8l15x_it.o [1]
  .near_func.text    ro code  0x00b9be    0x1a  bsp_display.o [1]
  .near_func.text    ro code  0x00b9d8    0x1a  stm8l15x_spi.o [1]
  .near_func.text    ro code  0x00b9f2    0x1a  stm8l15x_tim2.o [1]
  .near_func.text    ro code  0x00ba0c    0x19  bsp_pwm_timer.o [1]
  .near_func.text    ro code  0x00ba25    0x19  stm8l15x_adc.o [1]
  .near_func.text    ro code  0x00ba3e    0x19  stm8l15x_spi.o [1]
  .near_func.text    ro code  0x00ba57    0x18  display_backlight.o [1]
  .near_func.text    ro code  0x00ba6f    0x18  display_backlight.o [1]
  .near_func.text    ro code  0x00ba87    0x15  strchr.o [4]
  .near_func.text    ro code  0x00ba9c    0x14  init.o [4]
  .near_func.text    ro code  0x00bab0    0x14  xprintffull_nomb.o [4]
  .near_func.text    ro code  0x00bac4    0x14  __dbg_xxexit.o [3]
  .near_func.text    ro code  0x00bad8    0x13  stm8l15x_clk.o [1]
  .near_func.text    ro code  0x00baeb    0x13  cstartup.o [4]
  .near_func.text    ro code  0x00bafe    0x12  stm8l15x_gpio.o [1]
  .near.rodata       const    0x00bb10    0x11  display_handler.o [1]
  .near.rodata       const    0x00bb21    0x11  display_handler.o [1]
  .near.rodata       const    0x00bb32    0x10  display_handler.o [1]
  .near_func.text    ro code  0x00bb42     0xf  bsp_timing_delay.o [1]
  .near_func.text    ro code  0x00bb51     0xf  thread_handler.o [1]
  .near.rodata       const    0x00bb60     0xe  display_handler.o [1]
  .near.rodata       const    0x00bb6e     0xe  display_handler.o [1]
  .near.rodata       const    0x00bb7c     0xe  display_handler.o [1]
  .near.rodata       const    0x00bb8a     0xd  display_handler.o [1]
  .near.rodata       const    0x00bb97     0xd  display_handler.o [1]
  .near.rodata       const    0x00bba4     0xd  display_handler.o [1]
  .near.rodata       const    0x00bbb1     0xd  display_handler.o [1]
  .near.rodata       const    0x00bbbe     0xd  display_handler.o [1]
  .near_func.text    ro code  0x00bbcb     0xd  stm8l15x_adc.o [1]
  .near_func.text    ro code  0x00bbd8     0xd  stm8l15x_clk.o [1]
  .near_func.text    ro code  0x00bbe5     0xd  stm8l15x_tim1.o [1]
  .near_func.text    ro code  0x00bbf2     0xd  stm8l15x_tim1.o [1]
  .near_func.text    ro code  0x00bbff     0xd  stm8l15x_tim1.o [1]
  .near_func.text    ro code  0x00bc0c     0xd  stm8l15x_tim1.o [1]
  .near_func.text    ro code  0x00bc19     0xd  stm8l15x_tim2.o [1]
  .near_func.text    ro code  0x00bc26     0xd  move.o [4]
  .near_func.text    ro code  0x00bc33     0xd  strlen.o [4]
  .near.rodata       const    0x00bc40     0xc  display_handler.o [1]
  .near.rodata       const    0x00bc4c     0xc  display_handler.o [1]
  .near.rodata       const    0x00bc58     0xc  display_handler.o [1]
  .near.rodata       const    0x00bc64     0xc  display_handler.o [1]
  .near.rodata       const    0x00bc70     0xc  display_handler.o [1]
  .near.rodata       const    0x00bc7c     0xc  display_handler.o [1]
  .near_func.text    ro code  0x00bc88     0xc  bsp_led.o [1]
  .near_func.text    ro code  0x00bc94     0xc  switch.o [4]
  .near_func.text    ro code  0x00bca0     0xc  xprintffull_nomb.o [4]
  .near.rodata       const    0x00bcac     0xb  display_handler.o [1]
  .near.rodata       const    0x00bcb7     0xb  display_handler.o [1]
  .near_func.text    ro code  0x00bcc2     0xb  main.o [1]
  .near_func.text    ro code  0x00bccd     0xb  stm8l15x_tim2.o [1]
  .near_func.text    ro code  0x00bcd8     0xb  char.o [4]
  .near_func.text    ro code  0x00bce3     0xb  xprintffull_nomb.o [4]
  .near_func.text    ro code  0x00bcee     0xb  xprintffull_nomb.o [4]
  .near_func.text    ro code  0x00bcf9     0xb  xprintffull_nomb.o [4]
  .near_func.text    ro code  0x00bd04     0xb  xsprout.o [4]
  Initializer bytes  const    0x00bd0f     0xb  <for P2-1>
  .near.rodata       const    0x00bd1a     0xa  display_handler.o [1]
  .near.rodata       const    0x00bd24     0xa  display_handler.o [1]
  .near.rodata       const    0x00bd2e     0xa  display_handler.o [1]
  .near_func.text    ro code  0x00bd38     0xa  xprintffull_nomb.o [4]
  .near.rodata       const    0x00bd42     0x9  display_handler.o [1]
  .near_func.text    ro code  0x00bd4b     0x9  battery_voltage.o [1]
  .near_func.text    ro code  0x00bd54     0x9  thread_handler.o [1]
  .near_func.text    ro code  0x00bd5d     0x9  xprintffull_nomb.o [4]
  .near_func.text    ro code  0x00bd66     0x9  xprintffull_nomb.o [4]
  .near_func.text    ro code  0x00bd6f     0x9  xprintffull_nomb.o [4]
  .near.rodata       const    0x00bd78     0x8  display_handler.o [1]
  .near_func.text    ro code  0x00bd80     0x8  bsp_led.o [1]
  .near_func.text    ro code  0x00bd88     0x8  bsp_led.o [1]
  .near_func.text    ro code  0x00bd90     0x8  bsp_led.o [1]
  .near_func.text    ro code  0x00bd98     0x8  bsp_led.o [1]
  .near_func.text    ro code  0x00bda0     0x8  xprintffull_nomb.o [4]
  .near_func.text    ro code  0x00bda8     0x8  xprintffull_nomb.o [4]
  .near_func.text    ro code  0x00bdb0     0x8  xprintffull_nomb.o [4]
  .near_func.text    ro code  0x00bdb8     0x8  xprintffull_nomb.o [4]
  .near.rodata       const    0x00bdc0     0x7  display_handler.o [1]
  .near.rodata       const    0x00bdc7     0x7  display_handler.o [1]
  .near.rodata       const    0x00bdce     0x7  display_handler.o [1]
  .near.rodata       const    0x00bdd5     0x7  xprintffull_nomb.o [4]
  .near_func.text    ro code  0x00bddc     0x7  stm8l15x_gpio.o [1]
  .near_func.text    ro code  0x00bde3     0x7  stm8l15x_gpio.o [1]
  .near_func.text    ro code  0x00bdea     0x7  xprintffull_nomb.o [4]
  .near_func.text    ro code  0x00bdf1     0x7  xprintffull_nomb.o [4]
  .near_func.text    ro code  0x00bdf8     0x6  battery_voltage.o [1]
  .near_func.text    ro code  0x00bdfe     0x6  bsp_timing_delay.o [1]
  .near_func.text    ro code  0x00be04     0x6  display_backlight.o [1]
  .near_func.text    ro code  0x00be0a     0x6  display_handler.o [1]
  .near_func.text    ro code  0x00be10     0x6  xprintffull_nomb.o [4]
  .near_func.text    ro code  0x00be16     0x6  xprintffull_nomb.o [4]
  .near_func.text    ro code  0x00be1c     0x6  xprintffull_nomb.o [4]
  .near_func.text    ro code  0x00be22     0x6  xprintffull_nomb.o [4]
  .near_func.text    ro code  0x00be28     0x6  xprintffull_nomb.o [4]
  .near_func.text    ro code  0x00be2e     0x5  stm8l15x_adc.o [1]
  .near_func.text    ro code  0x00be33     0x5  stm8l15x_tim2.o [1]
  .near_func.text    ro code  0x00be38     0x5  xprintffull_nomb.o [4]
  .near_func.text    ro code  0x00be3d     0x5  cexit.o [4]
  .near.rodata       const    0x00be42     0x4  xprintffull_nomb.o [4]
  .near.rodata       const    0x00be46     0x4  xprintffull_nomb.o [4]
  .near.rodata       const    0x00be4a     0x4  xprintffull_nomb.o [4]
  .near.rodata       const    0x00be4e     0x4  xprintffull_nomb.o [4]
  .near_func.text    ro code  0x00be52     0x4  stm8l15x_clk.o [1]
  .near_func.text    ro code  0x00be56     0x4  stm8l15x_clk.o [1]
  .near_func.text    ro code  0x00be5a     0x4  stm8l15x_clk.o [1]
  .near_func.text    ro code  0x00be5e     0x4  stm8l15x_gpio.o [1]
  .near_func.text    ro code  0x00be62     0x3  interrupt.o [4]
  .near_func.text    ro code  0x00be65     0x3  low_level_init.o [4]
  .near_func.text    ro code  0x00be68     0x3  exit.o [4]
  .near_func.text    ro code  0x00be6b     0x3  unhandled_exception.o [4]
  .near.rodata       const    0x00be6e     0x2  bsp_rf_com.o [1]
  .near.rodata       const    0x00be70     0x2  xprintffull_nomb.o [4]
  .near_func.text    ro code  0x00be72     0x1  stm8l15x_it.o [1]
  .near_func.text    ro code  0x00be73     0x1  stm8l15x_it.o [1]
  .near_func.text    ro code  0x00be74     0x1  stm8l15x_it.o [1]
  .near_func.text    ro code  0x00be75     0x1  stm8l15x_it.o [1]
  .near_func.text    ro code  0x00be76     0x1  stm8l15x_it.o [1]
  .near_func.text    ro code  0x00be77     0x1  stm8l15x_it.o [1]
  .near_func.text    ro code  0x00be78     0x1  stm8l15x_it.o [1]
  .near_func.text    ro code  0x00be79     0x1  stm8l15x_it.o [1]
  .near_func.text    ro code  0x00be7a     0x1  stm8l15x_it.o [1]
  .near_func.text    ro code  0x00be7b     0x1  stm8l15x_it.o [1]
  .near_func.text    ro code  0x00be7c     0x1  stm8l15x_it.o [1]
  .near_func.text    ro code  0x00be7d     0x1  stm8l15x_it.o [1]
  .near_func.text    ro code  0x00be7e     0x1  stm8l15x_it.o [1]
  .near_func.text    ro code  0x00be7f     0x1  stm8l15x_it.o [1]
  .near_func.text    ro code  0x00be80     0x1  stm8l15x_it.o [1]
  .near_func.text    ro code  0x00be81     0x1  stm8l15x_it.o [1]
  .near_func.text    ro code  0x00be82     0x1  stm8l15x_it.o [1]
  .near_func.text    ro code  0x00be83     0x1  stm8l15x_it.o [1]
  .near_func.text    ro code  0x00be84     0x1  stm8l15x_it.o [1]
  .near_func.text    ro code  0x00be85     0x1  stm8l15x_it.o [1]
  .near_func.text    ro code  0x00be86     0x1  stm8l15x_it.o [1]
  .near_func.text    ro code  0x00be87     0x1  stm8l15x_it.o [1]
  .near_func.text    ro code  0x00be88     0x1  stm8l15x_it.o [1]
  .near_func.text    ro code  0x00be89     0x1  stm8l15x_it.o [1]
  .near_func.text    ro code  0x00be8a     0x1  stm8l15x_it.o [1]
  .near_func.text    ro code  0x00be8b     0x1  __dbg_break.o [3]
                            - 0x00be8c  0x3e0c


*******************************************************************************
*** INIT TABLE
***

          Address   Size
          -------   ----
Zero (__iar_zero_init2)
    1 destination range, total size 0xce:
          0x00001b  0xce

Copy (__iar_copy_init2)
    1 source range, total size 0xb:
          0x00bd0f   0xb
    1 destination range, total size 0xb:
          0x000010   0xb



*******************************************************************************
*** MODULE SUMMARY
***

    Module                   ro code  ro data  rw data
    ------                   -------  -------  -------
D:\STM8Workspace\FT-TRSY\FT_TRMT_FW\Debug\Obj: [1]
    battery_voltage.o            169                 9
    bsp.o                         31
    bsp_adc.o                    342
    bsp_clk_config.o              36
    bsp_display.o                577
    bsp_input_gpio.o             147                 4
    bsp_itc_config.o              45
    bsp_led.o                     44
    bsp_pwm_timer.o               92
    bsp_rf_com.o               2 027      452       66
    bsp_spi.o                     56
    bsp_timing_delay.o           130                 8
    communication_handler.o       65        1       42
    display_backlight.o           54        2        2
    display_handler.o          1 909      327       86
    main.o                        11
    stm8l15x_adc.o               256
    stm8l15x_clk.o               333
    stm8l15x_exti.o              302
    stm8l15x_gpio.o              222
    stm8l15x_it.o                245
    stm8l15x_itc.o               275
    stm8l15x_spi.o               116
    stm8l15x_tim1.o              185
    stm8l15x_tim2.o               91
    thread_handler.o              24
    --------------------------------------------------
    Total:                     7 784      782      217

command line: [2]
    --------------------------------------------------
    Total:

dbgstm8smd.a: [3]
    __dbg_break.o                  1
    __dbg_xxexit.o                20
    --------------------------------------------------
    Total:                        21

dlstm8smn.a: [4]
    cexit.o                        5
    char.o                        11
    cstartup.o                    19
    dc_util.o                     44
    div.o                         48
    exit.o                         3
    float.o                    1 206
    float_libsup.o               353
    floor.o                       58
    init.o                        20
    init_small.o                  70
    interrupt.o                    3      128
    long.o                       526
    long_util.o                  114
    low_level_init.o               3
    memchr.o                      33
    memcpy.o                      31
    move.o                        13
    short.o                       71
    sprintf.o                     61
    strchr.o                      21
    strlen.o                      13
    switch.o                      12
    unhandled_exception.o          3
    vreg_util.o                  339
    vregs.o                                         16
    xdint.o                      203
    xprintffull_nomb.o         3 900       85
    xsprout.o                     11
    --------------------------------------------------
    Total:                     7 194      213       16

    Linker created                         18      512
------------------------------------------------------
    Grand Total:              14 999    1 013      745


*******************************************************************************
*** ENTRY LIST
***

Entry                    Address   Size  Type      Object
-----                    -------   ----  ----      ------
.iar.init_table$$Base   0x00b934          --   Gb  - Linker created -
.iar.init_table$$Limit  0x00b946          --   Gb  - Linker created -
?add32_l0_l0_0x         0x00a2ed         Code  Gb  long.o [4]
?add32_l0_l0_dl         0x00a2e5         Code  Gb  long.o [4]
?add32_l0_l0_l1         0x00a2ea         Code  Gb  long.o [4]
?and32_l0_l0_0x         0x00a472         Code  Gb  long.o [4]
?and32_l0_l0_l1         0x00a46f         Code  Gb  long.o [4]
?b0                     0x000000         Data  Gb  vregs.o [4]
?b1                     0x000001         Data  Gb  vregs.o [4]
?b10                    0x00000a         Data  Gb  vregs.o [4]
?b11                    0x00000b         Data  Gb  vregs.o [4]
?b12                    0x00000c         Data  Gb  vregs.o [4]
?b13                    0x00000d         Data  Gb  vregs.o [4]
?b14                    0x00000e         Data  Gb  vregs.o [4]
?b15                    0x00000f         Data  Gb  vregs.o [4]
?b2                     0x000002         Data  Gb  vregs.o [4]
?b3                     0x000003         Data  Gb  vregs.o [4]
?b4                     0x000004         Data  Gb  vregs.o [4]
?b5                     0x000005         Data  Gb  vregs.o [4]
?b6                     0x000006         Data  Gb  vregs.o [4]
?b7                     0x000007         Data  Gb  vregs.o [4]
?b8                     0x000008         Data  Gb  vregs.o [4]
?b9                     0x000009         Data  Gb  vregs.o [4]
?dc32_l0                0x00b70e         Code  Gb  dc_util.o [4]
?dc32_l1                0x00b71b         Code  Gb  dc_util.o [4]
?dc32_px                0x00b728         Code  Gb  dc_util.o [4]
?dc8_px                 0x00b707         Code  Gb  dc_util.o [4]
?dec32_0x_0x            0x00a2d1         Code  Gb  long.o [4]
?dec32_l0_l0            0x00a2cc         Code  Gb  long.o [4]
?e0                     0x000001         Data  Gb  vregs.o [4]
?e1                     0x000005         Data  Gb  vregs.o [4]
?e2                     0x000009         Data  Gb  vregs.o [4]
?e3                     0x00000d         Data  Gb  vregs.o [4]
?epilogue_l2            0x00a9ee         Code  Gb  vreg_util.o [4]
?epilogue_l2_l3         0x00a9eb         Code  Gb  vreg_util.o [4]
?epilogue_w4            0x00a9f2         Code  Gb  vreg_util.o [4]
?fadd32_l0_l0_0x        0x009005         Code  Gb  float.o [4]
?fadd32_l0_l0_dc32      0x009000         Code  Gb  float.o [4]
?fadd32_l0_l0_l1        0x009008         Code  Gb  float.o [4]
?fcastf32s32_l0_l0      0x00933f         Code  Gb  float.o [4]
?fcastf32u32_l0_l0      0x00934a         Code  Gb  float.o [4]
?fcasts16f32_x_l0       0x009292         Code  Gb  float.o [4]
?fcasts32f32_l0_l0      0x0092de         Code  Gb  float.o [4]
?fcastu32f32_l0_l0      0x0092c7         Code  Gb  float.o [4]
?fcmpge32_c_l0_0x       0x009233         Code  Gb  float.o [4]
?fcmpge32_c_l0_dc32     0x00922e         Code  Gb  float.o [4]
?fcmplt32_c_l0_0x       0x00923c         Code  Gb  float.o [4]
?fcmplt32_c_l0_dc32     0x009237         Code  Gb  float.o [4]
?fdiv32_l0_dc32_l1      0x009176         Code  Gb  float.o [4]
?fdiv32_l0_l0_dc32      0x00917b         Code  Gb  float.o [4]
?fdiv32_l0_l0_l1        0x009180         Code  Gb  float.o [4]
?fmul32_l0_l0_dc32      0x0090d6         Code  Gb  float.o [4]
?fmul32_l0_l0_l1        0x0090db         Code  Gb  float.o [4]
?fsub32_l0_l0_0x        0x008ff7         Code  Gb  float.o [4]
?fsub32_l0_l0_l1        0x008ffa         Code  Gb  float.o [4]
?inc32_0x_0x            0x00a2be         Code  Gb  long.o [4]
?inc32_l0_l0            0x00a2b9         Code  Gb  long.o [4]
?l0                     0x000000         Data  Gb  vregs.o [4]
?l1                     0x000004         Data  Gb  vregs.o [4]
?l2                     0x000008         Data  Gb  vregs.o [4]
?l3                     0x00000c         Data  Gb  vregs.o [4]
?load32_0x_l0           0x00b090         Code  Gb  long_util.o [4]
?load32_0x_l2           0x00b0af         Code  Gb  long_util.o [4]
?load32_asp_l0          0x00b084         Code  Gb  long_util.o [4]
?load32_asp_l2          0x00b0a3         Code  Gb  long_util.o [4]
?load32_dbsp_l0         0x00b07f         Code  Gb  long_util.o [4]
?load32_dbsp_l2         0x00b09e         Code  Gb  long_util.o [4]
?load32_l0_0x           0x00b05b         Code  Gb  long_util.o [4]
?load32_l0_asp          0x00b050         Code  Gb  long_util.o [4]
?load32_l0_dbsp         0x00b04b         Code  Gb  long_util.o [4]
?load32_l0_xsp          0x00b052         Code  Gb  long_util.o [4]
?load32_l1_0x           0x00b067         Code  Gb  long_util.o [4]
?load32_l2_0x           0x00b073         Code  Gb  long_util.o [4]
?load32_xsp_l0          0x00b086         Code  Gb  long_util.o [4]
?load32_xsp_l2          0x00b0a5         Code  Gb  long_util.o [4]
?mov_e0_e1              0x00aa31         Code  Gb  vreg_util.o [4]
?mov_e0_e2              0x00aa3e         Code  Gb  vreg_util.o [4]
?mov_e0_e3              0x00aa4b         Code  Gb  vreg_util.o [4]
?mov_e1_e0              0x00aa58         Code  Gb  vreg_util.o [4]
?mov_e1_e2              0x00aa65         Code  Gb  vreg_util.o [4]
?mov_e1_e3              0x00aa72         Code  Gb  vreg_util.o [4]
?mov_e2_e0              0x00aa7f         Code  Gb  vreg_util.o [4]
?mov_e3_e0              0x00aa8c         Code  Gb  vreg_util.o [4]
?mov_e3_e1              0x00aa99         Code  Gb  vreg_util.o [4]
?mov_l0_l1              0x00aa2e         Code  Gb  vreg_util.o [4]
?mov_l0_l2              0x00aa3b         Code  Gb  vreg_util.o [4]
?mov_l0_l3              0x00aa48         Code  Gb  vreg_util.o [4]
?mov_l1_l0              0x00aa55         Code  Gb  vreg_util.o [4]
?mov_l1_l2              0x00aa62         Code  Gb  vreg_util.o [4]
?mov_l1_l3              0x00aa6f         Code  Gb  vreg_util.o [4]
?mov_l2_l0              0x00aa7c         Code  Gb  vreg_util.o [4]
?mov_l3_l0              0x00aa89         Code  Gb  vreg_util.o [4]
?mov_l3_l1              0x00aa96         Code  Gb  vreg_util.o [4]
?mov_w0_w1              0x00a9f6         Code  Gb  vreg_util.o [4]
?mov_w0_w5              0x00a9fd         Code  Gb  vreg_util.o [4]
?mov_w1_w0              0x00aa04         Code  Gb  vreg_util.o [4]
?mov_w1_w3              0x00aa34         Code  Gb  vreg_util.o [4]
?mov_w1_w5              0x00aa41         Code  Gb  vreg_util.o [4]
?mov_w1_w7              0x00aa4e         Code  Gb  vreg_util.o [4]
?mov_w2_w0              0x00aa0b         Code  Gb  vreg_util.o [4]
?mov_w2_w1              0x00aa12         Code  Gb  vreg_util.o [4]
?mov_w3_w1              0x00aa5b         Code  Gb  vreg_util.o [4]
?mov_w3_w5              0x00aa68         Code  Gb  vreg_util.o [4]
?mov_w3_w7              0x00aa75         Code  Gb  vreg_util.o [4]
?mov_w4_w0              0x00aa19         Code  Gb  vreg_util.o [4]
?mov_w4_w1              0x00aa20         Code  Gb  vreg_util.o [4]
?mov_w5_w0              0x00aa27         Code  Gb  vreg_util.o [4]
?mov_w5_w1              0x00aa82         Code  Gb  vreg_util.o [4]
?mov_w7_w1              0x00aa8f         Code  Gb  vreg_util.o [4]
?mov_w7_w3              0x00aa9c         Code  Gb  vreg_util.o [4]
?move1616_v_x_y_a       0x00bc26         Code  Gb  move.o [4]
?mul16_x_x_w0           0x00b1bb         Code  Gb  short.o [4]
?mul32_l0_l0_0x         0x00a308         Code  Gb  long.o [4]
?mul32_l0_l0_dl         0x00a305         Code  Gb  long.o [4]
?mul32_l0_l0_l1         0x00a311         Code  Gb  long.o [4]
?neg32_l0_l0            0x00a2a9         Code  Gb  long.o [4]
?pop_l0                 0x00a9b7         Code  Gb  vreg_util.o [4]
?pop_l1                 0x00a9c2         Code  Gb  vreg_util.o [4]
?pop_l2                 0x00a9cd         Code  Gb  vreg_util.o [4]
?pop_l3                 0x00a9d8         Code  Gb  vreg_util.o [4]
?pop_w4                 0x00a977         Code  Gb  vreg_util.o [4]
?push_l0                0x00a986         Code  Gb  vreg_util.o [4]
?push_l1                0x00a98b         Code  Gb  vreg_util.o [4]
?push_l2                0x00a990         Code  Gb  vreg_util.o [4]
?push_l3                0x00a995         Code  Gb  vreg_util.o [4]
?push_w0                0x00a950         Code  Gb  vreg_util.o [4]
?push_w1                0x00a955         Code  Gb  vreg_util.o [4]
?push_w4                0x00a95a         Code  Gb  vreg_util.o [4]
?push_w5                0x00a95f         Code  Gb  vreg_util.o [4]
?scmp32_c_l0_l1         0x00a458         Code  Gb  long.o [4]
?sdiv16_x_x_y           0x00b1d9         Code  Gb  short.o [4]
?sdiv32_l0_l0_dl        0x00a404         Code  Gb  long.o [4]
?sdiv32_l0_l0_l1        0x00a407         Code  Gb  long.o [4]
?sext32_l0_a            0x00a4aa         Code  Gb  long.o [4]
?sext32_l0_x            0x00a49f         Code  Gb  long.o [4]
?sll16_x_x_a            0x00b1f2         Code  Gb  short.o [4]
?sll8_a_a_5             0x00bcd8         Code  Gb  char.o [4]
?smod32_l1_l0_l1        0x00a407         Code  Gb  long.o [4]
?sra32_0x_0x_a          0x00a491         Code  Gb  long.o [4]
?sra32_l0_l0_a          0x00a48e         Code  Gb  long.o [4]
?sra32_l0_l0_db         0x00a48a         Code  Gb  long.o [4]
?srl16_x_x_4            0x00b1fd         Code  Gb  short.o [4]
?srl16_x_x_5            0x00b1fc         Code  Gb  short.o [4]
?srl16_x_x_6            0x00b1fb         Code  Gb  short.o [4]
?srl16_x_x_7            0x00b1fa         Code  Gb  short.o [4]
?srl8_a_a_5             0x00bcde         Code  Gb  char.o [4]
?srl8_a_a_6             0x00bcdd         Code  Gb  char.o [4]
?switch8vlt_0x_a_0x     0x00bc94         Code  Gb  switch.o [4]
?ucmp32_c_l0_l1         0x00a44d         Code  Gb  long.o [4]
?udiv32_l0_l0_dl        0x00a394         Code  Gb  long.o [4]
?udiv32_l0_l0_l1        0x00a397         Code  Gb  long.o [4]
?umod32_l1_l0_dl        0x00a38f         Code  Gb  long.o [4]
?umod32_l1_l0_l1        0x00a397         Code  Gb  long.o [4]
?w0                     0x000000         Data  Gb  vregs.o [4]
?w1                     0x000002         Data  Gb  vregs.o [4]
?w2                     0x000004         Data  Gb  vregs.o [4]
?w3                     0x000006         Data  Gb  vregs.o [4]
?w4                     0x000008         Data  Gb  vregs.o [4]
?w5                     0x00000a         Data  Gb  vregs.o [4]
?w6                     0x00000c         Data  Gb  vregs.o [4]
?w7                     0x00000e         Data  Gb  vregs.o [4]
ADC1_COMP_IRQHandler    0x00be80    0x1  Code  Gb  stm8l15x_it.o [1]
ADC_ChannelCmd          0x00b11e   0x55  Code  Gb  stm8l15x_adc.o [1]
ADC_Cmd                 0x00bbcb    0xd  Code  Gb  stm8l15x_adc.o [1]
ADC_GetConversionValue  0x00b733   0x2b  Code  Gb  stm8l15x_adc.o [1]
ADC_GetFlagStatus       0x00ba25   0x19  Code  Gb  stm8l15x_adc.o [1]
ADC_Init                0x00b865   0x24  Code  Gb  stm8l15x_adc.o [1]
ADC_SamplingTimeConfig  0x00b5ef   0x31  Code  Gb  stm8l15x_adc.o [1]
ADC_SoftwareStartConv   0x00be2e    0x5  Code  Gb  stm8l15x_adc.o [1]
BatteryMeasureFlag      0x0000dc    0x1  Data  Gb  battery_voltage.o [1]
BatteryMeasureHandler   0x00b554   0x35  Code  Gb  battery_voltage.o [1]
BatteryMeasureTimeHandler
                        0x00b650   0x2f  Code  Gb  battery_voltage.o [1]
BrightnessHandler       0x00be04    0x6  Code  Gb  display_backlight.o [1]
ButtonFilterTimeHandler
                        0x00b7f9   0x24  Code  Gb  bsp_input_gpio.o [1]
ButtonInterruptHandler  0x00b388   0x3c  Code  Gb  bsp_input_gpio.o [1]
CLK_Config              0x00b7d5   0x24  Code  Gb  bsp_clk_config.o [1]
CLK_GetFlagStatus       0x00ad8e   0x98  Code  Gb  stm8l15x_clk.o [1]
CLK_GetSYSCLKSource     0x00be56    0x4  Code  Gb  stm8l15x_clk.o [1]
CLK_HSEConfig           0x00bad8   0x13  Code  Gb  stm8l15x_clk.o [1]
CLK_PeripheralClockConfig
                        0x00aeb4   0x89  Code  Gb  stm8l15x_clk.o [1]
CLK_SYSCLKDivConfig     0x00be5a    0x4  Code  Gb  stm8l15x_clk.o [1]
CLK_SYSCLKSourceConfig  0x00be52    0x4  Code  Gb  stm8l15x_clk.o [1]
CLK_SYSCLKSourceSwitchCmd
                        0x00bbd8    0xd  Code  Gb  stm8l15x_clk.o [1]
CSTACK$$Base            0x000600          --   Gb  - Linker created -
CSTACK$$Limit           0x000800          --   Gb  - Linker created -
CommunicationHandler    0x00b288   0x41  Code  Gb  communication_handler.o [1]
DMA1_CHANNEL0_1_IRQHandler
                        0x00be74    0x1  Code  Gb  stm8l15x_it.o [1]
DMA1_CHANNEL2_3_IRQHandler
                        0x00be75    0x1  Code  Gb  stm8l15x_it.o [1]
DecreaseBrightness      0x00ba6f   0x18  Code  Gb  display_backlight.o [1]
Delay                   0x00b81d   0x24  Code  Gb  bsp_timing_delay.o [1]
DisplayClearedState     0x0000e8    0x1  Data  Gb  display_handler.o [1]
DisplayComTimeout       0x0000e7    0x1  Data  Gb  display_handler.o [1]
DisplayDiagPage         0x0000e6    0x1  Data  Gb  display_handler.o [1]
DisplayDownButtonPressed
                        0x008f49   0x49  Code  Gb  display_handler.o [1]
DisplayGetSpeedRef      0x00be0a    0x6  Code  Gb  display_handler.o [1]
DisplayHandler          0x008dca    0x6  Code  Gb  display_handler.o [1]
DisplayLeftButtonPressed
                        0x008e4a   0x5a  Code  Gb  display_handler.o [1]
DisplayMessageArrived   0x008e2d   0x15  Code  Gb  display_handler.o [1]
DisplayOkButtonPressed  0x008f92   0x48  Code  Gb  display_handler.o [1]
DisplayPwm              0x000011    0x2  Data  Gb  display_backlight.o [1]
DisplayRightButtonPressed
                        0x008ea4   0x5a  Code  Gb  display_handler.o [1]
DisplayState            0x0000e5    0x1  Data  Gb  display_handler.o [1]
DisplayStateMachineHandler
                        0x008873  0x557  Code  Gb  display_handler.o [1]
DisplaySwitchComTimeoutState
                        0x008dd0   0x13  Code  Gb  display_handler.o [1]
DisplaySwitchDiagPage   0x008e42    0x8  Code  Gb  display_handler.o [1]
DisplaySwitchState      0x00886b    0x8  Code  Gb  display_handler.o [1]
DisplayTimeHandler      0x008de3   0x4a  Code  Gb  display_handler.o [1]
DisplayUpButtonPressed  0x008efe   0x4b  Code  Gb  display_handler.o [1]
EXTI0_IRQHandler        0x00be7a    0x1  Code  Gb  stm8l15x_it.o [1]
EXTI1_IRQHandler        0x00be7b    0x1  Code  Gb  stm8l15x_it.o [1]
EXTI2_IRQHandler        0x00be7c    0x1  Code  Gb  stm8l15x_it.o [1]
EXTI3_IRQHandler        0x00b9a2   0x1c  Code  Gb  stm8l15x_it.o [1]
EXTI4_IRQHandler        0x00b75e   0x2a  Code  Gb  stm8l15x_it.o [1]
EXTI5_IRQHandler        0x00b43b   0x3a  Code  Gb  stm8l15x_it.o [1]
EXTI6_IRQHandler        0x00b400   0x3b  Code  Gb  stm8l15x_it.o [1]
EXTI7_IRQHandler        0x00be7d    0x1  Code  Gb  stm8l15x_it.o [1]
EXTIB_G_IRQHandler      0x00be78    0x1  Code  Gb  stm8l15x_it.o [1]
EXTID_H_IRQHandler      0x00be79    0x1  Code  Gb  stm8l15x_it.o [1]
EXTIE_F_PVD_IRQHandler  0x00be77    0x1  Code  Gb  stm8l15x_it.o [1]
EXTI_ClearITPendingBit  0x00b8d1   0x21  Code  Gb  stm8l15x_exti.o [1]
EXTI_SetPinSensitivity  0x00abb6  0x10d  Code  Gb  stm8l15x_exti.o [1]
EnableRFM22B            0x00850b    0xd  Code  Gb  bsp_rf_com.o [1]
FLASH_IRQHandler        0x00be73    0x1  Code  Gb  stm8l15x_it.o [1]
GPIO_ExternalPullUpConfig
                        0x00b6db   0x2c  Code  Gb  stm8l15x_gpio.o [1]
GPIO_Init               0x00ae26   0x8e  Code  Gb  stm8l15x_gpio.o [1]
GPIO_ReadInputDataBit   0x00bde3    0x7  Code  Gb  stm8l15x_gpio.o [1]
GPIO_ResetBits          0x00be5e    0x4  Code  Gb  stm8l15x_gpio.o [1]
GPIO_SetBits            0x00bddc    0x7  Code  Gb  stm8l15x_gpio.o [1]
GPIO_WriteBit           0x00bafe   0x12  Code  Gb  stm8l15x_gpio.o [1]
GetFilteredBatteryVoltage
                        0x00bdf8    0x6  Code  Gb  battery_voltage.o [1]
I2C1_SPI2_IRQHandler    0x00be8a    0x1  Code  Gb  stm8l15x_it.o [1]
INTVEC$$Base            0x008000          --   Gb  - Linker created -
INTVEC$$Limit           0x008080          --   Gb  - Linker created -
ITC_Config              0x00b6ae   0x2d  Code  Gb  bsp_itc_config.o [1]
ITC_SetSoftwarePriority
                        0x00aaa3  0x113  Code  Gb  stm8l15x_itc.o [1]
IncreaseBrightness      0x00ba57   0x18  Code  Gb  display_backlight.o [1]
InitAdc                 0x00b173   0x48  Code  Gb  bsp_adc.o [1]
InitBatteryMeasure      0x00bd4b    0x9  Code  Gb  battery_voltage.o [1]
InitHardware            0x00b946   0x1f  Code  Gb  bsp.o [1]
InitInputGpio           0x00b589   0x33  Code  Gb  bsp_input_gpio.o [1]
InitLed                 0x00bc88    0xc  Code  Gb  bsp_led.o [1]
InitPwmTimer            0x00b202   0x43  Code  Gb  bsp_pwm_timer.o [1]
InitSpi                 0x00b4af   0x38  Code  Gb  bsp_spi.o [1]
LCD_AES_IRQHandler      0x00be7e    0x1  Code  Gb  stm8l15x_it.o [1]
LCD_CLEAR_DISPLAY       0x00a123    0xf  Code  Gb  bsp_display.o [1]
LCD_CMD                 0x00a082   0xa1  Code  Gb  bsp_display.o [1]
LCD_ENABLE              0x00b9be   0x1a  Code  Gb  bsp_display.o [1]
LCD_INIT                0x00a132   0x81  Code  Gb  bsp_display.o [1]
LCD_LOCATE              0x00a26e   0x3b  Code  Gb  bsp_display.o [1]
LCD_printchar           0x00a1b3   0xa1  Code  Gb  bsp_display.o [1]
LCD_printstring         0x00a254   0x1a  Code  Gb  bsp_display.o [1]
LcdLineBuffer           0x00009f   0x11  Data  Gb  display_handler.o [1]
LoadInt                 0x00b30a   0x41  Code  Lc  xprintffull_nomb.o [4]
LoopThread              0x00bb51    0xf  Code  Gb  thread_handler.o [1]
MODEM_CONFIG_TABLE      0x00a4b7  0x1c2  Data  Lc  bsp_rf_com.o [1]
MilliThread             0x00bd54    0x9  Code  Gb  thread_handler.o [1]
NselRFM22B              0x0080af    0xa  Code  Gb  bsp_rf_com.o [1]
RF22init                0x00840a  0x101  Code  Gb  bsp_rf_com.o [1]
RTC_CSSLSE_IRQHandler   0x00be76    0x1  Code  Gb  stm8l15x_it.o [1]
ReadBatteryVoltage      0x00b51e   0x36  Code  Gb  battery_voltage.o [1]
ReadBurstRFM22B         0x00856d   0x86  Code  Gb  bsp_rf_com.o [1]
ReadSingleRFM22B        0x00838b   0x6d  Code  Gb  bsp_rf_com.o [1]
Region$$Table$$Base     0x00b934          --   Gb  - Linker created -
Region$$Table$$Limit    0x00b946          --   Gb  - Linker created -
ResetGreenLed           0x00bd88    0x8  Code  Gb  bsp_led.o [1]
ResetRedLed             0x00bd98    0x8  Code  Gb  bsp_led.o [1]
RfComInit               0x008520   0x4d  Code  Gb  bsp_rf_com.o [1]
SPI1_IRQHandler         0x00be87    0x1  Code  Gb  stm8l15x_it.o [1]
SPI_Cmd                 0x00b9d8    0xd  Code  Gb  stm8l15x_spi.o [1]
SPI_GetFlagStatus       0x00ba3e   0x19  Code  Gb  stm8l15x_spi.o [1]
SPI_Init                0x00b2c9   0x41  Code  Gb  stm8l15x_spi.o [1]
SPI_ReceiveData         0x00b9ed    0x5  Code  Gb  stm8l15x_spi.o [1]
SPI_SendData            0x00b9e5    0x8  Code  Gb  stm8l15x_spi.o [1]
SWITCH_CSS_BREAK_DAC_IRQHandler
                        0x00be7f    0x1  Code  Gb  stm8l15x_it.o [1]
SetGreenLed             0x00bd80    0x8  Code  Gb  bsp_led.o [1]
SetPwm                  0x00ba0c   0x19  Code  Gb  bsp_pwm_timer.o [1]
SetRedLed               0x00bd90    0x8  Code  Gb  bsp_led.o [1]
ShutdownRFM22B          0x008518    0x8  Code  Gb  bsp_rf_com.o [1]
SysTick                 0x0000c0    0x4  Data  Gb  bsp_timing_delay.o [1]
SysTickHandler          0x00bb42    0xf  Code  Gb  bsp_timing_delay.o [1]
TIM1_ARRPreloadConfig   0x00bbe5    0xd  Code  Gb  stm8l15x_tim1.o [1]
TIM1_CC_IRQHandler      0x00be85    0x1  Code  Gb  stm8l15x_it.o [1]
TIM1_Cmd                0x00bbf2    0xd  Code  Gb  stm8l15x_tim1.o [1]
TIM1_CtrlPWMOutputs     0x00bbff    0xd  Code  Gb  stm8l15x_tim1.o [1]
TIM1_OC3Init            0x00b0bd   0x61  Code  Gb  stm8l15x_tim1.o [1]
TIM1_OC3PreloadConfig   0x00bc0c    0xd  Code  Gb  stm8l15x_tim1.o [1]
TIM1_TimeBaseInit       0x00b889   0x24  Code  Gb  stm8l15x_tim1.o [1]
TIM1_UPD_OVF_TRG_COM_IRQHandler
                        0x00be84    0x1  Code  Gb  stm8l15x_it.o [1]
TIM2_CC_USART2_RX_IRQHandler
                        0x00be81    0x1  Code  Gb  stm8l15x_it.o [1]
TIM2_ClearFlag          0x00bccd    0xb  Code  Gb  stm8l15x_tim2.o [1]
TIM2_ClearITPendingBit  0x00be33    0x5  Code  Gb  stm8l15x_tim2.o [1]
TIM2_Cmd                0x00bc19    0xd  Code  Gb  stm8l15x_tim2.o [1]
TIM2_ITConfig           0x00b9f2   0x1a  Code  Gb  stm8l15x_tim2.o [1]
TIM2_TimeBaseInit       0x00b8ad   0x24  Code  Gb  stm8l15x_tim2.o [1]
TIM2_UPD_OVF_TRG_BRK_USART2_TX_IRQHandler
                        0x00b8f2   0x21  Code  Gb  stm8l15x_it.o [1]
TIM3_CC_USART3_RX_IRQHandler
                        0x00be83    0x1  Code  Gb  stm8l15x_it.o [1]
TIM3_UPD_OVF_TRG_BRK_USART3_TX_IRQHandler
                        0x00be82    0x1  Code  Gb  stm8l15x_it.o [1]
TIM4_UPD_OVF_TRG_IRQHandler
                        0x00be86    0x1  Code  Gb  stm8l15x_it.o [1]
TRAP_IRQHandler         0x00be72    0x1  Code  Gb  stm8l15x_it.o [1]
TelescopeData           0x000076   0x29  Data  Gb  display_handler.o [1]
TelescopeInputMessage   0x00004d   0x29  Data  Gb  communication_handler.o [1]
TimingDelay             0x0000bc    0x4  Data  Lc  bsp_timing_delay.o [1]
TimingDelay_Decrement   0x00b841   0x24  Code  Gb  bsp_timing_delay.o [1]
TimingDelay_Init        0x00b7b0   0x25  Code  Gb  bsp_timing_delay.o [1]
USART1_RX_TIM5_CC_IRQHandler
                        0x00be89    0x1  Code  Gb  stm8l15x_it.o [1]
USART1_TX_TIM5_UPD_OVF_TRG_BRK_IRQHandler
                        0x00be88    0x1  Code  Gb  stm8l15x_it.o [1]
WriteBurstRFM22B        0x00812a   0x5f  Code  Gb  bsp_rf_com.o [1]
WriteSingleRFM22B       0x0080b9   0x6a  Code  Gb  bsp_rf_com.o [1]
_GenldFullNoMb          0x009cff  0x383  Code  Lc  xprintffull_nomb.o [4]
_LdtobFullNoMb          0x0098ed  0x412  Code  Lc  xprintffull_nomb.o [4]
_LitobFullNoMb          0x00a679  0x176  Code  Lc  xprintffull_nomb.o [4]
_PrintfFullNoMb         0x009490  0x45d  Code  Gb  xprintffull_nomb.o [4]
_PutcharFullNoMb        0x00b67f   0x2f  Code  Lc  xprintffull_nomb.o [4]
_PutcharsFullNoMb       0x00b5bc   0x33  Code  Lc  xprintffull_nomb.o [4]
_SProut                 0x00bd04    0xb  Code  Gb  xsprout.o [4]
__DebugBreak            0x00be8b    0x1  Code  Gb  __dbg_break.o [3]
__exit                  0x00bac4   0x14  Code  Gb  __dbg_xxexit.o [3]
__iar_Dint              0x00acc3   0xcb  Code  Gb  xdint.o [4]
__iar_Dnorm             0x00a7ef         Code  Gb  float_libsup.o [4]
__iar_Dscale            0x00a87d         Code  Gb  float_libsup.o [4]
__iar_Dunscale          0x00a82b         Code  Gb  float_libsup.o [4]
__iar_Memchr            0x00b913   0x21  Code  Gb  memchr.o [4]
__iar_Strchr            0x00ba87   0x15  Code  Gb  strchr.o [4]
__iar_copy_init2        0x00b788         Code  Gb  init_small.o [4]
__iar_data_init2        0x00ba9c   0x14  Code  Gb  init.o [4]
__iar_program_start     0x00baeb         Code  Gb  cstartup.o [4]
__iar_unhandled_exception
                        0x00be6b         Code  Gb  unhandled_exception.o [4]
__iar_zero_init2        0x00b984         Code  Gb  init_small.o [4]
__intvec                0x008000         Data  Gb  interrupt.o [4]
__low_level_init        0x00be65    0x3  Code  Gb  low_level_init.o [4]
_buf                    0x00001b   0x32  Data  Lc  bsp_rf_com.o [1]
_bufLen                 0x0000e0    0x1  Data  Gb  bsp_rf_com.o [1]
_deviceType             0x0000df    0x1  Data  Lc  bsp_rf_com.o [1]
_exit                   0x00be3d         Code  Gb  cexit.o [4]
_idleMode               0x0000de    0x1  Data  Lc  bsp_rf_com.o [1]
_interrupt_1            0x00be72         Code  Gb  stm8l15x_it.o [1]
_interrupt_10           0x00be7a         Code  Gb  stm8l15x_it.o [1]
_interrupt_11           0x00be7b         Code  Gb  stm8l15x_it.o [1]
_interrupt_12           0x00be7c         Code  Gb  stm8l15x_it.o [1]
_interrupt_13           0x00b9a2         Code  Gb  stm8l15x_it.o [1]
_interrupt_14           0x00b75e         Code  Gb  stm8l15x_it.o [1]
_interrupt_15           0x00b43b         Code  Gb  stm8l15x_it.o [1]
_interrupt_16           0x00b400         Code  Gb  stm8l15x_it.o [1]
_interrupt_17           0x00be7d         Code  Gb  stm8l15x_it.o [1]
_interrupt_18           0x00be7e         Code  Gb  stm8l15x_it.o [1]
_interrupt_19           0x00be7f         Code  Gb  stm8l15x_it.o [1]
_interrupt_20           0x00be80         Code  Gb  stm8l15x_it.o [1]
_interrupt_21           0x00b8f2         Code  Gb  stm8l15x_it.o [1]
_interrupt_22           0x00be81         Code  Gb  stm8l15x_it.o [1]
_interrupt_23           0x00be82         Code  Gb  stm8l15x_it.o [1]
_interrupt_24           0x00be83         Code  Gb  stm8l15x_it.o [1]
_interrupt_25           0x00be84         Code  Gb  stm8l15x_it.o [1]
_interrupt_26           0x00be85         Code  Gb  stm8l15x_it.o [1]
_interrupt_27           0x00be86         Code  Gb  stm8l15x_it.o [1]
_interrupt_28           0x00be87         Code  Gb  stm8l15x_it.o [1]
_interrupt_29           0x00be88         Code  Gb  stm8l15x_it.o [1]
_interrupt_3            0x00be73         Code  Gb  stm8l15x_it.o [1]
_interrupt_30           0x00be89         Code  Gb  stm8l15x_it.o [1]
_interrupt_31           0x00be8a         Code  Gb  stm8l15x_it.o [1]
_interrupt_4            0x00be74         Code  Gb  stm8l15x_it.o [1]
_interrupt_5            0x00be75         Code  Gb  stm8l15x_it.o [1]
_interrupt_6            0x00be76         Code  Gb  stm8l15x_it.o [1]
_interrupt_7            0x00be77         Code  Gb  stm8l15x_it.o [1]
_interrupt_8            0x00be78         Code  Gb  stm8l15x_it.o [1]
_interrupt_9            0x00be79         Code  Gb  stm8l15x_it.o [1]
_lastRssi               0x0000e4    0x1  Data  Gb  bsp_rf_com.o [1]
_mode                   0x0000dd    0x1  Data  Lc  bsp_rf_com.o [1]
_rxBad                  0x0000d4    0x2  Data  Gb  bsp_rf_com.o [1]
_rxBufValid             0x0000e1    0x1  Data  Gb  bsp_rf_com.o [1]
_rxGood                 0x0000d6    0x2  Data  Gb  bsp_rf_com.o [1]
_txBufSentIndex         0x0000e3    0x1  Data  Gb  bsp_rf_com.o [1]
_txGood                 0x0000d8    0x2  Data  Gb  bsp_rf_com.o [1]
_txPacketSent           0x0000e2    0x1  Data  Gb  bsp_rf_com.o [1]
appendTxBuf             0x008808   0x3e  Code  Gb  bsp_rf_com.o [1]
available               0x0087c1    0x7  Code  Gb  bsp_rf_com.o [1]
battery_time            0x0000b4    0x4  Data  Gb  battery_voltage.o [1]
calibration_done_screen_timeout
                        0x0000cc    0x4  Data  Gb  display_handler.o [1]
clearRxBuf              0x008371    0x9  Code  Gb  bsp_rf_com.o [1]
clearTxBuf              0x00837a    0xd  Code  Gb  bsp_rf_com.o [1]
display_com_timeout     0x0000c4    0x4  Data  Gb  display_handler.o [1]
display_speed_ref       0x000013    0x4  Data  Gb  display_handler.o [1]
display_speed_ref_increment
                        0x000017    0x4  Data  Gb  display_handler.o [1]
display_speed_ref_tmp   0x0000d0    0x4  Data  Gb  display_handler.o [1]
div                     0x00b620   0x30  Code  Gb  div.o [4]
exit                    0x00be68    0x3  Code  Gb  exit.o [4]
fillTxBuf               0x008846    0x6  Code  Gb  bsp_rf_com.o [1]
filter_time             0x0000b8    0x4  Data  Gb  bsp_input_gpio.o [1]
filtered_battery_voltage
                        0x0000b0    0x4  Data  Gb  battery_voltage.o [1]
floor                   0x00b475   0x3a  Code  Gb  floor.o [4]
handleExternalInterrupt
                        0x00861f    0x1  Code  Gb  bsp_rf_com.o [1]
handleInterrupt         0x0086c3   0xe8  Code  Gb  bsp_rf_com.o [1]
handleWakeupTimerInterrupt
                        0x00861e    0x1  Code  Gb  bsp_rf_com.o [1]
interruptCb             0x0000da    0x2  Data  Lc  bsp_rf_com.o [1]
len                     0x000010    0x1  Data  Gb  communication_handler.o [1]
main                    0x00bcc2    0xb  Code  Gb  main.o [1]
memcpy                  0x00b965   0x1f  Code  Gb  memcpy.o [4]
millis                  0x00bdfe    0x6  Code  Gb  bsp_timing_delay.o [1]
pad                     0x00b4e7   0x37  Code  Lc  xprintffull_nomb.o [4]
readADC_VBAT            0x00af3d   0x87  Code  Gb  bsp_adc.o [1]
readADC_VREF            0x00afc4   0x87  Code  Gb  bsp_adc.o [1]
readNextFragment        0x008620   0x27  Code  Gb  bsp_rf_com.o [1]
recv                    0x0087cf   0x39  Code  Gb  bsp_rf_com.o [1]
reset                   0x0083f8   0x12  Code  Gb  bsp_rf_com.o [1]
resetFifos              0x0086b3   0x10  Code  Gb  bsp_rf_com.o [1]
resetRxFifo             0x00860e   0x10  Code  Gb  bsp_rf_com.o [1]
restartTransmit         0x0086a4    0xf  Code  Gb  bsp_rf_com.o [1]
rfSetInterruptCallback  0x008387    0x4  Code  Gb  bsp_rf_com.o [1]
scale                   0x00b245   0x43  Code  Lc  xprintffull_nomb.o [4]
send                    0x00884c   0x1f  Code  Gb  bsp_rf_com.o [1]
sendNextFragment        0x008647   0x39  Code  Gb  bsp_rf_com.o [1]
setFrequency            0x00821d  0x11a  Code  Gb  bsp_rf_com.o [1]
setHeaderFlags          0x008337    0x7  Code  Gb  bsp_rf_com.o [1]
setHeaderFrom           0x008345    0x7  Code  Gb  bsp_rf_com.o [1]
setHeaderId             0x00833e    0x7  Code  Gb  bsp_rf_com.o [1]
setHeaderTo             0x00834c    0x7  Code  Gb  bsp_rf_com.o [1]
setMode                 0x0085f3    0x7  Code  Gb  bsp_rf_com.o [1]
setModeIdle             0x0087b0   0x11  Code  Gb  bsp_rf_com.o [1]
setModeRx               0x0085fa   0x14  Code  Gb  bsp_rf_com.o [1]
setModeTx               0x008680   0x14  Code  Gb  bsp_rf_com.o [1]
setModemConfig          0x0081e9   0x34  Code  Gb  bsp_rf_com.o [1]
setModemRegisters       0x008189   0x60  Code  Gb  bsp_rf_com.o [1]
setPreambleLength       0x00836a    0x7  Code  Gb  bsp_rf_com.o [1]
setPromiscuous          0x008353   0x10  Code  Gb  bsp_rf_com.o [1]
setSyncWords            0x008363    0x7  Code  Gb  bsp_rf_com.o [1]
setTxPower              0x008123    0x7  Code  Gb  bsp_rf_com.o [1]
sprintf                 0x00b34b   0x3d  Code  Gb  sprintf.o [4]
startTransmit           0x008694   0x10  Code  Gb  bsp_rf_com.o [1]
statusRead              0x0087ab    0x5  Code  Gb  bsp_rf_com.o [1]
strlen                  0x00bc33    0xd  Code  Gb  strlen.o [4]
waitAvailableTimeout    0x008080   0x2f  Code  Gb  bsp_rf_com.o [1]
waitPacketSent          0x0087c8    0x7  Code  Gb  bsp_rf_com.o [1]
welcome_screen_timeout  0x0000c8    0x4  Data  Gb  display_handler.o [1]


[1] = D:\STM8Workspace\FT-TRSY\FT_TRMT_FW\Debug\Obj
[2] = command line
[3] = dbgstm8smd.a
[4] = dlstm8smn.a

  14 999 bytes of readonly  code memory
   1 013 bytes of readonly  data memory
     745 bytes of readwrite data memory

Errors: none
Warnings: none
