###############################################################################
#
# IAR ELF Linker V3.10.1.201 for STM8                     29/May/2019  20:32:25
# Copyright 2010-2017 IAR Systems AB.
#
#    Output file  =  D:\STM8Workspace\FT-TRSY\FT_TSCP_FW\Debug\Exe\FT_TSCP.out
#    Map file     =  D:\STM8Workspace\FT-TRSY\FT_TSCP_FW\Debug\List\FT_TSCP.map
#    Command line =  
#        -f C:\Users\LNCZGE~1\AppData\Local\Temp\EW759E.tmp
#        (D:\STM8Workspace\FT-TRSY\FT_TSCP_FW\Debug\Obj\main.o
#        D:\STM8Workspace\FT-TRSY\FT_TSCP_FW\Debug\Obj\RFM22B.o
#        D:\STM8Workspace\FT-TRSY\FT_TSCP_FW\Debug\Obj\stm8l15x_adc.o
#        D:\STM8Workspace\FT-TRSY\FT_TSCP_FW\Debug\Obj\stm8l15x_aes.o
#        D:\STM8Workspace\FT-TRSY\FT_TSCP_FW\Debug\Obj\stm8l15x_beep.o
#        D:\STM8Workspace\FT-TRSY\FT_TSCP_FW\Debug\Obj\stm8l15x_clk.o
#        D:\STM8Workspace\FT-TRSY\FT_TSCP_FW\Debug\Obj\stm8l15x_comp.o
#        D:\STM8Workspace\FT-TRSY\FT_TSCP_FW\Debug\Obj\stm8l15x_dac.o
#        D:\STM8Workspace\FT-TRSY\FT_TSCP_FW\Debug\Obj\stm8l15x_dma.o
#        D:\STM8Workspace\FT-TRSY\FT_TSCP_FW\Debug\Obj\stm8l15x_exti.o
#        D:\STM8Workspace\FT-TRSY\FT_TSCP_FW\Debug\Obj\stm8l15x_flash.o
#        D:\STM8Workspace\FT-TRSY\FT_TSCP_FW\Debug\Obj\stm8l15x_gpio.o
#        D:\STM8Workspace\FT-TRSY\FT_TSCP_FW\Debug\Obj\stm8l15x_i2c.o
#        D:\STM8Workspace\FT-TRSY\FT_TSCP_FW\Debug\Obj\stm8l15x_irtim.o
#        D:\STM8Workspace\FT-TRSY\FT_TSCP_FW\Debug\Obj\stm8l15x_it.o
#        D:\STM8Workspace\FT-TRSY\FT_TSCP_FW\Debug\Obj\stm8l15x_itc.o
#        D:\STM8Workspace\FT-TRSY\FT_TSCP_FW\Debug\Obj\stm8l15x_iwdg.o
#        D:\STM8Workspace\FT-TRSY\FT_TSCP_FW\Debug\Obj\stm8l15x_lcd.o
#        D:\STM8Workspace\FT-TRSY\FT_TSCP_FW\Debug\Obj\stm8l15x_pwr.o
#        D:\STM8Workspace\FT-TRSY\FT_TSCP_FW\Debug\Obj\stm8l15x_rst.o
#        D:\STM8Workspace\FT-TRSY\FT_TSCP_FW\Debug\Obj\stm8l15x_rtc.o
#        D:\STM8Workspace\FT-TRSY\FT_TSCP_FW\Debug\Obj\stm8l15x_spi.o
#        D:\STM8Workspace\FT-TRSY\FT_TSCP_FW\Debug\Obj\stm8l15x_syscfg.o
#        D:\STM8Workspace\FT-TRSY\FT_TSCP_FW\Debug\Obj\stm8l15x_tim1.o
#        D:\STM8Workspace\FT-TRSY\FT_TSCP_FW\Debug\Obj\stm8l15x_tim2.o
#        D:\STM8Workspace\FT-TRSY\FT_TSCP_FW\Debug\Obj\stm8l15x_tim3.o
#        D:\STM8Workspace\FT-TRSY\FT_TSCP_FW\Debug\Obj\stm8l15x_tim4.o
#        D:\STM8Workspace\FT-TRSY\FT_TSCP_FW\Debug\Obj\stm8l15x_tim5.o
#        D:\STM8Workspace\FT-TRSY\FT_TSCP_FW\Debug\Obj\stm8l15x_usart.o
#        D:\STM8Workspace\FT-TRSY\FT_TSCP_FW\Debug\Obj\stm8l15x_wfe.o
#        D:\STM8Workspace\FT-TRSY\FT_TSCP_FW\Debug\Obj\stm8l15x_wwdg.o
#        D:\STM8Workspace\FT-TRSY\FT_TSCP_FW\Debug\Obj\timing_delay.o
#        --redirect _Printf=_PrintfSmall --redirect _Scanf=_ScanfSmall -o
#        D:\STM8Workspace\FT-TRSY\FT_TSCP_FW\Debug\Exe\FT_TSCP.out --map
#        D:\STM8Workspace\FT-TRSY\FT_TSCP_FW\Debug\List\FT_TSCP.map --config
#        "C:\Program Files (x86)\IAR Systems\Embedded Workbench
#        8.0\stm8\config\lnkstm8al3l66.icf" --config_def _CSTACK_SIZE=0x100
#        --config_def _HEAP_SIZE=0x100 --entry __iar_program_start --debug_lib)
#
###############################################################################

*******************************************************************************
*** RUNTIME MODEL ATTRIBUTES
***

__SystemLibrary            = DLib
__code_model               = small
__core                     = stm8
__data_model               = medium
__dlib_file_descriptor     = 0
__dlib_full_locale_support = 0
__rt_version               = 4


*******************************************************************************
*** PLACEMENT SUMMARY
***

"A0":  place at start of [0x000000-0x0000ff] { rw section .vregs };
"A1":  place at end of [0x000000-0x0007ff] { block CSTACK };
"P2":  place in [from 0x000000 to 0x0007ff] {
          block HEAP, rw section __DLIB_PERTHREAD, rw section .far.bss,
          rw section .far.data, rw section .far.noinit,
          rw section .far_func.textrw, rw section .huge.bss,
          rw section .huge.data, rw section .huge.noinit,
          rw section .huge_func.textrw, rw section .iar.dynexit,
          rw section .near.bss, rw section .near.data, rw section .near.noinit,
          rw section .near_func.textrw };
"A2":  place at start of [0x008000-0x00ffff] { block INTVEC };
"P3":  place in [from 0x008000 to 0x00ffff] {
          ro section __DLIB_PERTHREAD_init, ro section .far.data_init,
          ro section .far_func.textrw_init, ro section .huge.data_init,
          ro section .huge_func.textrw_init, ro section .iar.init_table,
          ro section .init_array, ro section .near.data_init,
          ro section .near.rodata, ro section .near_func.text,
          ro section .near_func.textrw_init, ro section .tiny.data_init,
          ro section .tiny.rodata_init };
"P4":  place in [from 0x008000 to 0x00ffff] {
          ro section .far.rodata, ro section .far_func.text };
"P5":  place in [from 0x008000 to 0x00ffff] {
          ro section .huge.rodata, ro section .huge_func.text };
do not initialize {
   rw section .eeprom.noinit, rw section .far.noinit, rw section .huge.noinit,
   rw section .near.noinit, rw section .tiny.noinit, rw section .vregs };

  Section          Kind      Address    Size  Object
  -------          ----      -------    ----  ------
"A0":                                   0x10
  .vregs           uninit   0x000000    0x10  vregs.o [4]
                          - 0x000010    0x10

"P2":                                   0x4e
  .near.bss        zero     0x000010    0x32  RFM22B.o [1]
  .near.bss        zero     0x000042     0x4  main.o [1]
  .near.bss        zero     0x000046     0x4  main.o [1]
  .near.bss        zero     0x00004a     0x4  timing_delay.o [1]
  .near.bss        zero     0x00004e     0x2  RFM22B.o [1]
  .near.bss        zero     0x000050     0x2  RFM22B.o [1]
  .near.bss        zero     0x000052     0x2  RFM22B.o [1]
  .near.bss        zero     0x000054     0x2  RFM22B.o [1]
  .near.bss        zero     0x000056     0x1  RFM22B.o [1]
  .near.bss        zero     0x000057     0x1  RFM22B.o [1]
  .near.bss        zero     0x000058     0x1  RFM22B.o [1]
  .near.bss        zero     0x000059     0x1  RFM22B.o [1]
  .near.bss        zero     0x00005a     0x1  RFM22B.o [1]
  .near.bss        zero     0x00005b     0x1  RFM22B.o [1]
  .near.bss        zero     0x00005c     0x1  RFM22B.o [1]
  .near.bss        zero     0x00005d     0x1  RFM22B.o [1]
                          - 0x00005e    0x4e

"A1":                                  0x100
  CSTACK                    0x000700   0x100  <Block>
    CSTACK         uninit   0x000700   0x100  <Block tail>
                          - 0x000800   0x100

"A2":                                   0x80
  INTVEC                    0x008000    0x80  <Block>
    .intvec        const    0x008000    0x80  interrupt.o [4]
                          - 0x008080    0x80

"P3-P5":                              0x22cb
  .near_func.text  ro code  0x008080   0x71b  RFM22B.o [1]
  .near_func.text  ro code  0x00879b   0x3cf  float.o [4]
  .near_func.text  ro code  0x008b6a   0x3a5  xprintfsmall.o [4]
  .near.rodata     const    0x008f0f   0x1c2  RFM22B.o [1]
  .near_func.text  ro code  0x0090d1   0x176  xprintfsmall.o [4]
  .near_func.text  ro code  0x009247   0x13a  vreg_util.o [4]
  .near_func.text  ro code  0x009381   0x113  stm8l15x_itc.o [1]
  .near_func.text  ro code  0x009494   0x10d  stm8l15x_exti.o [1]
  .near_func.text  ro code  0x0095a1    0xcb  xdint.o [4]
  .near_func.text  ro code  0x00966c    0xc9  long.o [4]
  .near_func.text  ro code  0x009735    0xb9  main.o [1]
  .near_func.text  ro code  0x0097ee    0x98  stm8l15x_clk.o [1]
  .near_func.text  ro code  0x009886    0x8e  stm8l15x_gpio.o [1]
  .near_func.text  ro code  0x009914    0x89  stm8l15x_clk.o [1]
  .near_func.text  ro code  0x00999d    0x66  long_util.o [4]
  .near_func.text  ro code  0x009a03    0x61  stm8l15x_tim1.o [1]
  .near_func.text  ro code  0x009a64    0x55  stm8l15x_adc.o [1]
  .near_func.text  ro code  0x009ab9    0x51  main.o [1]
  .near_func.text  ro code  0x009b0a    0x46  main.o [1]
  .near_func.text  ro code  0x009b50    0x41  stm8l15x_spi.o [1]
  .near_func.text  ro code  0x009b91    0x3d  sprintf.o [4]
  .near_func.text  ro code  0x009bce    0x3d  xprintfsmall.o [4]
  .near_func.text  ro code  0x009c0b    0x3c  main.o [1]
  .near_func.text  ro code  0x009c47    0x3a  floor.o [4]
  .near_func.text  ro code  0x009c81    0x38  main.o [1]
  .near_func.text  ro code  0x009cb9    0x37  xprintfsmall.o [4]
  .near_func.text  ro code  0x009cf0    0x35  xprintfsmall.o [4]
  .near_func.text  ro code  0x009d25    0x33  stm8l15x_it.o [1]
  .near_func.text  ro code  0x009d58    0x33  stm8l15x_it.o [1]
  .near.rodata     const    0x009d8b    0x32  main.o [1]
  .near_func.text  ro code  0x009dbd    0x31  stm8l15x_adc.o [1]
  .near_func.text  ro code  0x009dee    0x2f  xprintfsmall.o [4]
  .near_func.text  ro code  0x009e1d    0x2e  short.o [4]
  .near_func.text  ro code  0x009e4b    0x2d  main.o [1]
  .near_func.text  ro code  0x009e78    0x2c  stm8l15x_gpio.o [1]
  .near_func.text  ro code  0x009ea4    0x29  stm8l15x_it.o [1]
  .near_func.text  ro code  0x009ecd    0x25  timing_delay.o [1]
  .near_func.text  ro code  0x009ef2    0x24  main.o [1]
  .near_func.text  ro code  0x009f16    0x24  stm8l15x_adc.o [1]
  .near_func.text  ro code  0x009f3a    0x24  stm8l15x_tim1.o [1]
  .near_func.text  ro code  0x009f5e    0x24  stm8l15x_tim2.o [1]
  .near_func.text  ro code  0x009f82    0x24  stm8l15x_tim3.o [1]
  .near_func.text  ro code  0x009fa6    0x24  stm8l15x_tim3.o [1]
  .near_func.text  ro code  0x009fca    0x24  timing_delay.o [1]
  .near_func.text  ro code  0x009fee    0x24  timing_delay.o [1]
  .near_func.text  ro code  0x00a012    0x21  stm8l15x_exti.o [1]
  .near_func.text  ro code  0x00a033    0x21  memchr.o [4]
  .iar.init_table  const    0x00a054     0x8  - Linker created -
  .near_func.text  ro code  0x00a05c    0x20  main.o [1]
  .near_func.text  ro code  0x00a07c    0x1f  memcpy.o [4]
  .near_func.text  ro code  0x00a09b    0x1e  init_small.o [4]
  .near_func.text  ro code  0x00a0b9    0x1c  stm8l15x_it.o [1]
  .near_func.text  ro code  0x00a0d5    0x1b  stm8l15x_it.o [1]
  .near_func.text  ro code  0x00a0f0    0x1a  stm8l15x_spi.o [1]
  .near_func.text  ro code  0x00a10a    0x1a  stm8l15x_tim2.o [1]
  .near_func.text  ro code  0x00a124    0x19  stm8l15x_spi.o [1]
  .near_func.text  ro code  0x00a13d    0x18  dc_util.o [4]
  .near_func.text  ro code  0x00a155    0x15  strchr.o [4]
  .near_func.text  ro code  0x00a16a    0x14  init.o [4]
  .near_func.text  ro code  0x00a17e    0x14  xprintfsmall.o [4]
  .near_func.text  ro code  0x00a192    0x14  __dbg_xxexit.o [3]
  .near_func.text  ro code  0x00a1a6    0x13  stm8l15x_clk.o [1]
  .near_func.text  ro code  0x00a1b9    0x13  cstartup.o [4]
  .near_func.text  ro code  0x00a1cc    0x12  stm8l15x_gpio.o [1]
  .near_func.text  ro code  0x00a1de     0xf  stm8l15x_tim3.o [1]
  .near.rodata     const    0x00a1ed     0xd  main.o [1]
  .near_func.text  ro code  0x00a1fa     0xd  RFM22B.o [1]
  .near_func.text  ro code  0x00a207     0xd  stm8l15x_adc.o [1]
  .near_func.text  ro code  0x00a214     0xd  stm8l15x_clk.o [1]
  .near_func.text  ro code  0x00a221     0xd  stm8l15x_tim1.o [1]
  .near_func.text  ro code  0x00a22e     0xd  stm8l15x_tim1.o [1]
  .near_func.text  ro code  0x00a23b     0xd  stm8l15x_tim1.o [1]
  .near_func.text  ro code  0x00a248     0xd  stm8l15x_tim1.o [1]
  .near_func.text  ro code  0x00a255     0xd  stm8l15x_tim2.o [1]
  .near_func.text  ro code  0x00a262     0xd  stm8l15x_tim3.o [1]
  .near_func.text  ro code  0x00a26f     0xd  move.o [4]
  .near_func.text  ro code  0x00a27c     0xd  strlen.o [4]
  .near_func.text  ro code  0x00a289     0xb  stm8l15x_tim2.o [1]
  .near_func.text  ro code  0x00a294     0xb  xprintfsmall.o [4]
  .near_func.text  ro code  0x00a29f     0xb  xsprout.o [4]
  .near_func.text  ro code  0x00a2aa     0xa  RFM22B.o [1]
  .near_func.text  ro code  0x00a2b4     0xa  xprintfsmall.o [4]
  .near_func.text  ro code  0x00a2be     0x9  xprintfsmall.o [4]
  .near_func.text  ro code  0x00a2c7     0x8  RFM22B.o [1]
  .near_func.text  ro code  0x00a2cf     0x8  xprintfsmall.o [4]
  .near.rodata     const    0x00a2d7     0x7  xprintfsmall.o [4]
  .near_func.text  ro code  0x00a2de     0x7  stm8l15x_gpio.o [1]
  .near_func.text  ro code  0x00a2e5     0x7  stm8l15x_gpio.o [1]
  .near_func.text  ro code  0x00a2ec     0x7  stm8l15x_gpio.o [1]
  .near_func.text  ro code  0x00a2f3     0x6  xprintfsmall.o [4]
  .near_func.text  ro code  0x00a2f9     0x6  xprintfsmall.o [4]
  .near_func.text  ro code  0x00a2ff     0x5  stm8l15x_adc.o [1]
  .near_func.text  ro code  0x00a304     0x5  stm8l15x_tim2.o [1]
  .near_func.text  ro code  0x00a309     0x5  char.o [4]
  .near_func.text  ro code  0x00a30e     0x5  cexit.o [4]
  .near_func.text  ro code  0x00a313     0x4  stm8l15x_clk.o [1]
  .near_func.text  ro code  0x00a317     0x4  stm8l15x_clk.o [1]
  .near_func.text  ro code  0x00a31b     0x4  stm8l15x_clk.o [1]
  .near_func.text  ro code  0x00a31f     0x4  stm8l15x_gpio.o [1]
  .near_func.text  ro code  0x00a323     0x3  interrupt.o [4]
  .near_func.text  ro code  0x00a326     0x3  low_level_init.o [4]
  .near_func.text  ro code  0x00a329     0x3  exit.o [4]
  .near_func.text  ro code  0x00a32c     0x3  unhandled_exception.o [4]
  .near.rodata     const    0x00a32f     0x2  RFM22B.o [1]
  .near_func.text  ro code  0x00a331     0x1  stm8l15x_it.o [1]
  .near_func.text  ro code  0x00a332     0x1  stm8l15x_it.o [1]
  .near_func.text  ro code  0x00a333     0x1  stm8l15x_it.o [1]
  .near_func.text  ro code  0x00a334     0x1  stm8l15x_it.o [1]
  .near_func.text  ro code  0x00a335     0x1  stm8l15x_it.o [1]
  .near_func.text  ro code  0x00a336     0x1  stm8l15x_it.o [1]
  .near_func.text  ro code  0x00a337     0x1  stm8l15x_it.o [1]
  .near_func.text  ro code  0x00a338     0x1  stm8l15x_it.o [1]
  .near_func.text  ro code  0x00a339     0x1  stm8l15x_it.o [1]
  .near_func.text  ro code  0x00a33a     0x1  stm8l15x_it.o [1]
  .near_func.text  ro code  0x00a33b     0x1  stm8l15x_it.o [1]
  .near_func.text  ro code  0x00a33c     0x1  stm8l15x_it.o [1]
  .near_func.text  ro code  0x00a33d     0x1  stm8l15x_it.o [1]
  .near_func.text  ro code  0x00a33e     0x1  stm8l15x_it.o [1]
  .near_func.text  ro code  0x00a33f     0x1  stm8l15x_it.o [1]
  .near_func.text  ro code  0x00a340     0x1  stm8l15x_it.o [1]
  .near_func.text  ro code  0x00a341     0x1  stm8l15x_it.o [1]
  .near_func.text  ro code  0x00a342     0x1  stm8l15x_it.o [1]
  .near_func.text  ro code  0x00a343     0x1  stm8l15x_it.o [1]
  .near_func.text  ro code  0x00a344     0x1  stm8l15x_it.o [1]
  .near_func.text  ro code  0x00a345     0x1  stm8l15x_it.o [1]
  .near_func.text  ro code  0x00a346     0x1  stm8l15x_it.o [1]
  .near_func.text  ro code  0x00a347     0x1  stm8l15x_it.o [1]
  .near_func.text  ro code  0x00a348     0x1  stm8l15x_it.o [1]
  .near_func.text  ro code  0x00a349     0x1  stm8l15x_it.o [1]
  .near_func.text  ro code  0x00a34a     0x1  __dbg_break.o [3]
                          - 0x00a34b  0x22cb


*******************************************************************************
*** INIT TABLE
***

          Address   Size
          -------   ----
Zero (__iar_zero_init2)
    1 destination range, total size 0x4e:
          0x000010  0x4e



*******************************************************************************
*** MODULE SUMMARY
***

    Module                 ro code  ro data  rw data
    ------                 -------  -------  -------
D:\STM8Workspace\FT-TRSY\FT_TSCP_FW\Debug\Obj: [1]
    RFM22B.o                 1 850      452       66
    main.o                     565       63        8
    stm8l15x_adc.o             188
    stm8l15x_clk.o             333
    stm8l15x_exti.o            302
    stm8l15x_gpio.o            229
    stm8l15x_it.o              223
    stm8l15x_itc.o             275
    stm8l15x_spi.o             116
    stm8l15x_tim1.o            185
    stm8l15x_tim2.o             91
    stm8l15x_tim3.o            100
    timing_delay.o             109                 4
    ------------------------------------------------
    Total:                   4 566      515       78

command line: [2]
    ------------------------------------------------
    Total:

dbgstm8smd.a: [3]
    __dbg_break.o                1
    __dbg_xxexit.o              20
    ------------------------------------------------
    Total:                      21

dlstm8smn.a: [4]
    cexit.o                      5
    char.o                       5
    cstartup.o                  19
    dc_util.o                   24
    exit.o                       3
    float.o                    975
    floor.o                     58
    init.o                      20
    init_small.o                30
    interrupt.o                  3      128
    long.o                     201
    long_util.o                102
    low_level_init.o             3
    memchr.o                    33
    memcpy.o                    31
    move.o                      13
    short.o                     46
    sprintf.o                   61
    strchr.o                    21
    strlen.o                    13
    unhandled_exception.o        3
    vreg_util.o                314
    vregs.o                                       16
    xdint.o                    203
    xprintfsmall.o           1 593        7
    xsprout.o                   11
    ------------------------------------------------
    Total:                   3 790      135       16

    Linker created                        8      256
----------------------------------------------------
    Grand Total:             8 377      658      350


*******************************************************************************
*** ENTRY LIST
***

Entry                    Address   Size  Type      Object
-----                    -------   ----  ----      ------
.iar.init_table$$Base   0x00a054          --   Gb  - Linker created -
.iar.init_table$$Limit  0x00a05c          --   Gb  - Linker created -
?and32_l0_l0_0x         0x009705         Code  Gb  long.o [4]
?and32_l0_l0_l1         0x009702         Code  Gb  long.o [4]
?b0                     0x000000         Data  Gb  vregs.o [4]
?b1                     0x000001         Data  Gb  vregs.o [4]
?b10                    0x00000a         Data  Gb  vregs.o [4]
?b11                    0x00000b         Data  Gb  vregs.o [4]
?b12                    0x00000c         Data  Gb  vregs.o [4]
?b13                    0x00000d         Data  Gb  vregs.o [4]
?b14                    0x00000e         Data  Gb  vregs.o [4]
?b15                    0x00000f         Data  Gb  vregs.o [4]
?b2                     0x000002         Data  Gb  vregs.o [4]
?b3                     0x000003         Data  Gb  vregs.o [4]
?b4                     0x000004         Data  Gb  vregs.o [4]
?b5                     0x000005         Data  Gb  vregs.o [4]
?b6                     0x000006         Data  Gb  vregs.o [4]
?b7                     0x000007         Data  Gb  vregs.o [4]
?b8                     0x000008         Data  Gb  vregs.o [4]
?b9                     0x000009         Data  Gb  vregs.o [4]
?dc32_l1                0x00a13d         Code  Gb  dc_util.o [4]
?dc32_px                0x00a14a         Code  Gb  dc_util.o [4]
?dec32_0x_0x            0x009681         Code  Gb  long.o [4]
?dec32_l0_l0            0x00967c         Code  Gb  long.o [4]
?e0                     0x000001         Data  Gb  vregs.o [4]
?e1                     0x000005         Data  Gb  vregs.o [4]
?e2                     0x000009         Data  Gb  vregs.o [4]
?e3                     0x00000d         Data  Gb  vregs.o [4]
?epilogue_l2            0x0092e0         Code  Gb  vreg_util.o [4]
?epilogue_l2_l3         0x0092dd         Code  Gb  vreg_util.o [4]
?epilogue_w4            0x0092e4         Code  Gb  vreg_util.o [4]
?fadd32_l0_l0_dc32      0x0087be         Code  Gb  float.o [4]
?fadd32_l0_l0_l1        0x0087c3         Code  Gb  float.o [4]
?fcasts16f32_x_l0       0x008a48         Code  Gb  float.o [4]
?fcmpge32_c_l0_0x       0x0089e9         Code  Gb  float.o [4]
?fcmpge32_c_l0_dc32     0x0089e4         Code  Gb  float.o [4]
?fcmplt32_c_l0_0x       0x0089f2         Code  Gb  float.o [4]
?fcmplt32_c_l0_dc32     0x0089ed         Code  Gb  float.o [4]
?fdiv32_l0_l0_dc32      0x008931         Code  Gb  float.o [4]
?fdiv32_l0_l0_l1        0x008936         Code  Gb  float.o [4]
?fmul32_l0_l0_dc32      0x008891         Code  Gb  float.o [4]
?fmul32_l0_l0_l1        0x008896         Code  Gb  float.o [4]
?fsub32_l0_l0_l1        0x0087b8         Code  Gb  float.o [4]
?l0                     0x000000         Data  Gb  vregs.o [4]
?l1                     0x000004         Data  Gb  vregs.o [4]
?l2                     0x000008         Data  Gb  vregs.o [4]
?l3                     0x00000c         Data  Gb  vregs.o [4]
?load32_0x_l0           0x0099d6         Code  Gb  long_util.o [4]
?load32_0x_l2           0x0099f5         Code  Gb  long_util.o [4]
?load32_asp_l0          0x0099ca         Code  Gb  long_util.o [4]
?load32_asp_l2          0x0099e9         Code  Gb  long_util.o [4]
?load32_dbsp_l0         0x0099c5         Code  Gb  long_util.o [4]
?load32_dbsp_l2         0x0099e4         Code  Gb  long_util.o [4]
?load32_l0_0x           0x0099ad         Code  Gb  long_util.o [4]
?load32_l0_asp          0x0099a2         Code  Gb  long_util.o [4]
?load32_l0_dbsp         0x00999d         Code  Gb  long_util.o [4]
?load32_l0_xsp          0x0099a4         Code  Gb  long_util.o [4]
?load32_l1_0x           0x0099b9         Code  Gb  long_util.o [4]
?load32_xsp_l0          0x0099cc         Code  Gb  long_util.o [4]
?load32_xsp_l2          0x0099eb         Code  Gb  long_util.o [4]
?mov_e0_e1              0x00931c         Code  Gb  vreg_util.o [4]
?mov_e0_e2              0x009329         Code  Gb  vreg_util.o [4]
?mov_e0_e3              0x009336         Code  Gb  vreg_util.o [4]
?mov_e1_e0              0x009343         Code  Gb  vreg_util.o [4]
?mov_e1_e3              0x009350         Code  Gb  vreg_util.o [4]
?mov_e2_e0              0x00935d         Code  Gb  vreg_util.o [4]
?mov_e3_e0              0x00936a         Code  Gb  vreg_util.o [4]
?mov_e3_e1              0x009377         Code  Gb  vreg_util.o [4]
?mov_l0_l1              0x009319         Code  Gb  vreg_util.o [4]
?mov_l0_l2              0x009326         Code  Gb  vreg_util.o [4]
?mov_l0_l3              0x009333         Code  Gb  vreg_util.o [4]
?mov_l1_l0              0x009340         Code  Gb  vreg_util.o [4]
?mov_l1_l3              0x00934d         Code  Gb  vreg_util.o [4]
?mov_l2_l0              0x00935a         Code  Gb  vreg_util.o [4]
?mov_l3_l0              0x009367         Code  Gb  vreg_util.o [4]
?mov_l3_l1              0x009374         Code  Gb  vreg_util.o [4]
?mov_w0_w1              0x0092e8         Code  Gb  vreg_util.o [4]
?mov_w0_w5              0x0092ef         Code  Gb  vreg_util.o [4]
?mov_w1_w0              0x0092f6         Code  Gb  vreg_util.o [4]
?mov_w1_w3              0x00931f         Code  Gb  vreg_util.o [4]
?mov_w1_w5              0x00932c         Code  Gb  vreg_util.o [4]
?mov_w1_w7              0x009339         Code  Gb  vreg_util.o [4]
?mov_w2_w1              0x0092fd         Code  Gb  vreg_util.o [4]
?mov_w3_w1              0x009346         Code  Gb  vreg_util.o [4]
?mov_w3_w7              0x009353         Code  Gb  vreg_util.o [4]
?mov_w4_w0              0x009304         Code  Gb  vreg_util.o [4]
?mov_w4_w1              0x00930b         Code  Gb  vreg_util.o [4]
?mov_w5_w0              0x009312         Code  Gb  vreg_util.o [4]
?mov_w5_w1              0x009360         Code  Gb  vreg_util.o [4]
?mov_w7_w1              0x00936d         Code  Gb  vreg_util.o [4]
?mov_w7_w3              0x00937a         Code  Gb  vreg_util.o [4]
?move1616_v_x_y_a       0x00a26f         Code  Gb  move.o [4]
?mul16_x_x_w0           0x009e1d         Code  Gb  short.o [4]
?neg32_l0_l0            0x00966c         Code  Gb  long.o [4]
?pop_l0                 0x0092a9         Code  Gb  vreg_util.o [4]
?pop_l1                 0x0092b4         Code  Gb  vreg_util.o [4]
?pop_l2                 0x0092bf         Code  Gb  vreg_util.o [4]
?pop_l3                 0x0092ca         Code  Gb  vreg_util.o [4]
?pop_w4                 0x009269         Code  Gb  vreg_util.o [4]
?push_l0                0x009278         Code  Gb  vreg_util.o [4]
?push_l1                0x00927d         Code  Gb  vreg_util.o [4]
?push_l2                0x009282         Code  Gb  vreg_util.o [4]
?push_l3                0x009287         Code  Gb  vreg_util.o [4]
?push_w0                0x009247         Code  Gb  vreg_util.o [4]
?push_w1                0x00924c         Code  Gb  vreg_util.o [4]
?push_w4                0x009251         Code  Gb  vreg_util.o [4]
?sext32_l0_a            0x009728         Code  Gb  long.o [4]
?sext32_l0_x            0x00971d         Code  Gb  long.o [4]
?sll16_x_x_a            0x009e3b         Code  Gb  short.o [4]
?sll8_a_a_5             0x00a309         Code  Gb  char.o [4]
?srl16_x_x_4            0x009e46         Code  Gb  short.o [4]
?srl16_x_x_5            0x009e45         Code  Gb  short.o [4]
?srl16_x_x_6            0x009e44         Code  Gb  short.o [4]
?srl16_x_x_7            0x009e43         Code  Gb  short.o [4]
?udiv32_l0_l0_l1        0x009695         Code  Gb  long.o [4]
?umod32_l1_l0_l1        0x009695         Code  Gb  long.o [4]
?w0                     0x000000         Data  Gb  vregs.o [4]
?w1                     0x000002         Data  Gb  vregs.o [4]
?w2                     0x000004         Data  Gb  vregs.o [4]
?w3                     0x000006         Data  Gb  vregs.o [4]
?w4                     0x000008         Data  Gb  vregs.o [4]
?w5                     0x00000a         Data  Gb  vregs.o [4]
?w6                     0x00000c         Data  Gb  vregs.o [4]
?w7                     0x00000e         Data  Gb  vregs.o [4]
ADC1_COMP_IRQHandler    0x00a33f    0x1  Code  Gb  stm8l15x_it.o [1]
ADC_ChannelCmd          0x009a64   0x55  Code  Gb  stm8l15x_adc.o [1]
ADC_Cmd                 0x00a207    0xd  Code  Gb  stm8l15x_adc.o [1]
ADC_Config              0x009c0b   0x3c  Code  Lc  main.o [1]
ADC_Init                0x009f16   0x24  Code  Gb  stm8l15x_adc.o [1]
ADC_SamplingTimeConfig  0x009dbd   0x31  Code  Gb  stm8l15x_adc.o [1]
ADC_SoftwareStartConv   0x00a2ff    0x5  Code  Gb  stm8l15x_adc.o [1]
CLK_Config              0x009ef2   0x24  Code  Lc  main.o [1]
CLK_GetFlagStatus       0x0097ee   0x98  Code  Gb  stm8l15x_clk.o [1]
CLK_GetSYSCLKSource     0x00a317    0x4  Code  Gb  stm8l15x_clk.o [1]
CLK_HSEConfig           0x00a1a6   0x13  Code  Gb  stm8l15x_clk.o [1]
CLK_PeripheralClockConfig
                        0x009914   0x89  Code  Gb  stm8l15x_clk.o [1]
CLK_SYSCLKDivConfig     0x00a31b    0x4  Code  Gb  stm8l15x_clk.o [1]
CLK_SYSCLKSourceConfig  0x00a313    0x4  Code  Gb  stm8l15x_clk.o [1]
CLK_SYSCLKSourceSwitchCmd
                        0x00a214    0xd  Code  Gb  stm8l15x_clk.o [1]
CSTACK$$Base            0x000700          --   Gb  - Linker created -
CSTACK$$Limit           0x000800          --   Gb  - Linker created -
DMA1_CHANNEL0_1_IRQHandler
                        0x00a333    0x1  Code  Gb  stm8l15x_it.o [1]
DMA1_CHANNEL2_3_IRQHandler
                        0x00a334    0x1  Code  Gb  stm8l15x_it.o [1]
Delay                   0x009fca   0x24  Code  Gb  timing_delay.o [1]
EXTI0_IRQHandler        0x00a339    0x1  Code  Gb  stm8l15x_it.o [1]
EXTI1_IRQHandler        0x00a33a    0x1  Code  Gb  stm8l15x_it.o [1]
EXTI2_IRQHandler        0x00a33b    0x1  Code  Gb  stm8l15x_it.o [1]
EXTI3_IRQHandler        0x00a0b9   0x1c  Code  Gb  stm8l15x_it.o [1]
EXTI4_IRQHandler        0x009ea4   0x29  Code  Gb  stm8l15x_it.o [1]
EXTI5_IRQHandler        0x009d25   0x33  Code  Gb  stm8l15x_it.o [1]
EXTI6_IRQHandler        0x009d58   0x33  Code  Gb  stm8l15x_it.o [1]
EXTI7_IRQHandler        0x00a33c    0x1  Code  Gb  stm8l15x_it.o [1]
EXTIB_G_IRQHandler      0x00a337    0x1  Code  Gb  stm8l15x_it.o [1]
EXTID_H_IRQHandler      0x00a338    0x1  Code  Gb  stm8l15x_it.o [1]
EXTIE_F_PVD_IRQHandler  0x00a336    0x1  Code  Gb  stm8l15x_it.o [1]
EXTI_ClearITPendingBit  0x00a012   0x21  Code  Gb  stm8l15x_exti.o [1]
EXTI_SetPinSensitivity  0x009494  0x10d  Code  Gb  stm8l15x_exti.o [1]
EnableRFM22B            0x00a1fa    0xd  Code  Gb  RFM22B.o [1]
FLASH_IRQHandler        0x00a332    0x1  Code  Gb  stm8l15x_it.o [1]
GPIO_Config             0x009ab9   0x51  Code  Lc  main.o [1]
GPIO_ExternalPullUpConfig
                        0x009e78   0x2c  Code  Gb  stm8l15x_gpio.o [1]
GPIO_Init               0x009886   0x8e  Code  Gb  stm8l15x_gpio.o [1]
GPIO_ReadInputDataBit   0x00a2ec    0x7  Code  Gb  stm8l15x_gpio.o [1]
GPIO_ResetBits          0x00a31f    0x4  Code  Gb  stm8l15x_gpio.o [1]
GPIO_SetBits            0x00a2de    0x7  Code  Gb  stm8l15x_gpio.o [1]
GPIO_ToggleBits         0x00a2e5    0x7  Code  Gb  stm8l15x_gpio.o [1]
GPIO_WriteBit           0x00a1cc   0x12  Code  Gb  stm8l15x_gpio.o [1]
I2C1_SPI2_IRQHandler    0x00a349    0x1  Code  Gb  stm8l15x_it.o [1]
INTVEC$$Base            0x008000          --   Gb  - Linker created -
INTVEC$$Limit           0x008080          --   Gb  - Linker created -
ITC_Config              0x009e4b   0x2d  Code  Lc  main.o [1]
ITC_SetSoftwarePriority
                        0x009381  0x113  Code  Gb  stm8l15x_itc.o [1]
LCD_AES_IRQHandler      0x00a33d    0x1  Code  Gb  stm8l15x_it.o [1]
LoadInt                 0x009bce   0x3d  Code  Lc  xprintfsmall.o [4]
MODEM_CONFIG_TABLE      0x008f0f  0x1c2  Data  Lc  RFM22B.o [1]
NselRFM22B              0x00a2aa    0xa  Code  Gb  RFM22B.o [1]
RF22init                0x008462  0x101  Code  Gb  RFM22B.o [1]
RTC_CSSLSE_IRQHandler   0x00a335    0x1  Code  Gb  stm8l15x_it.o [1]
ReadBurstRFM22B         0x008157   0x86  Code  Gb  RFM22B.o [1]
ReadSingleRFM22B        0x008080   0x6d  Code  Gb  RFM22B.o [1]
Region$$Table$$Base     0x00a054          --   Gb  - Linker created -
Region$$Table$$Limit    0x00a05c          --   Gb  - Linker created -
SPI1_IRQHandler         0x00a346    0x1  Code  Gb  stm8l15x_it.o [1]
SPI_Cmd                 0x00a0f0    0xd  Code  Gb  stm8l15x_spi.o [1]
SPI_Config              0x009c81   0x38  Code  Lc  main.o [1]
SPI_GetFlagStatus       0x00a124   0x19  Code  Gb  stm8l15x_spi.o [1]
SPI_Init                0x009b50   0x41  Code  Gb  stm8l15x_spi.o [1]
SPI_ReceiveData         0x00a105    0x5  Code  Gb  stm8l15x_spi.o [1]
SPI_SendData            0x00a0fd    0x8  Code  Gb  stm8l15x_spi.o [1]
SWITCH_CSS_BREAK_DAC_IRQHandler
                        0x00a33e    0x1  Code  Gb  stm8l15x_it.o [1]
ShutdownRFM22B          0x00a2c7    0x8  Code  Gb  RFM22B.o [1]
TIM1_ARRPreloadConfig   0x00a221    0xd  Code  Gb  stm8l15x_tim1.o [1]
TIM1_CC_IRQHandler      0x00a344    0x1  Code  Gb  stm8l15x_it.o [1]
TIM1_Cmd                0x00a22e    0xd  Code  Gb  stm8l15x_tim1.o [1]
TIM1_Config             0x009b0a   0x46  Code  Lc  main.o [1]
TIM1_CtrlPWMOutputs     0x00a23b    0xd  Code  Gb  stm8l15x_tim1.o [1]
TIM1_OC2Init            0x009a03   0x61  Code  Gb  stm8l15x_tim1.o [1]
TIM1_OC2PreloadConfig   0x00a248    0xd  Code  Gb  stm8l15x_tim1.o [1]
TIM1_TimeBaseInit       0x009f3a   0x24  Code  Gb  stm8l15x_tim1.o [1]
TIM1_UPD_OVF_TRG_COM_IRQHandler
                        0x00a343    0x1  Code  Gb  stm8l15x_it.o [1]
TIM2_CC_USART2_RX_IRQHandler
                        0x00a340    0x1  Code  Gb  stm8l15x_it.o [1]
TIM2_ClearFlag          0x00a289    0xb  Code  Gb  stm8l15x_tim2.o [1]
TIM2_ClearITPendingBit  0x00a304    0x5  Code  Gb  stm8l15x_tim2.o [1]
TIM2_Cmd                0x00a255    0xd  Code  Gb  stm8l15x_tim2.o [1]
TIM2_ITConfig           0x00a10a   0x1a  Code  Gb  stm8l15x_tim2.o [1]
TIM2_TimeBaseInit       0x009f5e   0x24  Code  Gb  stm8l15x_tim2.o [1]
TIM2_UPD_OVF_TRG_BRK_USART2_TX_IRQHandler
                        0x00a0d5   0x1b  Code  Gb  stm8l15x_it.o [1]
TIM3_CC_USART3_RX_IRQHandler
                        0x00a342    0x1  Code  Gb  stm8l15x_it.o [1]
TIM3_Cmd                0x00a262    0xd  Code  Gb  stm8l15x_tim3.o [1]
TIM3_Config             0x00a05c   0x20  Code  Lc  main.o [1]
TIM3_ETRClockMode1Config
                        0x009fa6   0x24  Code  Gb  stm8l15x_tim3.o [1]
TIM3_ETRConfig          0x00a1de    0xf  Code  Gb  stm8l15x_tim3.o [1]
TIM3_TimeBaseInit       0x009f82   0x24  Code  Gb  stm8l15x_tim3.o [1]
TIM3_UPD_OVF_TRG_BRK_USART3_TX_IRQHandler
                        0x00a341    0x1  Code  Gb  stm8l15x_it.o [1]
TIM4_UPD_OVF_TRG_IRQHandler
                        0x00a345    0x1  Code  Gb  stm8l15x_it.o [1]
TRAP_IRQHandler         0x00a331    0x1  Code  Gb  stm8l15x_it.o [1]
TimingDelay             0x00004a    0x4  Data  Lc  timing_delay.o [1]
TimingDelay_Decrement   0x009fee   0x24  Code  Gb  timing_delay.o [1]
TimingDelay_Init        0x009ecd   0x25  Code  Gb  timing_delay.o [1]
USART1_RX_TIM5_CC_IRQHandler
                        0x00a348    0x1  Code  Gb  stm8l15x_it.o [1]
USART1_TX_TIM5_UPD_OVF_TRG_BRK_IRQHandler
                        0x00a347    0x1  Code  Gb  stm8l15x_it.o [1]
WriteBurstRFM22B        0x0081dd   0x5f  Code  Gb  RFM22B.o [1]
WriteSingleRFM22B       0x0080ed   0x6a  Code  Gb  RFM22B.o [1]
_LitobSmall             0x0090d1  0x176  Code  Lc  xprintfsmall.o [4]
_PrintfSmall            0x008b6a  0x3a5  Code  Gb  xprintfsmall.o [4]
_PutcharSmall           0x009dee   0x2f  Code  Lc  xprintfsmall.o [4]
_PutcharsSmall          0x009cf0   0x35  Code  Lc  xprintfsmall.o [4]
_SProut                 0x00a29f    0xb  Code  Gb  xsprout.o [4]
__DebugBreak            0x00a34a    0x1  Code  Gb  __dbg_break.o [3]
__exit                  0x00a192   0x14  Code  Gb  __dbg_xxexit.o [3]
__iar_Dint              0x0095a1   0xcb  Code  Gb  xdint.o [4]
__iar_Memchr            0x00a033   0x21  Code  Gb  memchr.o [4]
__iar_Strchr            0x00a155   0x15  Code  Gb  strchr.o [4]
__iar_data_init2        0x00a16a   0x14  Code  Gb  init.o [4]
__iar_program_start     0x00a1b9         Code  Gb  cstartup.o [4]
__iar_unhandled_exception
                        0x00a32c         Code  Gb  unhandled_exception.o [4]
__iar_zero_init2        0x00a09b         Code  Gb  init_small.o [4]
__intvec                0x008000         Data  Gb  interrupt.o [4]
__low_level_init        0x00a326    0x3  Code  Gb  low_level_init.o [4]
_buf                    0x000010   0x32  Data  Lc  RFM22B.o [1]
_bufLen                 0x000059    0x1  Data  Gb  RFM22B.o [1]
_deviceType             0x000058    0x1  Data  Lc  RFM22B.o [1]
_exit                   0x00a30e         Code  Gb  cexit.o [4]
_idleMode               0x000057    0x1  Data  Lc  RFM22B.o [1]
_interrupt_1            0x00a331         Code  Gb  stm8l15x_it.o [1]
_interrupt_10           0x00a339         Code  Gb  stm8l15x_it.o [1]
_interrupt_11           0x00a33a         Code  Gb  stm8l15x_it.o [1]
_interrupt_12           0x00a33b         Code  Gb  stm8l15x_it.o [1]
_interrupt_13           0x00a0b9         Code  Gb  stm8l15x_it.o [1]
_interrupt_14           0x009ea4         Code  Gb  stm8l15x_it.o [1]
_interrupt_15           0x009d25         Code  Gb  stm8l15x_it.o [1]
_interrupt_16           0x009d58         Code  Gb  stm8l15x_it.o [1]
_interrupt_17           0x00a33c         Code  Gb  stm8l15x_it.o [1]
_interrupt_18           0x00a33d         Code  Gb  stm8l15x_it.o [1]
_interrupt_19           0x00a33e         Code  Gb  stm8l15x_it.o [1]
_interrupt_20           0x00a33f         Code  Gb  stm8l15x_it.o [1]
_interrupt_21           0x00a0d5         Code  Gb  stm8l15x_it.o [1]
_interrupt_22           0x00a340         Code  Gb  stm8l15x_it.o [1]
_interrupt_23           0x00a341         Code  Gb  stm8l15x_it.o [1]
_interrupt_24           0x00a342         Code  Gb  stm8l15x_it.o [1]
_interrupt_25           0x00a343         Code  Gb  stm8l15x_it.o [1]
_interrupt_26           0x00a344         Code  Gb  stm8l15x_it.o [1]
_interrupt_27           0x00a345         Code  Gb  stm8l15x_it.o [1]
_interrupt_28           0x00a346         Code  Gb  stm8l15x_it.o [1]
_interrupt_29           0x00a347         Code  Gb  stm8l15x_it.o [1]
_interrupt_3            0x00a332         Code  Gb  stm8l15x_it.o [1]
_interrupt_30           0x00a348         Code  Gb  stm8l15x_it.o [1]
_interrupt_31           0x00a349         Code  Gb  stm8l15x_it.o [1]
_interrupt_4            0x00a333         Code  Gb  stm8l15x_it.o [1]
_interrupt_5            0x00a334         Code  Gb  stm8l15x_it.o [1]
_interrupt_6            0x00a335         Code  Gb  stm8l15x_it.o [1]
_interrupt_7            0x00a336         Code  Gb  stm8l15x_it.o [1]
_interrupt_8            0x00a337         Code  Gb  stm8l15x_it.o [1]
_interrupt_9            0x00a338         Code  Gb  stm8l15x_it.o [1]
_lastRssi               0x00005d    0x1  Data  Gb  RFM22B.o [1]
_mode                   0x000056    0x1  Data  Lc  RFM22B.o [1]
_rxBad                  0x00004e    0x2  Data  Gb  RFM22B.o [1]
_rxBufValid             0x00005a    0x1  Data  Gb  RFM22B.o [1]
_rxGood                 0x000050    0x2  Data  Gb  RFM22B.o [1]
_txBufSentIndex         0x00005c    0x1  Data  Gb  RFM22B.o [1]
_txGood                 0x000052    0x2  Data  Gb  RFM22B.o [1]
_txPacketSent           0x00005b    0x1  Data  Gb  RFM22B.o [1]
appendTxBuf             0x008738   0x3e  Code  Gb  RFM22B.o [1]
clearRxBuf              0x00843a    0x9  Code  Gb  RFM22B.o [1]
clearTxBuf              0x008443    0xd  Code  Gb  RFM22B.o [1]
exit                    0x00a329    0x3  Code  Gb  exit.o [4]
fillTxBuf               0x008776    0x6  Code  Gb  RFM22B.o [1]
floor                   0x009c47   0x3a  Code  Gb  floor.o [4]
handleExternalInterrupt
                        0x00858f    0x1  Code  Gb  RFM22B.o [1]
handleInterrupt         0x008633   0xe8  Code  Gb  RFM22B.o [1]
handleWakeupTimerInterrupt
                        0x00858e    0x1  Code  Gb  RFM22B.o [1]
interruptCb             0x000054    0x2  Data  Lc  RFM22B.o [1]
last_encoder            0x000042    0x4  Data  Gb  main.o [1]
main                    0x009735   0xb9  Code  Gb  main.o [1]
memcpy                  0x00a07c   0x1f  Code  Gb  memcpy.o [4]
new_encoder             0x000046    0x4  Data  Gb  main.o [1]
pad                     0x009cb9   0x37  Code  Lc  xprintfsmall.o [4]
readNextFragment        0x008590   0x27  Code  Gb  RFM22B.o [1]
reset                   0x008450   0x12  Code  Gb  RFM22B.o [1]
resetFifos              0x008623   0x10  Code  Gb  RFM22B.o [1]
resetRxFifo             0x00857e   0x10  Code  Gb  RFM22B.o [1]
restartTransmit         0x008614    0xf  Code  Gb  RFM22B.o [1]
rfIsr                   0x008240    0xb  Code  Gb  RFM22B.o [1]
rfSetInterruptCallback  0x00823c    0x4  Code  Gb  RFM22B.o [1]
send                    0x00877c   0x1f  Code  Gb  RFM22B.o [1]
sendNextFragment        0x0085b7   0x39  Code  Gb  RFM22B.o [1]
setFrequency            0x0082e6  0x11a  Code  Gb  RFM22B.o [1]
setHeaderFlags          0x008400    0x7  Code  Gb  RFM22B.o [1]
setHeaderFrom           0x00840e    0x7  Code  Gb  RFM22B.o [1]
setHeaderId             0x008407    0x7  Code  Gb  RFM22B.o [1]
setHeaderTo             0x008415    0x7  Code  Gb  RFM22B.o [1]
setMode                 0x008563    0x7  Code  Gb  RFM22B.o [1]
setModeIdle             0x008720   0x11  Code  Gb  RFM22B.o [1]
setModeRx               0x00856a   0x14  Code  Gb  RFM22B.o [1]
setModeTx               0x0085f0   0x14  Code  Gb  RFM22B.o [1]
setModemConfig          0x0082b2   0x34  Code  Gb  RFM22B.o [1]
setModemRegisters       0x008252   0x60  Code  Gb  RFM22B.o [1]
setPreambleLength       0x008433    0x7  Code  Gb  RFM22B.o [1]
setPromiscuous          0x00841c   0x10  Code  Gb  RFM22B.o [1]
setSyncWords            0x00842c    0x7  Code  Gb  RFM22B.o [1]
setTxPower              0x00824b    0x7  Code  Gb  RFM22B.o [1]
sprintf                 0x009b91   0x3d  Code  Gb  sprintf.o [4]
startTransmit           0x008604   0x10  Code  Gb  RFM22B.o [1]
statusRead              0x00871b    0x5  Code  Gb  RFM22B.o [1]
strlen                  0x00a27c    0xd  Code  Gb  strlen.o [4]
waitPacketSent          0x008731    0x7  Code  Gb  RFM22B.o [1]


[1] = D:\STM8Workspace\FT-TRSY\FT_TSCP_FW\Debug\Obj
[2] = command line
[3] = dbgstm8smd.a
[4] = dlstm8smn.a

  8 377 bytes of readonly  code memory
    658 bytes of readonly  data memory
    350 bytes of readwrite data memory

Errors: none
Warnings: none
