###############################################################################
#
# IAR ELF Linker V3.10.1.201 for STM8                     26/May/2019  02:17:16
# Copyright 2010-2017 IAR Systems AB.
#
#    Output file  =  D:\STM8Workspace\FT-TRSY\FT_TSCP_FW\Debug\Exe\FT_TSCP.out
#    Map file     =  D:\STM8Workspace\FT-TRSY\FT_TSCP_FW\Debug\List\FT_TSCP.map
#    Command line =  
#        -f C:\Users\LNCZGE~1\AppData\Local\Temp\EWAE2A.tmp
#        (D:\STM8Workspace\FT-TRSY\FT_TSCP_FW\Debug\Obj\main.o
#        D:\STM8Workspace\FT-TRSY\FT_TSCP_FW\Debug\Obj\RFM22B.o
#        D:\STM8Workspace\FT-TRSY\FT_TSCP_FW\Debug\Obj\stm8l15x_adc.o
#        D:\STM8Workspace\FT-TRSY\FT_TSCP_FW\Debug\Obj\stm8l15x_aes.o
#        D:\STM8Workspace\FT-TRSY\FT_TSCP_FW\Debug\Obj\stm8l15x_beep.o
#        D:\STM8Workspace\FT-TRSY\FT_TSCP_FW\Debug\Obj\stm8l15x_clk.o
#        D:\STM8Workspace\FT-TRSY\FT_TSCP_FW\Debug\Obj\stm8l15x_comp.o
#        D:\STM8Workspace\FT-TRSY\FT_TSCP_FW\Debug\Obj\stm8l15x_dac.o
#        D:\STM8Workspace\FT-TRSY\FT_TSCP_FW\Debug\Obj\stm8l15x_dma.o
#        D:\STM8Workspace\FT-TRSY\FT_TSCP_FW\Debug\Obj\stm8l15x_exti.o
#        D:\STM8Workspace\FT-TRSY\FT_TSCP_FW\Debug\Obj\stm8l15x_flash.o
#        D:\STM8Workspace\FT-TRSY\FT_TSCP_FW\Debug\Obj\stm8l15x_gpio.o
#        D:\STM8Workspace\FT-TRSY\FT_TSCP_FW\Debug\Obj\stm8l15x_i2c.o
#        D:\STM8Workspace\FT-TRSY\FT_TSCP_FW\Debug\Obj\stm8l15x_irtim.o
#        D:\STM8Workspace\FT-TRSY\FT_TSCP_FW\Debug\Obj\stm8l15x_it.o
#        D:\STM8Workspace\FT-TRSY\FT_TSCP_FW\Debug\Obj\stm8l15x_itc.o
#        D:\STM8Workspace\FT-TRSY\FT_TSCP_FW\Debug\Obj\stm8l15x_iwdg.o
#        D:\STM8Workspace\FT-TRSY\FT_TSCP_FW\Debug\Obj\stm8l15x_lcd.o
#        D:\STM8Workspace\FT-TRSY\FT_TSCP_FW\Debug\Obj\stm8l15x_pwr.o
#        D:\STM8Workspace\FT-TRSY\FT_TSCP_FW\Debug\Obj\stm8l15x_rst.o
#        D:\STM8Workspace\FT-TRSY\FT_TSCP_FW\Debug\Obj\stm8l15x_rtc.o
#        D:\STM8Workspace\FT-TRSY\FT_TSCP_FW\Debug\Obj\stm8l15x_spi.o
#        D:\STM8Workspace\FT-TRSY\FT_TSCP_FW\Debug\Obj\stm8l15x_syscfg.o
#        D:\STM8Workspace\FT-TRSY\FT_TSCP_FW\Debug\Obj\stm8l15x_tim1.o
#        D:\STM8Workspace\FT-TRSY\FT_TSCP_FW\Debug\Obj\stm8l15x_tim2.o
#        D:\STM8Workspace\FT-TRSY\FT_TSCP_FW\Debug\Obj\stm8l15x_tim3.o
#        D:\STM8Workspace\FT-TRSY\FT_TSCP_FW\Debug\Obj\stm8l15x_tim4.o
#        D:\STM8Workspace\FT-TRSY\FT_TSCP_FW\Debug\Obj\stm8l15x_tim5.o
#        D:\STM8Workspace\FT-TRSY\FT_TSCP_FW\Debug\Obj\stm8l15x_usart.o
#        D:\STM8Workspace\FT-TRSY\FT_TSCP_FW\Debug\Obj\stm8l15x_wfe.o
#        D:\STM8Workspace\FT-TRSY\FT_TSCP_FW\Debug\Obj\stm8l15x_wwdg.o
#        D:\STM8Workspace\FT-TRSY\FT_TSCP_FW\Debug\Obj\timing_delay.o
#        --redirect _Printf=_PrintfSmall --redirect _Scanf=_ScanfSmall -o
#        D:\STM8Workspace\FT-TRSY\FT_TSCP_FW\Debug\Exe\FT_TSCP.out --map
#        D:\STM8Workspace\FT-TRSY\FT_TSCP_FW\Debug\List\FT_TSCP.map --config
#        "C:\Program Files (x86)\IAR Systems\Embedded Workbench
#        8.0\stm8\config\lnkstm8al3l66.icf" --config_def _CSTACK_SIZE=0x100
#        --config_def _HEAP_SIZE=0x100 --entry __iar_program_start --debug_lib)
#
###############################################################################

*******************************************************************************
*** RUNTIME MODEL ATTRIBUTES
***

__SystemLibrary            = DLib
__code_model               = small
__core                     = stm8
__data_model               = medium
__dlib_file_descriptor     = 0
__dlib_full_locale_support = 0
__rt_version               = 4


*******************************************************************************
*** PLACEMENT SUMMARY
***

"A0":  place at start of [0x000000-0x0000ff] { rw section .vregs };
"A1":  place at end of [0x000000-0x0007ff] { block CSTACK };
"P2":  place in [from 0x000000 to 0x0007ff] {
          block HEAP, rw section __DLIB_PERTHREAD, rw section .far.bss,
          rw section .far.data, rw section .far.noinit,
          rw section .far_func.textrw, rw section .huge.bss,
          rw section .huge.data, rw section .huge.noinit,
          rw section .huge_func.textrw, rw section .iar.dynexit,
          rw section .near.bss, rw section .near.data, rw section .near.noinit,
          rw section .near_func.textrw };
"A2":  place at start of [0x008000-0x00ffff] { block INTVEC };
"P3":  place in [from 0x008000 to 0x00ffff] {
          ro section __DLIB_PERTHREAD_init, ro section .far.data_init,
          ro section .far_func.textrw_init, ro section .huge.data_init,
          ro section .huge_func.textrw_init, ro section .iar.init_table,
          ro section .init_array, ro section .near.data_init,
          ro section .near.rodata, ro section .near_func.text,
          ro section .near_func.textrw_init, ro section .tiny.data_init,
          ro section .tiny.rodata_init };
"P4":  place in [from 0x008000 to 0x00ffff] {
          ro section .far.rodata, ro section .far_func.text };
"P5":  place in [from 0x008000 to 0x00ffff] {
          ro section .huge.rodata, ro section .huge_func.text };
do not initialize {
   rw section .eeprom.noinit, rw section .far.noinit, rw section .huge.noinit,
   rw section .near.noinit, rw section .tiny.noinit, rw section .vregs };

  Section          Kind      Address    Size  Object
  -------          ----      -------    ----  ------
"A0":                                   0x10
  .vregs           uninit   0x000000    0x10  vregs.o [4]
                          - 0x000010    0x10

"P2":                                   0x50
  .near.bss        zero     0x000010    0x32  RFM22B.o [1]
  .near.bss        zero     0x000042     0x4  main.o [1]
  .near.bss        zero     0x000046     0x4  main.o [1]
  .near.bss        zero     0x00004a     0x4  timing_delay.o [1]
  .near.bss        zero     0x00004e     0x2  main.o [1]
  .near.bss        zero     0x000050     0x2  RFM22B.o [1]
  .near.bss        zero     0x000052     0x2  RFM22B.o [1]
  .near.bss        zero     0x000054     0x2  RFM22B.o [1]
  .near.bss        zero     0x000056     0x2  RFM22B.o [1]
  .near.bss        zero     0x000058     0x1  RFM22B.o [1]
  .near.bss        zero     0x000059     0x1  RFM22B.o [1]
  .near.bss        zero     0x00005a     0x1  RFM22B.o [1]
  .near.bss        zero     0x00005b     0x1  RFM22B.o [1]
  .near.bss        zero     0x00005c     0x1  RFM22B.o [1]
  .near.bss        zero     0x00005d     0x1  RFM22B.o [1]
  .near.bss        zero     0x00005e     0x1  RFM22B.o [1]
  .near.bss        zero     0x00005f     0x1  RFM22B.o [1]
                          - 0x000060    0x50

"A1":                                  0x100
  CSTACK                    0x000700   0x100  <Block>
    CSTACK         uninit   0x000700   0x100  <Block tail>
                          - 0x000800   0x100

"A2":                                   0x80
  INTVEC                    0x008000    0x80  <Block>
    .intvec        const    0x008000    0x80  interrupt.o [4]
                          - 0x008080    0x80

"P3-P5":                              0x1b3e
  .near_func.text  ro code  0x008080   0x702  RFM22B.o [1]
  .near_func.text  ro code  0x008782   0x3f2  float.o [4]
  .near.rodata     const    0x008b74   0x1c2  RFM22B.o [1]
  .near_func.text  ro code  0x008d36   0x114  vreg_util.o [4]
  .near_func.text  ro code  0x008e4a   0x113  stm8l15x_itc.o [1]
  .near_func.text  ro code  0x008f5d   0x10d  stm8l15x_exti.o [1]
  .near_func.text  ro code  0x00906a    0xcb  xdint.o [4]
  .near_func.text  ro code  0x009135    0xaf  main.o [1]
  .near_func.text  ro code  0x0091e4    0x98  stm8l15x_clk.o [1]
  .near_func.text  ro code  0x00927c    0x8e  stm8l15x_gpio.o [1]
  .near_func.text  ro code  0x00930a    0x89  stm8l15x_clk.o [1]
  .near_func.text  ro code  0x009393    0x61  stm8l15x_tim1.o [1]
  .near_func.text  ro code  0x0093f4    0x55  stm8l15x_adc.o [1]
  .near_func.text  ro code  0x009449    0x55  long_util.o [4]
  .near_func.text  ro code  0x00949e    0x51  main.o [1]
  .near_func.text  ro code  0x0094ef    0x46  main.o [1]
  .near_func.text  ro code  0x009535    0x41  stm8l15x_spi.o [1]
  .near_func.text  ro code  0x009576    0x3c  main.o [1]
  .near_func.text  ro code  0x0095b2    0x3a  floor.o [4]
  .near_func.text  ro code  0x0095ec    0x38  main.o [1]
  .near_func.text  ro code  0x009624    0x33  stm8l15x_it.o [1]
  .near_func.text  ro code  0x009657    0x33  stm8l15x_it.o [1]
  .near.rodata     const    0x00968a    0x32  main.o [1]
  .near.rodata     const    0x0096bc    0x32  main.o [1]
  .near_func.text  ro code  0x0096ee    0x31  stm8l15x_adc.o [1]
  .near_func.text  ro code  0x00971f    0x2e  short.o [4]
  .near_func.text  ro code  0x00974d    0x2d  main.o [1]
  .near_func.text  ro code  0x00977a    0x2c  stm8l15x_gpio.o [1]
  .near_func.text  ro code  0x0097a6    0x29  stm8l15x_it.o [1]
  .near_func.text  ro code  0x0097cf    0x25  timing_delay.o [1]
  .near_func.text  ro code  0x0097f4    0x24  main.o [1]
  .near_func.text  ro code  0x009818    0x24  stm8l15x_adc.o [1]
  .near_func.text  ro code  0x00983c    0x24  stm8l15x_tim1.o [1]
  .near_func.text  ro code  0x009860    0x24  stm8l15x_tim2.o [1]
  .near_func.text  ro code  0x009884    0x24  stm8l15x_tim3.o [1]
  .near_func.text  ro code  0x0098a8    0x24  stm8l15x_tim3.o [1]
  .near_func.text  ro code  0x0098cc    0x24  timing_delay.o [1]
  .near_func.text  ro code  0x0098f0    0x24  timing_delay.o [1]
  .near_func.text  ro code  0x009914    0x21  stm8l15x_exti.o [1]
  .iar.init_table  const    0x009935     0x8  - Linker created -
  .near_func.text  ro code  0x00993d    0x20  main.o [1]
  .near_func.text  ro code  0x00995d    0x1f  memcpy.o [4]
  .near_func.text  ro code  0x00997c    0x1e  init_small.o [4]
  .near_func.text  ro code  0x00999a    0x1c  stm8l15x_it.o [1]
  .near_func.text  ro code  0x0099b6    0x1b  stm8l15x_it.o [1]
  .near_func.text  ro code  0x0099d1    0x1a  stm8l15x_spi.o [1]
  .near_func.text  ro code  0x0099eb    0x1a  stm8l15x_tim2.o [1]
  .near_func.text  ro code  0x009a05    0x19  stm8l15x_spi.o [1]
  .near_func.text  ro code  0x009a1e    0x19  long.o [4]
  .near_func.text  ro code  0x009a37    0x18  dc_util.o [4]
  .near_func.text  ro code  0x009a4f    0x14  init.o [4]
  .near_func.text  ro code  0x009a63    0x14  __dbg_xxexit.o [3]
  .near_func.text  ro code  0x009a77    0x13  stm8l15x_clk.o [1]
  .near_func.text  ro code  0x009a8a    0x13  cstartup.o [4]
  .near_func.text  ro code  0x009a9d    0x12  stm8l15x_gpio.o [1]
  .near_func.text  ro code  0x009aaf     0xf  stm8l15x_tim3.o [1]
  .near_func.text  ro code  0x009abe     0xd  RFM22B.o [1]
  .near_func.text  ro code  0x009acb     0xd  stm8l15x_adc.o [1]
  .near_func.text  ro code  0x009ad8     0xd  stm8l15x_clk.o [1]
  .near_func.text  ro code  0x009ae5     0xd  stm8l15x_tim1.o [1]
  .near_func.text  ro code  0x009af2     0xd  stm8l15x_tim1.o [1]
  .near_func.text  ro code  0x009aff     0xd  stm8l15x_tim1.o [1]
  .near_func.text  ro code  0x009b0c     0xd  stm8l15x_tim1.o [1]
  .near_func.text  ro code  0x009b19     0xd  stm8l15x_tim2.o [1]
  .near_func.text  ro code  0x009b26     0xd  stm8l15x_tim3.o [1]
  .near_func.text  ro code  0x009b33     0xd  move.o [4]
  .near_func.text  ro code  0x009b40     0xb  stm8l15x_tim2.o [1]
  .near_func.text  ro code  0x009b4b     0xa  RFM22B.o [1]
  .near_func.text  ro code  0x009b55     0x8  RFM22B.o [1]
  .near_func.text  ro code  0x009b5d     0x7  stm8l15x_gpio.o [1]
  .near_func.text  ro code  0x009b64     0x7  stm8l15x_gpio.o [1]
  .near_func.text  ro code  0x009b6b     0x7  stm8l15x_gpio.o [1]
  .near_func.text  ro code  0x009b72     0x5  stm8l15x_adc.o [1]
  .near_func.text  ro code  0x009b77     0x5  stm8l15x_tim2.o [1]
  .near_func.text  ro code  0x009b7c     0x5  char.o [4]
  .near_func.text  ro code  0x009b81     0x5  cexit.o [4]
  .near_func.text  ro code  0x009b86     0x4  stm8l15x_clk.o [1]
  .near_func.text  ro code  0x009b8a     0x4  stm8l15x_clk.o [1]
  .near_func.text  ro code  0x009b8e     0x4  stm8l15x_clk.o [1]
  .near_func.text  ro code  0x009b92     0x4  stm8l15x_gpio.o [1]
  .near_func.text  ro code  0x009b96     0x3  interrupt.o [4]
  .near_func.text  ro code  0x009b99     0x3  low_level_init.o [4]
  .near_func.text  ro code  0x009b9c     0x3  exit.o [4]
  .near_func.text  ro code  0x009b9f     0x3  unhandled_exception.o [4]
  .near.rodata     const    0x009ba2     0x2  RFM22B.o [1]
  .near_func.text  ro code  0x009ba4     0x1  stm8l15x_it.o [1]
  .near_func.text  ro code  0x009ba5     0x1  stm8l15x_it.o [1]
  .near_func.text  ro code  0x009ba6     0x1  stm8l15x_it.o [1]
  .near_func.text  ro code  0x009ba7     0x1  stm8l15x_it.o [1]
  .near_func.text  ro code  0x009ba8     0x1  stm8l15x_it.o [1]
  .near_func.text  ro code  0x009ba9     0x1  stm8l15x_it.o [1]
  .near_func.text  ro code  0x009baa     0x1  stm8l15x_it.o [1]
  .near_func.text  ro code  0x009bab     0x1  stm8l15x_it.o [1]
  .near_func.text  ro code  0x009bac     0x1  stm8l15x_it.o [1]
  .near_func.text  ro code  0x009bad     0x1  stm8l15x_it.o [1]
  .near_func.text  ro code  0x009bae     0x1  stm8l15x_it.o [1]
  .near_func.text  ro code  0x009baf     0x1  stm8l15x_it.o [1]
  .near_func.text  ro code  0x009bb0     0x1  stm8l15x_it.o [1]
  .near_func.text  ro code  0x009bb1     0x1  stm8l15x_it.o [1]
  .near_func.text  ro code  0x009bb2     0x1  stm8l15x_it.o [1]
  .near_func.text  ro code  0x009bb3     0x1  stm8l15x_it.o [1]
  .near_func.text  ro code  0x009bb4     0x1  stm8l15x_it.o [1]
  .near_func.text  ro code  0x009bb5     0x1  stm8l15x_it.o [1]
  .near_func.text  ro code  0x009bb6     0x1  stm8l15x_it.o [1]
  .near_func.text  ro code  0x009bb7     0x1  stm8l15x_it.o [1]
  .near_func.text  ro code  0x009bb8     0x1  stm8l15x_it.o [1]
  .near_func.text  ro code  0x009bb9     0x1  stm8l15x_it.o [1]
  .near_func.text  ro code  0x009bba     0x1  stm8l15x_it.o [1]
  .near_func.text  ro code  0x009bbb     0x1  stm8l15x_it.o [1]
  .near_func.text  ro code  0x009bbc     0x1  stm8l15x_it.o [1]
  .near_func.text  ro code  0x009bbd     0x1  __dbg_break.o [3]
                          - 0x009bbe  0x1b3e


*******************************************************************************
*** INIT TABLE
***

          Address   Size
          -------   ----
Zero (__iar_zero_init2)
    1 destination range, total size 0x50:
          0x000010  0x50



*******************************************************************************
*** MODULE SUMMARY
***

    Module                 ro code  ro data  rw data
    ------                 -------  -------  -------
D:\STM8Workspace\FT-TRSY\FT_TSCP_FW\Debug\Obj: [1]
    RFM22B.o                 1 825      452       66
    main.o                     555      100       10
    stm8l15x_adc.o             188
    stm8l15x_clk.o             333
    stm8l15x_exti.o            302
    stm8l15x_gpio.o            229
    stm8l15x_it.o              223
    stm8l15x_itc.o             275
    stm8l15x_spi.o             116
    stm8l15x_tim1.o            185
    stm8l15x_tim2.o             91
    stm8l15x_tim3.o            100
    timing_delay.o             109                 4
    ------------------------------------------------
    Total:                   4 531      552       80

command line: [2]
    ------------------------------------------------
    Total:

dbgstm8smd.a: [3]
    __dbg_break.o                1
    __dbg_xxexit.o              20
    ------------------------------------------------
    Total:                      21

dlstm8smn.a: [4]
    cexit.o                      5
    char.o                       5
    cstartup.o                  19
    dc_util.o                   24
    exit.o                       3
    float.o                  1 010
    floor.o                     58
    init.o                      20
    init_small.o                30
    interrupt.o                  3      128
    long.o                      25
    long_util.o                 85
    low_level_init.o             3
    memcpy.o                    31
    move.o                      13
    short.o                     46
    unhandled_exception.o        3
    vreg_util.o                276
    vregs.o                                       16
    xdint.o                    203
    ------------------------------------------------
    Total:                   1 862      128       16

    Linker created                        8      256
----------------------------------------------------
    Grand Total:             6 414      688      352


*******************************************************************************
*** ENTRY LIST
***

Entry                    Address   Size  Type      Object
-----                    -------   ----  ----      ------
.iar.init_table$$Base   0x009935          --   Gb  - Linker created -
.iar.init_table$$Limit  0x00993d          --   Gb  - Linker created -
?b0                     0x000000         Data  Gb  vregs.o [4]
?b1                     0x000001         Data  Gb  vregs.o [4]
?b10                    0x00000a         Data  Gb  vregs.o [4]
?b11                    0x00000b         Data  Gb  vregs.o [4]
?b12                    0x00000c         Data  Gb  vregs.o [4]
?b13                    0x00000d         Data  Gb  vregs.o [4]
?b14                    0x00000e         Data  Gb  vregs.o [4]
?b15                    0x00000f         Data  Gb  vregs.o [4]
?b2                     0x000002         Data  Gb  vregs.o [4]
?b3                     0x000003         Data  Gb  vregs.o [4]
?b4                     0x000004         Data  Gb  vregs.o [4]
?b5                     0x000005         Data  Gb  vregs.o [4]
?b6                     0x000006         Data  Gb  vregs.o [4]
?b7                     0x000007         Data  Gb  vregs.o [4]
?b8                     0x000008         Data  Gb  vregs.o [4]
?b9                     0x000009         Data  Gb  vregs.o [4]
?dc32_l1                0x009a37         Code  Gb  dc_util.o [4]
?dc32_px                0x009a44         Code  Gb  dc_util.o [4]
?dec32_0x_0x            0x009a23         Code  Gb  long.o [4]
?dec32_l0_l0            0x009a1e         Code  Gb  long.o [4]
?e0                     0x000001         Data  Gb  vregs.o [4]
?e1                     0x000005         Data  Gb  vregs.o [4]
?e2                     0x000009         Data  Gb  vregs.o [4]
?e3                     0x00000d         Data  Gb  vregs.o [4]
?epilogue_l2            0x008dc5         Code  Gb  vreg_util.o [4]
?epilogue_l2_l3         0x008dc2         Code  Gb  vreg_util.o [4]
?epilogue_w4            0x008dc9         Code  Gb  vreg_util.o [4]
?fadd32_l0_l0_dc32      0x0087a5         Code  Gb  float.o [4]
?fadd32_l0_l0_l1        0x0087aa         Code  Gb  float.o [4]
?fcastf32s16_l0_x       0x008a2f         Code  Gb  float.o [4]
?fcasts16f32_x_l0       0x008a52         Code  Gb  float.o [4]
?fcmpge32_c_l0_0x       0x0089d0         Code  Gb  float.o [4]
?fcmpge32_c_l0_dc32     0x0089cb         Code  Gb  float.o [4]
?fcmplt32_c_l0_0x       0x0089d9         Code  Gb  float.o [4]
?fcmplt32_c_l0_dc32     0x0089d4         Code  Gb  float.o [4]
?fdiv32_l0_l0_dc32      0x008918         Code  Gb  float.o [4]
?fdiv32_l0_l0_l1        0x00891d         Code  Gb  float.o [4]
?fmul32_l0_l0_dc32      0x008878         Code  Gb  float.o [4]
?fmul32_l0_l0_l1        0x00887d         Code  Gb  float.o [4]
?fsub32_l0_l0_l1        0x00879f         Code  Gb  float.o [4]
?l0                     0x000000         Data  Gb  vregs.o [4]
?l1                     0x000004         Data  Gb  vregs.o [4]
?l2                     0x000008         Data  Gb  vregs.o [4]
?l3                     0x00000c         Data  Gb  vregs.o [4]
?load32_0x_l0           0x009471         Code  Gb  long_util.o [4]
?load32_0x_l2           0x009490         Code  Gb  long_util.o [4]
?load32_asp_l2          0x009484         Code  Gb  long_util.o [4]
?load32_dbsp_l2         0x00947f         Code  Gb  long_util.o [4]
?load32_l0_0x           0x009459         Code  Gb  long_util.o [4]
?load32_l0_asp          0x00944e         Code  Gb  long_util.o [4]
?load32_l0_dbsp         0x009449         Code  Gb  long_util.o [4]
?load32_l0_xsp          0x009450         Code  Gb  long_util.o [4]
?load32_l1_0x           0x009465         Code  Gb  long_util.o [4]
?load32_xsp_l2          0x009486         Code  Gb  long_util.o [4]
?mov_e0_e1              0x008de5         Code  Gb  vreg_util.o [4]
?mov_e0_e2              0x008df2         Code  Gb  vreg_util.o [4]
?mov_e0_e3              0x008dff         Code  Gb  vreg_util.o [4]
?mov_e1_e0              0x008e0c         Code  Gb  vreg_util.o [4]
?mov_e1_e3              0x008e19         Code  Gb  vreg_util.o [4]
?mov_e2_e0              0x008e26         Code  Gb  vreg_util.o [4]
?mov_e3_e0              0x008e33         Code  Gb  vreg_util.o [4]
?mov_e3_e1              0x008e40         Code  Gb  vreg_util.o [4]
?mov_l0_l1              0x008de2         Code  Gb  vreg_util.o [4]
?mov_l0_l2              0x008def         Code  Gb  vreg_util.o [4]
?mov_l0_l3              0x008dfc         Code  Gb  vreg_util.o [4]
?mov_l1_l0              0x008e09         Code  Gb  vreg_util.o [4]
?mov_l1_l3              0x008e16         Code  Gb  vreg_util.o [4]
?mov_l2_l0              0x008e23         Code  Gb  vreg_util.o [4]
?mov_l3_l0              0x008e30         Code  Gb  vreg_util.o [4]
?mov_l3_l1              0x008e3d         Code  Gb  vreg_util.o [4]
?mov_w0_w1              0x008dcd         Code  Gb  vreg_util.o [4]
?mov_w1_w0              0x008dd4         Code  Gb  vreg_util.o [4]
?mov_w1_w3              0x008de8         Code  Gb  vreg_util.o [4]
?mov_w1_w5              0x008df5         Code  Gb  vreg_util.o [4]
?mov_w1_w7              0x008e02         Code  Gb  vreg_util.o [4]
?mov_w2_w1              0x008ddb         Code  Gb  vreg_util.o [4]
?mov_w3_w1              0x008e0f         Code  Gb  vreg_util.o [4]
?mov_w3_w7              0x008e1c         Code  Gb  vreg_util.o [4]
?mov_w5_w1              0x008e29         Code  Gb  vreg_util.o [4]
?mov_w7_w1              0x008e36         Code  Gb  vreg_util.o [4]
?mov_w7_w3              0x008e43         Code  Gb  vreg_util.o [4]
?move1616_v_x_y_a       0x009b33         Code  Gb  move.o [4]
?mul16_x_x_w0           0x00971f         Code  Gb  short.o [4]
?pop_l0                 0x008d8e         Code  Gb  vreg_util.o [4]
?pop_l1                 0x008d99         Code  Gb  vreg_util.o [4]
?pop_l2                 0x008da4         Code  Gb  vreg_util.o [4]
?pop_l3                 0x008daf         Code  Gb  vreg_util.o [4]
?pop_w4                 0x008d4e         Code  Gb  vreg_util.o [4]
?push_l0                0x008d5d         Code  Gb  vreg_util.o [4]
?push_l1                0x008d62         Code  Gb  vreg_util.o [4]
?push_l2                0x008d67         Code  Gb  vreg_util.o [4]
?push_l3                0x008d6c         Code  Gb  vreg_util.o [4]
?push_w4                0x008d36         Code  Gb  vreg_util.o [4]
?sll16_x_x_a            0x00973d         Code  Gb  short.o [4]
?sll8_a_a_5             0x009b7c         Code  Gb  char.o [4]
?srl16_x_x_4            0x009748         Code  Gb  short.o [4]
?srl16_x_x_5            0x009747         Code  Gb  short.o [4]
?srl16_x_x_6            0x009746         Code  Gb  short.o [4]
?srl16_x_x_7            0x009745         Code  Gb  short.o [4]
?w0                     0x000000         Data  Gb  vregs.o [4]
?w1                     0x000002         Data  Gb  vregs.o [4]
?w2                     0x000004         Data  Gb  vregs.o [4]
?w3                     0x000006         Data  Gb  vregs.o [4]
?w4                     0x000008         Data  Gb  vregs.o [4]
?w5                     0x00000a         Data  Gb  vregs.o [4]
?w6                     0x00000c         Data  Gb  vregs.o [4]
?w7                     0x00000e         Data  Gb  vregs.o [4]
ADC1_COMP_IRQHandler    0x009bb2    0x1  Code  Gb  stm8l15x_it.o [1]
ADC_ChannelCmd          0x0093f4   0x55  Code  Gb  stm8l15x_adc.o [1]
ADC_Cmd                 0x009acb    0xd  Code  Gb  stm8l15x_adc.o [1]
ADC_Config              0x009576   0x3c  Code  Lc  main.o [1]
ADC_Init                0x009818   0x24  Code  Gb  stm8l15x_adc.o [1]
ADC_SamplingTimeConfig  0x0096ee   0x31  Code  Gb  stm8l15x_adc.o [1]
ADC_SoftwareStartConv   0x009b72    0x5  Code  Gb  stm8l15x_adc.o [1]
CLK_Config              0x0097f4   0x24  Code  Lc  main.o [1]
CLK_GetFlagStatus       0x0091e4   0x98  Code  Gb  stm8l15x_clk.o [1]
CLK_GetSYSCLKSource     0x009b8a    0x4  Code  Gb  stm8l15x_clk.o [1]
CLK_HSEConfig           0x009a77   0x13  Code  Gb  stm8l15x_clk.o [1]
CLK_PeripheralClockConfig
                        0x00930a   0x89  Code  Gb  stm8l15x_clk.o [1]
CLK_SYSCLKDivConfig     0x009b8e    0x4  Code  Gb  stm8l15x_clk.o [1]
CLK_SYSCLKSourceConfig  0x009b86    0x4  Code  Gb  stm8l15x_clk.o [1]
CLK_SYSCLKSourceSwitchCmd
                        0x009ad8    0xd  Code  Gb  stm8l15x_clk.o [1]
CSTACK$$Base            0x000700          --   Gb  - Linker created -
CSTACK$$Limit           0x000800          --   Gb  - Linker created -
DMA1_CHANNEL0_1_IRQHandler
                        0x009ba6    0x1  Code  Gb  stm8l15x_it.o [1]
DMA1_CHANNEL2_3_IRQHandler
                        0x009ba7    0x1  Code  Gb  stm8l15x_it.o [1]
Delay                   0x0098cc   0x24  Code  Gb  timing_delay.o [1]
EXTI0_IRQHandler        0x009bac    0x1  Code  Gb  stm8l15x_it.o [1]
EXTI1_IRQHandler        0x009bad    0x1  Code  Gb  stm8l15x_it.o [1]
EXTI2_IRQHandler        0x009bae    0x1  Code  Gb  stm8l15x_it.o [1]
EXTI3_IRQHandler        0x00999a   0x1c  Code  Gb  stm8l15x_it.o [1]
EXTI4_IRQHandler        0x0097a6   0x29  Code  Gb  stm8l15x_it.o [1]
EXTI5_IRQHandler        0x009624   0x33  Code  Gb  stm8l15x_it.o [1]
EXTI6_IRQHandler        0x009657   0x33  Code  Gb  stm8l15x_it.o [1]
EXTI7_IRQHandler        0x009baf    0x1  Code  Gb  stm8l15x_it.o [1]
EXTIB_G_IRQHandler      0x009baa    0x1  Code  Gb  stm8l15x_it.o [1]
EXTID_H_IRQHandler      0x009bab    0x1  Code  Gb  stm8l15x_it.o [1]
EXTIE_F_PVD_IRQHandler  0x009ba9    0x1  Code  Gb  stm8l15x_it.o [1]
EXTI_ClearITPendingBit  0x009914   0x21  Code  Gb  stm8l15x_exti.o [1]
EXTI_SetPinSensitivity  0x008f5d  0x10d  Code  Gb  stm8l15x_exti.o [1]
EnableRFM22B            0x009abe    0xd  Code  Gb  RFM22B.o [1]
FLASH_IRQHandler        0x009ba5    0x1  Code  Gb  stm8l15x_it.o [1]
GPIO_Config             0x00949e   0x51  Code  Lc  main.o [1]
GPIO_ExternalPullUpConfig
                        0x00977a   0x2c  Code  Gb  stm8l15x_gpio.o [1]
GPIO_Init               0x00927c   0x8e  Code  Gb  stm8l15x_gpio.o [1]
GPIO_ReadInputDataBit   0x009b6b    0x7  Code  Gb  stm8l15x_gpio.o [1]
GPIO_ResetBits          0x009b92    0x4  Code  Gb  stm8l15x_gpio.o [1]
GPIO_SetBits            0x009b5d    0x7  Code  Gb  stm8l15x_gpio.o [1]
GPIO_ToggleBits         0x009b64    0x7  Code  Gb  stm8l15x_gpio.o [1]
GPIO_WriteBit           0x009a9d   0x12  Code  Gb  stm8l15x_gpio.o [1]
I2C1_SPI2_IRQHandler    0x009bbc    0x1  Code  Gb  stm8l15x_it.o [1]
INTVEC$$Base            0x008000          --   Gb  - Linker created -
INTVEC$$Limit           0x008080          --   Gb  - Linker created -
ITC_Config              0x00974d   0x2d  Code  Lc  main.o [1]
ITC_SetSoftwarePriority
                        0x008e4a  0x113  Code  Gb  stm8l15x_itc.o [1]
LCD_AES_IRQHandler      0x009bb0    0x1  Code  Gb  stm8l15x_it.o [1]
MODEM_CONFIG_TABLE      0x008b74  0x1c2  Data  Lc  RFM22B.o [1]
NselRFM22B              0x009b4b    0xa  Code  Gb  RFM22B.o [1]
RF22init                0x008469  0x101  Code  Gb  RFM22B.o [1]
RTC_CSSLSE_IRQHandler   0x009ba8    0x1  Code  Gb  stm8l15x_it.o [1]
ReadBurstRFM22B         0x008157   0x86  Code  Gb  RFM22B.o [1]
ReadSingleRFM22B        0x008080   0x6d  Code  Gb  RFM22B.o [1]
Region$$Table$$Base     0x009935          --   Gb  - Linker created -
Region$$Table$$Limit    0x00993d          --   Gb  - Linker created -
SPI1_IRQHandler         0x009bb9    0x1  Code  Gb  stm8l15x_it.o [1]
SPI_Cmd                 0x0099d1    0xd  Code  Gb  stm8l15x_spi.o [1]
SPI_Config              0x0095ec   0x38  Code  Lc  main.o [1]
SPI_GetFlagStatus       0x009a05   0x19  Code  Gb  stm8l15x_spi.o [1]
SPI_Init                0x009535   0x41  Code  Gb  stm8l15x_spi.o [1]
SPI_ReceiveData         0x0099e6    0x5  Code  Gb  stm8l15x_spi.o [1]
SPI_SendData            0x0099de    0x8  Code  Gb  stm8l15x_spi.o [1]
SWITCH_CSS_BREAK_DAC_IRQHandler
                        0x009bb1    0x1  Code  Gb  stm8l15x_it.o [1]
ShutdownRFM22B          0x009b55    0x8  Code  Gb  RFM22B.o [1]
TIM1_ARRPreloadConfig   0x009ae5    0xd  Code  Gb  stm8l15x_tim1.o [1]
TIM1_CC_IRQHandler      0x009bb7    0x1  Code  Gb  stm8l15x_it.o [1]
TIM1_Cmd                0x009af2    0xd  Code  Gb  stm8l15x_tim1.o [1]
TIM1_Config             0x0094ef   0x46  Code  Lc  main.o [1]
TIM1_CtrlPWMOutputs     0x009aff    0xd  Code  Gb  stm8l15x_tim1.o [1]
TIM1_OC2Init            0x009393   0x61  Code  Gb  stm8l15x_tim1.o [1]
TIM1_OC2PreloadConfig   0x009b0c    0xd  Code  Gb  stm8l15x_tim1.o [1]
TIM1_TimeBaseInit       0x00983c   0x24  Code  Gb  stm8l15x_tim1.o [1]
TIM1_UPD_OVF_TRG_COM_IRQHandler
                        0x009bb6    0x1  Code  Gb  stm8l15x_it.o [1]
TIM2_CC_USART2_RX_IRQHandler
                        0x009bb3    0x1  Code  Gb  stm8l15x_it.o [1]
TIM2_ClearFlag          0x009b40    0xb  Code  Gb  stm8l15x_tim2.o [1]
TIM2_ClearITPendingBit  0x009b77    0x5  Code  Gb  stm8l15x_tim2.o [1]
TIM2_Cmd                0x009b19    0xd  Code  Gb  stm8l15x_tim2.o [1]
TIM2_ITConfig           0x0099eb   0x1a  Code  Gb  stm8l15x_tim2.o [1]
TIM2_TimeBaseInit       0x009860   0x24  Code  Gb  stm8l15x_tim2.o [1]
TIM2_UPD_OVF_TRG_BRK_USART2_TX_IRQHandler
                        0x0099b6   0x1b  Code  Gb  stm8l15x_it.o [1]
TIM3_CC_USART3_RX_IRQHandler
                        0x009bb5    0x1  Code  Gb  stm8l15x_it.o [1]
TIM3_Cmd                0x009b26    0xd  Code  Gb  stm8l15x_tim3.o [1]
TIM3_Config             0x00993d   0x20  Code  Lc  main.o [1]
TIM3_ETRClockMode1Config
                        0x0098a8   0x24  Code  Gb  stm8l15x_tim3.o [1]
TIM3_ETRConfig          0x009aaf    0xf  Code  Gb  stm8l15x_tim3.o [1]
TIM3_TimeBaseInit       0x009884   0x24  Code  Gb  stm8l15x_tim3.o [1]
TIM3_UPD_OVF_TRG_BRK_USART3_TX_IRQHandler
                        0x009bb4    0x1  Code  Gb  stm8l15x_it.o [1]
TIM4_UPD_OVF_TRG_IRQHandler
                        0x009bb8    0x1  Code  Gb  stm8l15x_it.o [1]
TRAP_IRQHandler         0x009ba4    0x1  Code  Gb  stm8l15x_it.o [1]
TimingDelay             0x00004a    0x4  Data  Lc  timing_delay.o [1]
TimingDelay_Decrement   0x0098f0   0x24  Code  Gb  timing_delay.o [1]
TimingDelay_Init        0x0097cf   0x25  Code  Gb  timing_delay.o [1]
USART1_RX_TIM5_CC_IRQHandler
                        0x009bbb    0x1  Code  Gb  stm8l15x_it.o [1]
USART1_TX_TIM5_UPD_OVF_TRG_BRK_IRQHandler
                        0x009bba    0x1  Code  Gb  stm8l15x_it.o [1]
WriteBurstRFM22B        0x0081dd   0x5f  Code  Gb  RFM22B.o [1]
WriteSingleRFM22B       0x0080ed   0x6a  Code  Gb  RFM22B.o [1]
__DebugBreak            0x009bbd    0x1  Code  Gb  __dbg_break.o [3]
__exit                  0x009a63   0x14  Code  Gb  __dbg_xxexit.o [3]
__iar_Dint              0x00906a   0xcb  Code  Gb  xdint.o [4]
__iar_data_init2        0x009a4f   0x14  Code  Gb  init.o [4]
__iar_program_start     0x009a8a         Code  Gb  cstartup.o [4]
__iar_unhandled_exception
                        0x009b9f         Code  Gb  unhandled_exception.o [4]
__iar_zero_init2        0x00997c         Code  Gb  init_small.o [4]
__intvec                0x008000         Data  Gb  interrupt.o [4]
__low_level_init        0x009b99    0x3  Code  Gb  low_level_init.o [4]
_buf                    0x000010   0x32  Data  Lc  RFM22B.o [1]
_bufLen                 0x00005b    0x1  Data  Gb  RFM22B.o [1]
_deviceType             0x00005a    0x1  Data  Lc  RFM22B.o [1]
_exit                   0x009b81         Code  Gb  cexit.o [4]
_idleMode               0x000059    0x1  Data  Lc  RFM22B.o [1]
_interrupt_1            0x009ba4         Code  Gb  stm8l15x_it.o [1]
_interrupt_10           0x009bac         Code  Gb  stm8l15x_it.o [1]
_interrupt_11           0x009bad         Code  Gb  stm8l15x_it.o [1]
_interrupt_12           0x009bae         Code  Gb  stm8l15x_it.o [1]
_interrupt_13           0x00999a         Code  Gb  stm8l15x_it.o [1]
_interrupt_14           0x0097a6         Code  Gb  stm8l15x_it.o [1]
_interrupt_15           0x009624         Code  Gb  stm8l15x_it.o [1]
_interrupt_16           0x009657         Code  Gb  stm8l15x_it.o [1]
_interrupt_17           0x009baf         Code  Gb  stm8l15x_it.o [1]
_interrupt_18           0x009bb0         Code  Gb  stm8l15x_it.o [1]
_interrupt_19           0x009bb1         Code  Gb  stm8l15x_it.o [1]
_interrupt_20           0x009bb2         Code  Gb  stm8l15x_it.o [1]
_interrupt_21           0x0099b6         Code  Gb  stm8l15x_it.o [1]
_interrupt_22           0x009bb3         Code  Gb  stm8l15x_it.o [1]
_interrupt_23           0x009bb4         Code  Gb  stm8l15x_it.o [1]
_interrupt_24           0x009bb5         Code  Gb  stm8l15x_it.o [1]
_interrupt_25           0x009bb6         Code  Gb  stm8l15x_it.o [1]
_interrupt_26           0x009bb7         Code  Gb  stm8l15x_it.o [1]
_interrupt_27           0x009bb8         Code  Gb  stm8l15x_it.o [1]
_interrupt_28           0x009bb9         Code  Gb  stm8l15x_it.o [1]
_interrupt_29           0x009bba         Code  Gb  stm8l15x_it.o [1]
_interrupt_3            0x009ba5         Code  Gb  stm8l15x_it.o [1]
_interrupt_30           0x009bbb         Code  Gb  stm8l15x_it.o [1]
_interrupt_31           0x009bbc         Code  Gb  stm8l15x_it.o [1]
_interrupt_4            0x009ba6         Code  Gb  stm8l15x_it.o [1]
_interrupt_5            0x009ba7         Code  Gb  stm8l15x_it.o [1]
_interrupt_6            0x009ba8         Code  Gb  stm8l15x_it.o [1]
_interrupt_7            0x009ba9         Code  Gb  stm8l15x_it.o [1]
_interrupt_8            0x009baa         Code  Gb  stm8l15x_it.o [1]
_interrupt_9            0x009bab         Code  Gb  stm8l15x_it.o [1]
_lastInterruptFlags     0x00004e    0x2  Data  Gb  main.o [1]
_lastRssi               0x00005f    0x1  Data  Gb  RFM22B.o [1]
_mode                   0x000058    0x1  Data  Lc  RFM22B.o [1]
_rxBad                  0x000050    0x2  Data  Gb  RFM22B.o [1]
_rxBufValid             0x00005c    0x1  Data  Gb  RFM22B.o [1]
_rxGood                 0x000052    0x2  Data  Gb  RFM22B.o [1]
_txBufSentIndex         0x00005e    0x1  Data  Gb  RFM22B.o [1]
_txGood                 0x000054    0x2  Data  Gb  RFM22B.o [1]
_txPacketSent           0x00005d    0x1  Data  Gb  RFM22B.o [1]
appendTxBuf             0x00871f   0x3e  Code  Gb  RFM22B.o [1]
clearRxBuf              0x008441    0x9  Code  Gb  RFM22B.o [1]
clearTxBuf              0x00844a    0xd  Code  Gb  RFM22B.o [1]
exit                    0x009b9c    0x3  Code  Gb  exit.o [4]
fillTxBuf               0x00875d    0x6  Code  Gb  RFM22B.o [1]
floor                   0x0095b2   0x3a  Code  Gb  floor.o [4]
handleExternalInterrupt
                        0x008596    0x1  Code  Gb  RFM22B.o [1]
handleInterrupt         0x00863a   0xc8  Code  Gb  RFM22B.o [1]
handleWakeupTimerInterrupt
                        0x008595    0x1  Code  Gb  RFM22B.o [1]
interruptCb             0x000056    0x2  Data  Lc  RFM22B.o [1]
last_encoder            0x000042    0x4  Data  Gb  main.o [1]
main                    0x009135   0xaf  Code  Gb  main.o [1]
memcpy                  0x00995d   0x1f  Code  Gb  memcpy.o [4]
new_encoder             0x000046    0x4  Data  Gb  main.o [1]
readNextFragment        0x008597   0x27  Code  Gb  RFM22B.o [1]
reset                   0x008457   0x12  Code  Gb  RFM22B.o [1]
resetFifos              0x00862a   0x10  Code  Gb  RFM22B.o [1]
resetRxFifo             0x008585   0x10  Code  Gb  RFM22B.o [1]
restartTransmit         0x00861b    0xf  Code  Gb  RFM22B.o [1]
rfIsr                   0x008240    0xb  Code  Gb  RFM22B.o [1]
rfSetInterruptCallback  0x00823c    0x4  Code  Gb  RFM22B.o [1]
send                    0x008763   0x1f  Code  Gb  RFM22B.o [1]
sendNextFragment        0x0085be   0x39  Code  Gb  RFM22B.o [1]
setFrequency            0x0082ea  0x11d  Code  Gb  RFM22B.o [1]
setHeaderFlags          0x008407    0x7  Code  Gb  RFM22B.o [1]
setHeaderFrom           0x008415    0x7  Code  Gb  RFM22B.o [1]
setHeaderId             0x00840e    0x7  Code  Gb  RFM22B.o [1]
setHeaderTo             0x00841c    0x7  Code  Gb  RFM22B.o [1]
setMode                 0x00856a    0x7  Code  Gb  RFM22B.o [1]
setModeIdle             0x008707   0x11  Code  Gb  RFM22B.o [1]
setModeRx               0x008571   0x14  Code  Gb  RFM22B.o [1]
setModeTx               0x0085f7   0x14  Code  Gb  RFM22B.o [1]
setModemConfig          0x0082b2   0x38  Code  Gb  RFM22B.o [1]
setModemRegisters       0x008252   0x60  Code  Gb  RFM22B.o [1]
setPreambleLength       0x00843a    0x7  Code  Gb  RFM22B.o [1]
setPromiscuous          0x008423   0x10  Code  Gb  RFM22B.o [1]
setSyncWords            0x008433    0x7  Code  Gb  RFM22B.o [1]
setTxPower              0x00824b    0x7  Code  Gb  RFM22B.o [1]
startTransmit           0x00860b   0x10  Code  Gb  RFM22B.o [1]
statusRead              0x008702    0x5  Code  Gb  RFM22B.o [1]
waitPacketSent          0x008718    0x7  Code  Gb  RFM22B.o [1]


[1] = D:\STM8Workspace\FT-TRSY\FT_TSCP_FW\Debug\Obj
[2] = command line
[3] = dbgstm8smd.a
[4] = dlstm8smn.a

  6 414 bytes of readonly  code memory
    688 bytes of readonly  data memory
    352 bytes of readwrite data memory

Errors: none
Warnings: none
