###############################################################################
#
# IAR ELF Linker V3.10.1.201 for STM8                     15/Jun/2019  13:00:33
# Copyright 2010-2017 IAR Systems AB.
#
#    Output file  =  D:\STM8Workspace\FT-TRSY\FT_TSCP_FW\Debug\Exe\FT_TSCP.out
#    Map file     =  D:\STM8Workspace\FT-TRSY\FT_TSCP_FW\Debug\List\FT_TSCP.map
#    Command line =  
#        -f C:\Users\LNCZGE~1\AppData\Local\Temp\EW2932.tmp
#        (D:\STM8Workspace\FT-TRSY\FT_TSCP_FW\Debug\Obj\bsp.o
#        D:\STM8Workspace\FT-TRSY\FT_TSCP_FW\Debug\Obj\bsp_adc.o
#        D:\STM8Workspace\FT-TRSY\FT_TSCP_FW\Debug\Obj\bsp_clk_config.o
#        D:\STM8Workspace\FT-TRSY\FT_TSCP_FW\Debug\Obj\bsp_eeprom.o
#        D:\STM8Workspace\FT-TRSY\FT_TSCP_FW\Debug\Obj\bsp_encoder.o
#        D:\STM8Workspace\FT-TRSY\FT_TSCP_FW\Debug\Obj\bsp_itc_config.o
#        D:\STM8Workspace\FT-TRSY\FT_TSCP_FW\Debug\Obj\bsp_led.o
#        D:\STM8Workspace\FT-TRSY\FT_TSCP_FW\Debug\Obj\bsp_pwm_timer.o
#        D:\STM8Workspace\FT-TRSY\FT_TSCP_FW\Debug\Obj\bsp_rf_com.o
#        D:\STM8Workspace\FT-TRSY\FT_TSCP_FW\Debug\Obj\bsp_spi.o
#        D:\STM8Workspace\FT-TRSY\FT_TSCP_FW\Debug\Obj\bsp_timing_delay.o
#        D:\STM8Workspace\FT-TRSY\FT_TSCP_FW\Debug\Obj\communication_handler.o
#        D:\STM8Workspace\FT-TRSY\FT_TSCP_FW\Debug\Obj\main.o
#        D:\STM8Workspace\FT-TRSY\FT_TSCP_FW\Debug\Obj\speed_controller.o
#        D:\STM8Workspace\FT-TRSY\FT_TSCP_FW\Debug\Obj\stm8l15x_adc.o
#        D:\STM8Workspace\FT-TRSY\FT_TSCP_FW\Debug\Obj\stm8l15x_aes.o
#        D:\STM8Workspace\FT-TRSY\FT_TSCP_FW\Debug\Obj\stm8l15x_beep.o
#        D:\STM8Workspace\FT-TRSY\FT_TSCP_FW\Debug\Obj\stm8l15x_clk.o
#        D:\STM8Workspace\FT-TRSY\FT_TSCP_FW\Debug\Obj\stm8l15x_comp.o
#        D:\STM8Workspace\FT-TRSY\FT_TSCP_FW\Debug\Obj\stm8l15x_dac.o
#        D:\STM8Workspace\FT-TRSY\FT_TSCP_FW\Debug\Obj\stm8l15x_dma.o
#        D:\STM8Workspace\FT-TRSY\FT_TSCP_FW\Debug\Obj\stm8l15x_exti.o
#        D:\STM8Workspace\FT-TRSY\FT_TSCP_FW\Debug\Obj\stm8l15x_flash.o
#        D:\STM8Workspace\FT-TRSY\FT_TSCP_FW\Debug\Obj\stm8l15x_gpio.o
#        D:\STM8Workspace\FT-TRSY\FT_TSCP_FW\Debug\Obj\stm8l15x_i2c.o
#        D:\STM8Workspace\FT-TRSY\FT_TSCP_FW\Debug\Obj\stm8l15x_irtim.o
#        D:\STM8Workspace\FT-TRSY\FT_TSCP_FW\Debug\Obj\stm8l15x_it.o
#        D:\STM8Workspace\FT-TRSY\FT_TSCP_FW\Debug\Obj\stm8l15x_itc.o
#        D:\STM8Workspace\FT-TRSY\FT_TSCP_FW\Debug\Obj\stm8l15x_iwdg.o
#        D:\STM8Workspace\FT-TRSY\FT_TSCP_FW\Debug\Obj\stm8l15x_lcd.o
#        D:\STM8Workspace\FT-TRSY\FT_TSCP_FW\Debug\Obj\stm8l15x_pwr.o
#        D:\STM8Workspace\FT-TRSY\FT_TSCP_FW\Debug\Obj\stm8l15x_rst.o
#        D:\STM8Workspace\FT-TRSY\FT_TSCP_FW\Debug\Obj\stm8l15x_rtc.o
#        D:\STM8Workspace\FT-TRSY\FT_TSCP_FW\Debug\Obj\stm8l15x_spi.o
#        D:\STM8Workspace\FT-TRSY\FT_TSCP_FW\Debug\Obj\stm8l15x_syscfg.o
#        D:\STM8Workspace\FT-TRSY\FT_TSCP_FW\Debug\Obj\stm8l15x_tim1.o
#        D:\STM8Workspace\FT-TRSY\FT_TSCP_FW\Debug\Obj\stm8l15x_tim2.o
#        D:\STM8Workspace\FT-TRSY\FT_TSCP_FW\Debug\Obj\stm8l15x_tim3.o
#        D:\STM8Workspace\FT-TRSY\FT_TSCP_FW\Debug\Obj\stm8l15x_tim4.o
#        D:\STM8Workspace\FT-TRSY\FT_TSCP_FW\Debug\Obj\stm8l15x_tim5.o
#        D:\STM8Workspace\FT-TRSY\FT_TSCP_FW\Debug\Obj\stm8l15x_usart.o
#        D:\STM8Workspace\FT-TRSY\FT_TSCP_FW\Debug\Obj\stm8l15x_wfe.o
#        D:\STM8Workspace\FT-TRSY\FT_TSCP_FW\Debug\Obj\stm8l15x_wwdg.o
#        D:\STM8Workspace\FT-TRSY\FT_TSCP_FW\Debug\Obj\thread_handler.o
#        --redirect _Printf=_PrintfSmall --redirect _Scanf=_ScanfSmall -o
#        D:\STM8Workspace\FT-TRSY\FT_TSCP_FW\Debug\Exe\FT_TSCP.out --map
#        D:\STM8Workspace\FT-TRSY\FT_TSCP_FW\Debug\List\FT_TSCP.map --config
#        "C:\Program Files (x86)\IAR Systems\Embedded Workbench
#        8.0\stm8\config\lnkstm8al3l66.icf" --config_def _CSTACK_SIZE=0x100
#        --config_def _HEAP_SIZE=0x100 --entry __iar_program_start --debug_lib)
#
###############################################################################

*******************************************************************************
*** RUNTIME MODEL ATTRIBUTES
***

__SystemLibrary            = DLib
__code_model               = small
__core                     = stm8
__data_model               = medium
__dlib_file_descriptor     = 0
__dlib_full_locale_support = 0
__rt_version               = 4


*******************************************************************************
*** PLACEMENT SUMMARY
***

"A0":  place at start of [0x000000-0x0000ff] { rw section .vregs };
"A1":  place at end of [0x000000-0x0007ff] { block CSTACK };
"P2":  place in [from 0x000000 to 0x0007ff] {
          block HEAP, rw section __DLIB_PERTHREAD, rw section .far.bss,
          rw section .far.data, rw section .far.noinit,
          rw section .far_func.textrw, rw section .huge.bss,
          rw section .huge.data, rw section .huge.noinit,
          rw section .huge_func.textrw, rw section .iar.dynexit,
          rw section .near.bss, rw section .near.data, rw section .near.noinit,
          rw section .near_func.textrw };
"A2":  place at start of [0x008000-0x00ffff] { block INTVEC };
"P3":  place in [from 0x008000 to 0x00ffff] {
          ro section __DLIB_PERTHREAD_init, ro section .far.data_init,
          ro section .far_func.textrw_init, ro section .huge.data_init,
          ro section .huge_func.textrw_init, ro section .iar.init_table,
          ro section .init_array, ro section .near.data_init,
          ro section .near.rodata, ro section .near_func.text,
          ro section .near_func.textrw_init, ro section .tiny.data_init,
          ro section .tiny.rodata_init };
"P4":  place in [from 0x008000 to 0x00ffff] {
          ro section .far.rodata, ro section .far_func.text };
"P5":  place in [from 0x008000 to 0x00ffff] {
          ro section .huge.rodata, ro section .huge_func.text };
do not initialize {
   rw section .eeprom.noinit, rw section .far.noinit, rw section .huge.noinit,
   rw section .near.noinit, rw section .tiny.noinit, rw section .vregs };
initialize by copy {
   rw section .far.bss, rw section .far.data, rw section .far_func.textrw,
   rw section .huge.bss, rw section .huge.data, rw section .huge_func.textrw,
   rw section .iar.dynexit, rw section .near.bss, rw section .near.data,
   rw section .near_func.textrw, rw section .tiny.bss, rw section .tiny.data,
   ro section .tiny.rodata };

  Section            Kind      Address    Size  Object
  -------            ----      -------    ----  ------
"A0":                                     0x10
  .vregs             uninit   0x000000    0x10  vregs.o [4]
                            - 0x000010    0x10

"P2", part 1 of 2:                         0x4
  P2-1                        0x000010     0x4  <Init block>
    .near.data       inited   0x000010     0x4  speed_controller.o [1]
                            - 0x000014     0x4

"P2", part 2 of 2:                       0x6a1
  .near.bss          zero     0x000014   0x200  speed_controller.o [1]
  .near.bss          zero     0x000214   0x200  speed_controller.o [1]
  .near.bss          zero     0x000414   0x200  speed_controller.o [1]
  .near.bss          zero     0x000614    0x32  bsp_rf_com.o [1]
  .near.bss          zero     0x000646    0x20  speed_controller.o [1]
  .near.bss          zero     0x000666     0x4  bsp_pwm_timer.o [1]
  .near.bss          zero     0x00066a     0x4  bsp_timing_delay.o [1]
  .near.bss          zero     0x00066e     0x4  bsp_timing_delay.o [1]
  .near.bss          zero     0x000672     0x4  speed_controller.o [1]
  .near.bss          zero     0x000676     0x4  speed_controller.o [1]
  .near.bss          zero     0x00067a     0x4  speed_controller.o [1]
  .near.bss          zero     0x00067e     0x4  speed_controller.o [1]
  .near.bss          zero     0x000682     0x4  speed_controller.o [1]
  .near.bss          zero     0x000686     0x4  speed_controller.o [1]
  .near.bss          zero     0x00068a     0x4  speed_controller.o [1]
  .near.bss          zero     0x00068e     0x4  speed_controller.o [1]
  .near.bss          zero     0x000692     0x4  speed_controller.o [1]
  .near.bss          zero     0x000696     0x4  speed_controller.o [1]
  .near.bss          zero     0x00069a     0x4  speed_controller.o [1]
  .near.bss          zero     0x00069e     0x2  bsp_rf_com.o [1]
  .near.bss          zero     0x0006a0     0x2  bsp_rf_com.o [1]
  .near.bss          zero     0x0006a2     0x2  bsp_rf_com.o [1]
  .near.bss          zero     0x0006a4     0x2  bsp_rf_com.o [1]
  .near.bss          zero     0x0006a6     0x2  speed_controller.o [1]
  .near.bss          zero     0x0006a8     0x2  speed_controller.o [1]
  .near.bss          zero     0x0006aa     0x2  speed_controller.o [1]
  .near.bss          zero     0x0006ac     0x1  bsp_rf_com.o [1]
  .near.bss          zero     0x0006ad     0x1  bsp_rf_com.o [1]
  .near.bss          zero     0x0006ae     0x1  bsp_rf_com.o [1]
  .near.bss          zero     0x0006af     0x1  bsp_rf_com.o [1]
  .near.bss          zero     0x0006b0     0x1  bsp_rf_com.o [1]
  .near.bss          zero     0x0006b1     0x1  bsp_rf_com.o [1]
  .near.bss          zero     0x0006b2     0x1  bsp_rf_com.o [1]
  .near.bss          zero     0x0006b3     0x1  bsp_rf_com.o [1]
  .near.bss          zero     0x0006b4     0x1  speed_controller.o [1]
                            - 0x0006b5   0x6a1

"A1":                                    0x100
  CSTACK                      0x000700   0x100  <Block>
    CSTACK           uninit   0x000700   0x100  <Block tail>
                            - 0x000800   0x100

"A2":                                     0x80
  INTVEC                      0x008000    0x80  <Block>
    .intvec          const    0x008000    0x80  interrupt.o [4]
                            - 0x008080    0x80

"P3-P5":                                0x2585
  .near_func.text    ro code  0x008080   0x7db  bsp_rf_com.o [1]
  .near_func.text    ro code  0x00885b   0x4d6  float.o [4]
  .near_func.text    ro code  0x008d31   0x359  speed_controller.o [1]
  .near.rodata       const    0x00908a   0x1c2  bsp_rf_com.o [1]
  .near_func.text    ro code  0x00924c   0x1a1  long.o [4]
  .near_func.text    ro code  0x0093ed   0x198  speed_controller.o [1]
  .near_func.text    ro code  0x009585   0x121  vreg_util.o [4]
  .near_func.text    ro code  0x0096a6   0x113  stm8l15x_itc.o [1]
  .near_func.text    ro code  0x0097b9   0x10d  stm8l15x_exti.o [1]
  .near_func.text    ro code  0x0098c6    0xd6  speed_controller.o [1]
  .near_func.text    ro code  0x00999c    0xd0  speed_controller.o [1]
  .near_func.text    ro code  0x009a6c    0xcb  xdint.o [4]
  .near_func.text    ro code  0x009b37    0x98  stm8l15x_clk.o [1]
  .near_func.text    ro code  0x009bcf    0x90  long_util.o [4]
  .near_func.text    ro code  0x009c5f    0x8e  stm8l15x_gpio.o [1]
  .near_func.text    ro code  0x009ced    0x89  stm8l15x_clk.o [1]
  .near_func.text    ro code  0x009d76    0x88  bsp_pwm_timer.o [1]
  .near_func.text    ro code  0x009dfe    0x61  stm8l15x_tim1.o [1]
  .near_func.text    ro code  0x009e5f    0x55  stm8l15x_adc.o [1]
  .near_func.text    ro code  0x009eb4    0x48  bsp_adc.o [1]
  .near_func.text    ro code  0x009efc    0x47  communication_handler.o [1]
  .near_func.text    ro code  0x009f43    0x41  stm8l15x_spi.o [1]
  .near_func.text    ro code  0x009f84    0x3a  floor.o [4]
  .near_func.text    ro code  0x009fbe    0x38  bsp_spi.o [1]
  .near_func.text    ro code  0x009ff6    0x33  stm8l15x_it.o [1]
  .near_func.text    ro code  0x00a029    0x33  stm8l15x_it.o [1]
  .near_func.text    ro code  0x00a05c    0x31  stm8l15x_adc.o [1]
  .near_func.text    ro code  0x00a08d    0x2e  short.o [4]
  .near_func.text    ro code  0x00a0bb    0x2d  bsp_itc_config.o [1]
  .near_func.text    ro code  0x00a0e8    0x2c  bsp_encoder.o [1]
  .near_func.text    ro code  0x00a114    0x2c  stm8l15x_gpio.o [1]
  .near_func.text    ro code  0x00a140    0x29  stm8l15x_it.o [1]
  .near_func.text    ro code  0x00a169    0x28  init_small.o [4]
  .near_func.text    ro code  0x00a191    0x25  bsp_timing_delay.o [1]
  .near_func.text    ro code  0x00a1b6    0x25  dc_util.o [4]
  .near_func.text    ro code  0x00a1db    0x24  bsp_clk_config.o [1]
  .near_func.text    ro code  0x00a1ff    0x24  bsp_timing_delay.o [1]
  .near_func.text    ro code  0x00a223    0x24  bsp_timing_delay.o [1]
  .near_func.text    ro code  0x00a247    0x24  stm8l15x_adc.o [1]
  .near_func.text    ro code  0x00a26b    0x24  stm8l15x_tim1.o [1]
  .near_func.text    ro code  0x00a28f    0x24  stm8l15x_tim2.o [1]
  .near_func.text    ro code  0x00a2b3    0x24  stm8l15x_tim3.o [1]
  .near_func.text    ro code  0x00a2d7    0x24  stm8l15x_tim3.o [1]
  .near_func.text    ro code  0x00a2fb    0x22  stm8l15x_tim3.o [1]
  .near_func.text    ro code  0x00a31d    0x21  stm8l15x_exti.o [1]
  .near_func.text    ro code  0x00a33e    0x21  stm8l15x_it.o [1]
  .iar.init_table    const    0x00a35f    0x12  - Linker created -
  .near_func.text    ro code  0x00a371    0x1f  speed_controller.o [1]
  .near_func.text    ro code  0x00a390    0x1f  memcpy.o [4]
  .near_func.text    ro code  0x00a3af    0x1e  init_small.o [4]
  .near_func.text    ro code  0x00a3cd    0x1c  stm8l15x_it.o [1]
  .near_func.text    ro code  0x00a3e9    0x1b  bsp.o [1]
  .near_func.text    ro code  0x00a404    0x1a  stm8l15x_spi.o [1]
  .near_func.text    ro code  0x00a41e    0x1a  stm8l15x_tim2.o [1]
  .near_func.text    ro code  0x00a438    0x19  stm8l15x_spi.o [1]
  .near_func.text    ro code  0x00a451    0x14  init.o [4]
  .near_func.text    ro code  0x00a465    0x14  __dbg_xxexit.o [3]
  .near_func.text    ro code  0x00a479    0x13  stm8l15x_clk.o [1]
  .near_func.text    ro code  0x00a48c    0x13  cstartup.o [4]
  .near_func.text    ro code  0x00a49f    0x12  stm8l15x_gpio.o [1]
  .near_func.text    ro code  0x00a4b1     0xf  bsp_timing_delay.o [1]
  .near_func.text    ro code  0x00a4c0     0xf  stm8l15x_tim3.o [1]
  .near_func.text    ro code  0x00a4cf     0xd  stm8l15x_adc.o [1]
  .near_func.text    ro code  0x00a4dc     0xd  stm8l15x_clk.o [1]
  .near_func.text    ro code  0x00a4e9     0xd  stm8l15x_tim1.o [1]
  .near_func.text    ro code  0x00a4f6     0xd  stm8l15x_tim1.o [1]
  .near_func.text    ro code  0x00a503     0xd  stm8l15x_tim1.o [1]
  .near_func.text    ro code  0x00a510     0xd  stm8l15x_tim1.o [1]
  .near_func.text    ro code  0x00a51d     0xd  stm8l15x_tim2.o [1]
  .near_func.text    ro code  0x00a52a     0xd  stm8l15x_tim3.o [1]
  .near_func.text    ro code  0x00a537     0xd  move.o [4]
  .near_func.text    ro code  0x00a544     0xc  bsp_led.o [1]
  .near_func.text    ro code  0x00a550     0xb  main.o [1]
  .near_func.text    ro code  0x00a55b     0xb  stm8l15x_tim2.o [1]
  .near_func.text    ro code  0x00a566     0xa  bsp_rf_com.o [1]
  .near_func.text    ro code  0x00a570     0x8  bsp_led.o [1]
  .near_func.text    ro code  0x00a578     0x8  bsp_led.o [1]
  .near_func.text    ro code  0x00a580     0x8  bsp_led.o [1]
  .near_func.text    ro code  0x00a588     0x7  stm8l15x_gpio.o [1]
  .near_func.text    ro code  0x00a58f     0x7  stm8l15x_gpio.o [1]
  .near_func.text    ro code  0x00a596     0x7  stm8l15x_gpio.o [1]
  .near_func.text    ro code  0x00a59d     0x6  bsp_pwm_timer.o [1]
  .near_func.text    ro code  0x00a5a3     0x6  bsp_timing_delay.o [1]
  .near_func.text    ro code  0x00a5a9     0x6  thread_handler.o [1]
  .near_func.text    ro code  0x00a5af     0x5  stm8l15x_adc.o [1]
  .near_func.text    ro code  0x00a5b4     0x5  stm8l15x_tim2.o [1]
  .near_func.text    ro code  0x00a5b9     0x5  char.o [4]
  .near_func.text    ro code  0x00a5be     0x5  cexit.o [4]
  .near_func.text    ro code  0x00a5c3     0x4  stm8l15x_clk.o [1]
  .near_func.text    ro code  0x00a5c7     0x4  stm8l15x_clk.o [1]
  .near_func.text    ro code  0x00a5cb     0x4  stm8l15x_clk.o [1]
  .near_func.text    ro code  0x00a5cf     0x4  stm8l15x_gpio.o [1]
  Initializer bytes  const    0x00a5d3     0x4  <for P2-1>
  .near_func.text    ro code  0x00a5d7     0x3  bsp_encoder.o [1]
  .near_func.text    ro code  0x00a5da     0x3  thread_handler.o [1]
  .near_func.text    ro code  0x00a5dd     0x3  interrupt.o [4]
  .near_func.text    ro code  0x00a5e0     0x3  low_level_init.o [4]
  .near_func.text    ro code  0x00a5e3     0x3  exit.o [4]
  .near_func.text    ro code  0x00a5e6     0x3  unhandled_exception.o [4]
  .near.rodata       const    0x00a5e9     0x2  bsp_rf_com.o [1]
  .near_func.text    ro code  0x00a5eb     0x1  stm8l15x_it.o [1]
  .near_func.text    ro code  0x00a5ec     0x1  stm8l15x_it.o [1]
  .near_func.text    ro code  0x00a5ed     0x1  stm8l15x_it.o [1]
  .near_func.text    ro code  0x00a5ee     0x1  stm8l15x_it.o [1]
  .near_func.text    ro code  0x00a5ef     0x1  stm8l15x_it.o [1]
  .near_func.text    ro code  0x00a5f0     0x1  stm8l15x_it.o [1]
  .near_func.text    ro code  0x00a5f1     0x1  stm8l15x_it.o [1]
  .near_func.text    ro code  0x00a5f2     0x1  stm8l15x_it.o [1]
  .near_func.text    ro code  0x00a5f3     0x1  stm8l15x_it.o [1]
  .near_func.text    ro code  0x00a5f4     0x1  stm8l15x_it.o [1]
  .near_func.text    ro code  0x00a5f5     0x1  stm8l15x_it.o [1]
  .near_func.text    ro code  0x00a5f6     0x1  stm8l15x_it.o [1]
  .near_func.text    ro code  0x00a5f7     0x1  stm8l15x_it.o [1]
  .near_func.text    ro code  0x00a5f8     0x1  stm8l15x_it.o [1]
  .near_func.text    ro code  0x00a5f9     0x1  stm8l15x_it.o [1]
  .near_func.text    ro code  0x00a5fa     0x1  stm8l15x_it.o [1]
  .near_func.text    ro code  0x00a5fb     0x1  stm8l15x_it.o [1]
  .near_func.text    ro code  0x00a5fc     0x1  stm8l15x_it.o [1]
  .near_func.text    ro code  0x00a5fd     0x1  stm8l15x_it.o [1]
  .near_func.text    ro code  0x00a5fe     0x1  stm8l15x_it.o [1]
  .near_func.text    ro code  0x00a5ff     0x1  stm8l15x_it.o [1]
  .near_func.text    ro code  0x00a600     0x1  stm8l15x_it.o [1]
  .near_func.text    ro code  0x00a601     0x1  stm8l15x_it.o [1]
  .near_func.text    ro code  0x00a602     0x1  stm8l15x_it.o [1]
  .near_func.text    ro code  0x00a603     0x1  stm8l15x_it.o [1]
  .near_func.text    ro code  0x00a604     0x1  __dbg_break.o [3]
                            - 0x00a605  0x2585


*******************************************************************************
*** INIT TABLE
***

          Address   Size
          -------   ----
Zero (__iar_zero_init2)
    1 destination range, total size 0x6a1:
          0x000014  0x6a1

Copy (__iar_copy_init2)
    1 source range, total size 0x4:
          0x00a5d3    0x4
    1 destination range, total size 0x4:
          0x000010    0x4



*******************************************************************************
*** MODULE SUMMARY
***

    Module                   ro code  ro data  rw data
    ------                   -------  -------  -------
D:\STM8Workspace\FT-TRSY\FT_TSCP_FW\Debug\Obj: [1]
    bsp.o                         27
    bsp_adc.o                     72
    bsp_clk_config.o              36
    bsp_encoder.o                 47
    bsp_itc_config.o              45
    bsp_led.o                     36
    bsp_pwm_timer.o              142                 4
    bsp_rf_com.o               2 021      452       66
    bsp_spi.o                     56
    bsp_timing_delay.o           130                 8
    communication_handler.o       71
    main.o                        11
    speed_controller.o         1 718        4    1 623
    stm8l15x_adc.o               188
    stm8l15x_clk.o               333
    stm8l15x_exti.o              302
    stm8l15x_gpio.o              229
    stm8l15x_it.o                229
    stm8l15x_itc.o               275
    stm8l15x_spi.o               116
    stm8l15x_tim1.o              185
    stm8l15x_tim2.o               91
    stm8l15x_tim3.o              134
    thread_handler.o               9
    --------------------------------------------------
    Total:                     6 503      456    1 701

command line: [2]
    --------------------------------------------------
    Total:

dbgstm8smd.a: [3]
    __dbg_break.o                  1
    __dbg_xxexit.o                20
    --------------------------------------------------
    Total:                        21

dlstm8smn.a: [4]
    cexit.o                        5
    char.o                         5
    cstartup.o                    19
    dc_util.o                     37
    exit.o                         3
    float.o                    1 238
    floor.o                       58
    init.o                        20
    init_small.o                  70
    interrupt.o                    3      128
    long.o                       417
    long_util.o                  144
    low_level_init.o               3
    memcpy.o                      31
    move.o                        13
    short.o                       46
    unhandled_exception.o          3
    vreg_util.o                  289
    vregs.o                                         16
    xdint.o                      203
    --------------------------------------------------
    Total:                     2 607      128       16

    Linker created                         18      256
------------------------------------------------------
    Grand Total:               9 131      602    1 973


*******************************************************************************
*** ENTRY LIST
***

Entry                    Address   Size  Type      Object
-----                    -------   ----  ----      ------
.iar.init_table$$Base   0x00a35f          --   Gb  - Linker created -
.iar.init_table$$Limit  0x00a371          --   Gb  - Linker created -
?add32_l0_l0_0x         0x009290         Code  Gb  long.o [4]
?add32_l0_l0_l1         0x00928d         Code  Gb  long.o [4]
?b0                     0x000000         Data  Gb  vregs.o [4]
?b1                     0x000001         Data  Gb  vregs.o [4]
?b10                    0x00000a         Data  Gb  vregs.o [4]
?b11                    0x00000b         Data  Gb  vregs.o [4]
?b12                    0x00000c         Data  Gb  vregs.o [4]
?b13                    0x00000d         Data  Gb  vregs.o [4]
?b14                    0x00000e         Data  Gb  vregs.o [4]
?b15                    0x00000f         Data  Gb  vregs.o [4]
?b2                     0x000002         Data  Gb  vregs.o [4]
?b3                     0x000003         Data  Gb  vregs.o [4]
?b4                     0x000004         Data  Gb  vregs.o [4]
?b5                     0x000005         Data  Gb  vregs.o [4]
?b6                     0x000006         Data  Gb  vregs.o [4]
?b7                     0x000007         Data  Gb  vregs.o [4]
?b8                     0x000008         Data  Gb  vregs.o [4]
?b9                     0x000009         Data  Gb  vregs.o [4]
?dc32_l0                0x00a1b6         Code  Gb  dc_util.o [4]
?dc32_l1                0x00a1c3         Code  Gb  dc_util.o [4]
?dc32_px                0x00a1d0         Code  Gb  dc_util.o [4]
?dec32_0x_0x            0x009279         Code  Gb  long.o [4]
?dec32_l0_l0            0x00926f         Code  Gb  long.o [4]
?dec32_l1_l1            0x009274         Code  Gb  long.o [4]
?e0                     0x000001         Data  Gb  vregs.o [4]
?e1                     0x000005         Data  Gb  vregs.o [4]
?e2                     0x000009         Data  Gb  vregs.o [4]
?e3                     0x00000d         Data  Gb  vregs.o [4]
?epilogue_l2            0x009614         Code  Gb  vreg_util.o [4]
?epilogue_l2_l3         0x009611         Code  Gb  vreg_util.o [4]
?epilogue_w4            0x009618         Code  Gb  vreg_util.o [4]
?fadd32_l0_l0_0x        0x008886         Code  Gb  float.o [4]
?fadd32_l0_l0_dc32      0x008881         Code  Gb  float.o [4]
?fadd32_l0_l0_l1        0x008889         Code  Gb  float.o [4]
?fcastf32s16_l0_x       0x008b19         Code  Gb  float.o [4]
?fcastf32u16_l0_x       0x008b20         Code  Gb  float.o [4]
?fcastf32u32_l0_l0      0x008beb         Code  Gb  float.o [4]
?fcasts16f32_x_l0       0x008b3e         Code  Gb  float.o [4]
?fcasts32f32_l0_l0      0x008b8a         Code  Gb  float.o [4]
?fcastu32f32_l0_l0      0x008b73         Code  Gb  float.o [4]
?fcmpge32_c_l0_0x       0x008aba         Code  Gb  float.o [4]
?fcmpge32_c_l0_dc32     0x008ab5         Code  Gb  float.o [4]
?fcmplt32_c_l0_0x       0x008ac3         Code  Gb  float.o [4]
?fcmplt32_c_l0_dc32     0x008abe         Code  Gb  float.o [4]
?fdiv32_l0_dc32_l1      0x0089fa         Code  Gb  float.o [4]
?fdiv32_l0_l0_0x        0x008a04         Code  Gb  float.o [4]
?fdiv32_l0_l0_dc32      0x0089ff         Code  Gb  float.o [4]
?fdiv32_l0_l0_l1        0x008a07         Code  Gb  float.o [4]
?fmul32_l0_l0_0x        0x00895c         Code  Gb  float.o [4]
?fmul32_l0_l0_dc32      0x008957         Code  Gb  float.o [4]
?fmul32_l0_l0_l1        0x00895f         Code  Gb  float.o [4]
?fsub32_l0_l0_0x        0x008878         Code  Gb  float.o [4]
?fsub32_l0_l0_l1        0x00887b         Code  Gb  float.o [4]
?inc32_0x_0x            0x009261         Code  Gb  long.o [4]
?inc32_l0_l0            0x00925c         Code  Gb  long.o [4]
?l0                     0x000000         Data  Gb  vregs.o [4]
?l1                     0x000004         Data  Gb  vregs.o [4]
?l2                     0x000008         Data  Gb  vregs.o [4]
?l3                     0x00000c         Data  Gb  vregs.o [4]
?load32_0x_l0           0x009c24         Code  Gb  long_util.o [4]
?load32_0x_l1           0x009c32         Code  Gb  long_util.o [4]
?load32_0x_l2           0x009c51         Code  Gb  long_util.o [4]
?load32_asp_l0          0x009c18         Code  Gb  long_util.o [4]
?load32_asp_l2          0x009c45         Code  Gb  long_util.o [4]
?load32_dbsp_l0         0x009c13         Code  Gb  long_util.o [4]
?load32_dbsp_l2         0x009c40         Code  Gb  long_util.o [4]
?load32_l0_0x           0x009bdf         Code  Gb  long_util.o [4]
?load32_l0_asp          0x009bd4         Code  Gb  long_util.o [4]
?load32_l0_dbsp         0x009bcf         Code  Gb  long_util.o [4]
?load32_l0_xsp          0x009bd6         Code  Gb  long_util.o [4]
?load32_l1_0x           0x009bfb         Code  Gb  long_util.o [4]
?load32_l1_asp          0x009bf0         Code  Gb  long_util.o [4]
?load32_l1_dbsp         0x009beb         Code  Gb  long_util.o [4]
?load32_l1_xsp          0x009bf2         Code  Gb  long_util.o [4]
?load32_l3_0x           0x009c07         Code  Gb  long_util.o [4]
?load32_xsp_l0          0x009c1a         Code  Gb  long_util.o [4]
?load32_xsp_l2          0x009c47         Code  Gb  long_util.o [4]
?mov_e0_e1              0x009634         Code  Gb  vreg_util.o [4]
?mov_e0_e2              0x009641         Code  Gb  vreg_util.o [4]
?mov_e0_e3              0x00964e         Code  Gb  vreg_util.o [4]
?mov_e1_e0              0x00965b         Code  Gb  vreg_util.o [4]
?mov_e1_e2              0x009668         Code  Gb  vreg_util.o [4]
?mov_e1_e3              0x009675         Code  Gb  vreg_util.o [4]
?mov_e2_e0              0x009682         Code  Gb  vreg_util.o [4]
?mov_e3_e0              0x00968f         Code  Gb  vreg_util.o [4]
?mov_e3_e1              0x00969c         Code  Gb  vreg_util.o [4]
?mov_l0_l1              0x009631         Code  Gb  vreg_util.o [4]
?mov_l0_l2              0x00963e         Code  Gb  vreg_util.o [4]
?mov_l0_l3              0x00964b         Code  Gb  vreg_util.o [4]
?mov_l1_l0              0x009658         Code  Gb  vreg_util.o [4]
?mov_l1_l2              0x009665         Code  Gb  vreg_util.o [4]
?mov_l1_l3              0x009672         Code  Gb  vreg_util.o [4]
?mov_l2_l0              0x00967f         Code  Gb  vreg_util.o [4]
?mov_l3_l0              0x00968c         Code  Gb  vreg_util.o [4]
?mov_l3_l1              0x009699         Code  Gb  vreg_util.o [4]
?mov_w0_w1              0x00961c         Code  Gb  vreg_util.o [4]
?mov_w1_w0              0x009623         Code  Gb  vreg_util.o [4]
?mov_w1_w3              0x009637         Code  Gb  vreg_util.o [4]
?mov_w1_w5              0x009644         Code  Gb  vreg_util.o [4]
?mov_w1_w7              0x009651         Code  Gb  vreg_util.o [4]
?mov_w2_w1              0x00962a         Code  Gb  vreg_util.o [4]
?mov_w3_w1              0x00965e         Code  Gb  vreg_util.o [4]
?mov_w3_w5              0x00966b         Code  Gb  vreg_util.o [4]
?mov_w3_w7              0x009678         Code  Gb  vreg_util.o [4]
?mov_w5_w1              0x009685         Code  Gb  vreg_util.o [4]
?mov_w7_w1              0x009692         Code  Gb  vreg_util.o [4]
?mov_w7_w3              0x00969f         Code  Gb  vreg_util.o [4]
?move1616_v_x_y_a       0x00a537         Code  Gb  move.o [4]
?mul16_x_x_w0           0x00a08d         Code  Gb  short.o [4]
?mul32_l0_l0_0x         0x0092c3         Code  Gb  long.o [4]
?mul32_l0_l0_dl         0x0092c0         Code  Gb  long.o [4]
?mul32_l0_l0_l1         0x0092cc         Code  Gb  long.o [4]
?neg32_l0_l0            0x00924c         Code  Gb  long.o [4]
?pop_l0                 0x0095dd         Code  Gb  vreg_util.o [4]
?pop_l1                 0x0095e8         Code  Gb  vreg_util.o [4]
?pop_l2                 0x0095f3         Code  Gb  vreg_util.o [4]
?pop_l3                 0x0095fe         Code  Gb  vreg_util.o [4]
?pop_w4                 0x00959d         Code  Gb  vreg_util.o [4]
?push_l0                0x0095ac         Code  Gb  vreg_util.o [4]
?push_l1                0x0095b1         Code  Gb  vreg_util.o [4]
?push_l2                0x0095b6         Code  Gb  vreg_util.o [4]
?push_l3                0x0095bb         Code  Gb  vreg_util.o [4]
?push_w4                0x009585         Code  Gb  vreg_util.o [4]
?scmp32_c_l0_l1         0x0093c5         Code  Gb  long.o [4]
?sll16_x_x_a            0x00a0ab         Code  Gb  short.o [4]
?sll8_a_a_5             0x00a5b9         Code  Gb  char.o [4]
?srl16_x_x_4            0x00a0b6         Code  Gb  short.o [4]
?srl16_x_x_5            0x00a0b5         Code  Gb  short.o [4]
?srl16_x_x_6            0x00a0b4         Code  Gb  short.o [4]
?srl16_x_x_7            0x00a0b3         Code  Gb  short.o [4]
?srl32_0x_0x_a          0x0093df         Code  Gb  long.o [4]
?srl32_l0_l0_a          0x0093dc         Code  Gb  long.o [4]
?sub32_l0_l0_0x         0x0092a8         Code  Gb  long.o [4]
?ucmp32_c_l0_l1         0x0093ba         Code  Gb  long.o [4]
?udiv32_l0_l0_dl        0x00934a         Code  Gb  long.o [4]
?udiv32_l0_l0_l1        0x00934d         Code  Gb  long.o [4]
?umod32_l1_l0_l1        0x00934d         Code  Gb  long.o [4]
?w0                     0x000000         Data  Gb  vregs.o [4]
?w1                     0x000002         Data  Gb  vregs.o [4]
?w2                     0x000004         Data  Gb  vregs.o [4]
?w3                     0x000006         Data  Gb  vregs.o [4]
?w4                     0x000008         Data  Gb  vregs.o [4]
?w5                     0x00000a         Data  Gb  vregs.o [4]
?w6                     0x00000c         Data  Gb  vregs.o [4]
?w7                     0x00000e         Data  Gb  vregs.o [4]
ADC1_COMP_IRQHandler    0x00a5f9    0x1  Code  Gb  stm8l15x_it.o [1]
ADC_ChannelCmd          0x009e5f   0x55  Code  Gb  stm8l15x_adc.o [1]
ADC_Cmd                 0x00a4cf    0xd  Code  Gb  stm8l15x_adc.o [1]
ADC_Init                0x00a247   0x24  Code  Gb  stm8l15x_adc.o [1]
ADC_SamplingTimeConfig  0x00a05c   0x31  Code  Gb  stm8l15x_adc.o [1]
ADC_SoftwareStartConv   0x00a5af    0x5  Code  Gb  stm8l15x_adc.o [1]
CLK_Config              0x00a1db   0x24  Code  Gb  bsp_clk_config.o [1]
CLK_GetFlagStatus       0x009b37   0x98  Code  Gb  stm8l15x_clk.o [1]
CLK_GetSYSCLKSource     0x00a5c7    0x4  Code  Gb  stm8l15x_clk.o [1]
CLK_HSEConfig           0x00a479   0x13  Code  Gb  stm8l15x_clk.o [1]
CLK_PeripheralClockConfig
                        0x009ced   0x89  Code  Gb  stm8l15x_clk.o [1]
CLK_SYSCLKDivConfig     0x00a5cb    0x4  Code  Gb  stm8l15x_clk.o [1]
CLK_SYSCLKSourceConfig  0x00a5c3    0x4  Code  Gb  stm8l15x_clk.o [1]
CLK_SYSCLKSourceSwitchCmd
                        0x00a4dc    0xd  Code  Gb  stm8l15x_clk.o [1]
CSTACK$$Base            0x000700          --   Gb  - Linker created -
CSTACK$$Limit           0x000800          --   Gb  - Linker created -
CommunicationHandler    0x009efc   0x47  Code  Gb  communication_handler.o [1]
DMA1_CHANNEL0_1_IRQHandler
                        0x00a5ed    0x1  Code  Gb  stm8l15x_it.o [1]
DMA1_CHANNEL2_3_IRQHandler
                        0x00a5ee    0x1  Code  Gb  stm8l15x_it.o [1]
Delay                   0x00a1ff   0x24  Code  Gb  bsp_timing_delay.o [1]
EXTI0_IRQHandler        0x00a5f3    0x1  Code  Gb  stm8l15x_it.o [1]
EXTI1_IRQHandler        0x00a5f4    0x1  Code  Gb  stm8l15x_it.o [1]
EXTI2_IRQHandler        0x00a5f5    0x1  Code  Gb  stm8l15x_it.o [1]
EXTI3_IRQHandler        0x00a3cd   0x1c  Code  Gb  stm8l15x_it.o [1]
EXTI4_IRQHandler        0x00a140   0x29  Code  Gb  stm8l15x_it.o [1]
EXTI5_IRQHandler        0x009ff6   0x33  Code  Gb  stm8l15x_it.o [1]
EXTI6_IRQHandler        0x00a029   0x33  Code  Gb  stm8l15x_it.o [1]
EXTI7_IRQHandler        0x00a5f6    0x1  Code  Gb  stm8l15x_it.o [1]
EXTIB_G_IRQHandler      0x00a5f1    0x1  Code  Gb  stm8l15x_it.o [1]
EXTID_H_IRQHandler      0x00a5f2    0x1  Code  Gb  stm8l15x_it.o [1]
EXTIE_F_PVD_IRQHandler  0x00a5f0    0x1  Code  Gb  stm8l15x_it.o [1]
EXTI_ClearITPendingBit  0x00a31d   0x21  Code  Gb  stm8l15x_exti.o [1]
EXTI_SetPinSensitivity  0x0097b9  0x10d  Code  Gb  stm8l15x_exti.o [1]
EnableRFM22B            0x0084d2    0xd  Code  Gb  bsp_rf_com.o [1]
FLASH_IRQHandler        0x00a5ec    0x1  Code  Gb  stm8l15x_it.o [1]
GPIO_ExternalPullUpConfig
                        0x00a114   0x2c  Code  Gb  stm8l15x_gpio.o [1]
GPIO_Init               0x009c5f   0x8e  Code  Gb  stm8l15x_gpio.o [1]
GPIO_ReadInputDataBit   0x00a596    0x7  Code  Gb  stm8l15x_gpio.o [1]
GPIO_ResetBits          0x00a5cf    0x4  Code  Gb  stm8l15x_gpio.o [1]
GPIO_SetBits            0x00a588    0x7  Code  Gb  stm8l15x_gpio.o [1]
GPIO_ToggleBits         0x00a58f    0x7  Code  Gb  stm8l15x_gpio.o [1]
GPIO_WriteBit           0x00a49f   0x12  Code  Gb  stm8l15x_gpio.o [1]
GetEncoderValue         0x00a5d7    0x3  Code  Gb  bsp_encoder.o [1]
GetLinearizedIncrement  0x00999c   0xd0  Code  Gb  speed_controller.o [1]
GetPwm                  0x00a59d    0x6  Code  Gb  bsp_pwm_timer.o [1]
GetSpeedController      0x00a371   0x1f  Code  Gb  speed_controller.o [1]
I2C1_SPI2_IRQHandler    0x00a603    0x1  Code  Gb  stm8l15x_it.o [1]
INTVEC$$Base            0x008000          --   Gb  - Linker created -
INTVEC$$Limit           0x008080          --   Gb  - Linker created -
ITC_Config              0x00a0bb   0x2d  Code  Gb  bsp_itc_config.o [1]
ITC_SetSoftwarePriority
                        0x0096a6  0x113  Code  Gb  stm8l15x_itc.o [1]
InitAdc                 0x009eb4   0x48  Code  Gb  bsp_adc.o [1]
InitEncoder             0x00a0e8   0x2c  Code  Gb  bsp_encoder.o [1]
InitHardware            0x00a3e9   0x1b  Code  Gb  bsp.o [1]
InitLed                 0x00a544    0xc  Code  Gb  bsp_led.o [1]
InitPwmTimer            0x009da7   0x57  Code  Gb  bsp_pwm_timer.o [1]
InitSpeedController     0x009920   0x7c  Code  Gb  speed_controller.o [1]
InitSpi                 0x009fbe   0x38  Code  Gb  bsp_spi.o [1]
LCD_AES_IRQHandler      0x00a5f7    0x1  Code  Gb  stm8l15x_it.o [1]
LoopThread              0x00a5a9    0x6  Code  Gb  thread_handler.o [1]
MODEM_CONFIG_TABLE      0x00908a  0x1c2  Data  Lc  bsp_rf_com.o [1]
MilliThread             0x00a5da    0x3  Code  Gb  thread_handler.o [1]
NselRFM22B              0x00a566    0xa  Code  Gb  bsp_rf_com.o [1]
RF22init                0x0083d1  0x101  Code  Gb  bsp_rf_com.o [1]
RTC_CSSLSE_IRQHandler   0x00a5ef    0x1  Code  Gb  stm8l15x_it.o [1]
ReadBurstRFM22B         0x00852e   0x86  Code  Gb  bsp_rf_com.o [1]
ReadSingleRFM22B        0x008352   0x6d  Code  Gb  bsp_rf_com.o [1]
Region$$Table$$Base     0x00a35f          --   Gb  - Linker created -
Region$$Table$$Limit    0x00a371          --   Gb  - Linker created -
ResetGreenLed           0x00a578    0x8  Code  Gb  bsp_led.o [1]
RfComInit               0x0084e7   0x47  Code  Gb  bsp_rf_com.o [1]
SPI1_IRQHandler         0x00a600    0x1  Code  Gb  stm8l15x_it.o [1]
SPI_Cmd                 0x00a404    0xd  Code  Gb  stm8l15x_spi.o [1]
SPI_GetFlagStatus       0x00a438   0x19  Code  Gb  stm8l15x_spi.o [1]
SPI_Init                0x009f43   0x41  Code  Gb  stm8l15x_spi.o [1]
SPI_ReceiveData         0x00a419    0x5  Code  Gb  stm8l15x_spi.o [1]
SPI_SendData            0x00a411    0x8  Code  Gb  stm8l15x_spi.o [1]
SWITCH_CSS_BREAK_DAC_IRQHandler
                        0x00a5f8    0x1  Code  Gb  stm8l15x_it.o [1]
SetGreenLed             0x00a570    0x8  Code  Gb  bsp_led.o [1]
SetPwm                  0x009d76   0x31  Code  Gb  bsp_pwm_timer.o [1]
SetSpeedRef             0x0098c6   0x5a  Code  Gb  speed_controller.o [1]
ShutdownRFM22B          0x0084df    0x8  Code  Gb  bsp_rf_com.o [1]
SpeedController         0x000646   0x20  Data  Gb  speed_controller.o [1]
SpeedControllerHandler  0x008d31  0x359  Code  Gb  speed_controller.o [1]
SpeedControllerLoop     0x0093ed  0x198  Code  Gb  speed_controller.o [1]
SpeedControllerState    0x0006b4    0x1  Data  Gb  speed_controller.o [1]
SysTick                 0x00066e    0x4  Data  Gb  bsp_timing_delay.o [1]
SysTickHandler          0x00a4b1    0xf  Code  Gb  bsp_timing_delay.o [1]
TIM1_ARRPreloadConfig   0x00a4e9    0xd  Code  Gb  stm8l15x_tim1.o [1]
TIM1_CC_IRQHandler      0x00a5fe    0x1  Code  Gb  stm8l15x_it.o [1]
TIM1_Cmd                0x00a4f6    0xd  Code  Gb  stm8l15x_tim1.o [1]
TIM1_CtrlPWMOutputs     0x00a503    0xd  Code  Gb  stm8l15x_tim1.o [1]
TIM1_OC2Init            0x009dfe   0x61  Code  Gb  stm8l15x_tim1.o [1]
TIM1_OC2PreloadConfig   0x00a510    0xd  Code  Gb  stm8l15x_tim1.o [1]
TIM1_TimeBaseInit       0x00a26b   0x24  Code  Gb  stm8l15x_tim1.o [1]
TIM1_UPD_OVF_TRG_COM_IRQHandler
                        0x00a5fd    0x1  Code  Gb  stm8l15x_it.o [1]
TIM2_CC_USART2_RX_IRQHandler
                        0x00a5fa    0x1  Code  Gb  stm8l15x_it.o [1]
TIM2_ClearFlag          0x00a55b    0xb  Code  Gb  stm8l15x_tim2.o [1]
TIM2_ClearITPendingBit  0x00a5b4    0x5  Code  Gb  stm8l15x_tim2.o [1]
TIM2_Cmd                0x00a51d    0xd  Code  Gb  stm8l15x_tim2.o [1]
TIM2_ITConfig           0x00a41e   0x1a  Code  Gb  stm8l15x_tim2.o [1]
TIM2_TimeBaseInit       0x00a28f   0x24  Code  Gb  stm8l15x_tim2.o [1]
TIM2_UPD_OVF_TRG_BRK_USART2_TX_IRQHandler
                        0x00a33e   0x21  Code  Gb  stm8l15x_it.o [1]
TIM3_CC_USART3_RX_IRQHandler
                        0x00a5fc    0x1  Code  Gb  stm8l15x_it.o [1]
TIM3_Cmd                0x00a52a    0xd  Code  Gb  stm8l15x_tim3.o [1]
TIM3_ETRClockMode1Config
                        0x00a2d7   0x24  Code  Gb  stm8l15x_tim3.o [1]
TIM3_ETRConfig          0x00a4c0    0xf  Code  Gb  stm8l15x_tim3.o [1]
TIM3_GetCounter         0x00a2fb   0x22  Code  Gb  stm8l15x_tim3.o [1]
TIM3_TimeBaseInit       0x00a2b3   0x24  Code  Gb  stm8l15x_tim3.o [1]
TIM3_UPD_OVF_TRG_BRK_USART3_TX_IRQHandler
                        0x00a5fb    0x1  Code  Gb  stm8l15x_it.o [1]
TIM4_UPD_OVF_TRG_IRQHandler
                        0x00a5ff    0x1  Code  Gb  stm8l15x_it.o [1]
TRAP_IRQHandler         0x00a5eb    0x1  Code  Gb  stm8l15x_it.o [1]
TimingDelay             0x00066a    0x4  Data  Lc  bsp_timing_delay.o [1]
TimingDelay_Decrement   0x00a223   0x24  Code  Gb  bsp_timing_delay.o [1]
TimingDelay_Init        0x00a191   0x25  Code  Gb  bsp_timing_delay.o [1]
ToggleRedLed            0x00a580    0x8  Code  Gb  bsp_led.o [1]
USART1_RX_TIM5_CC_IRQHandler
                        0x00a602    0x1  Code  Gb  stm8l15x_it.o [1]
USART1_TX_TIM5_UPD_OVF_TRG_BRK_IRQHandler
                        0x00a601    0x1  Code  Gb  stm8l15x_it.o [1]
WriteBurstRFM22B        0x0080f1   0x5f  Code  Gb  bsp_rf_com.o [1]
WriteSingleRFM22B       0x008080   0x6a  Code  Gb  bsp_rf_com.o [1]
__DebugBreak            0x00a604    0x1  Code  Gb  __dbg_break.o [3]
__exit                  0x00a465   0x14  Code  Gb  __dbg_xxexit.o [3]
__iar_Dint              0x009a6c   0xcb  Code  Gb  xdint.o [4]
__iar_copy_init2        0x00a169         Code  Gb  init_small.o [4]
__iar_data_init2        0x00a451   0x14  Code  Gb  init.o [4]
__iar_program_start     0x00a48c         Code  Gb  cstartup.o [4]
__iar_unhandled_exception
                        0x00a5e6         Code  Gb  unhandled_exception.o [4]
__iar_zero_init2        0x00a3af         Code  Gb  init_small.o [4]
__intvec                0x008000         Data  Gb  interrupt.o [4]
__low_level_init        0x00a5e0    0x3  Code  Gb  low_level_init.o [4]
_buf                    0x000614   0x32  Data  Lc  bsp_rf_com.o [1]
_bufLen                 0x0006af    0x1  Data  Gb  bsp_rf_com.o [1]
_deviceType             0x0006ae    0x1  Data  Lc  bsp_rf_com.o [1]
_exit                   0x00a5be         Code  Gb  cexit.o [4]
_idleMode               0x0006ad    0x1  Data  Lc  bsp_rf_com.o [1]
_interrupt_1            0x00a5eb         Code  Gb  stm8l15x_it.o [1]
_interrupt_10           0x00a5f3         Code  Gb  stm8l15x_it.o [1]
_interrupt_11           0x00a5f4         Code  Gb  stm8l15x_it.o [1]
_interrupt_12           0x00a5f5         Code  Gb  stm8l15x_it.o [1]
_interrupt_13           0x00a3cd         Code  Gb  stm8l15x_it.o [1]
_interrupt_14           0x00a140         Code  Gb  stm8l15x_it.o [1]
_interrupt_15           0x009ff6         Code  Gb  stm8l15x_it.o [1]
_interrupt_16           0x00a029         Code  Gb  stm8l15x_it.o [1]
_interrupt_17           0x00a5f6         Code  Gb  stm8l15x_it.o [1]
_interrupt_18           0x00a5f7         Code  Gb  stm8l15x_it.o [1]
_interrupt_19           0x00a5f8         Code  Gb  stm8l15x_it.o [1]
_interrupt_20           0x00a5f9         Code  Gb  stm8l15x_it.o [1]
_interrupt_21           0x00a33e         Code  Gb  stm8l15x_it.o [1]
_interrupt_22           0x00a5fa         Code  Gb  stm8l15x_it.o [1]
_interrupt_23           0x00a5fb         Code  Gb  stm8l15x_it.o [1]
_interrupt_24           0x00a5fc         Code  Gb  stm8l15x_it.o [1]
_interrupt_25           0x00a5fd         Code  Gb  stm8l15x_it.o [1]
_interrupt_26           0x00a5fe         Code  Gb  stm8l15x_it.o [1]
_interrupt_27           0x00a5ff         Code  Gb  stm8l15x_it.o [1]
_interrupt_28           0x00a600         Code  Gb  stm8l15x_it.o [1]
_interrupt_29           0x00a601         Code  Gb  stm8l15x_it.o [1]
_interrupt_3            0x00a5ec         Code  Gb  stm8l15x_it.o [1]
_interrupt_30           0x00a602         Code  Gb  stm8l15x_it.o [1]
_interrupt_31           0x00a603         Code  Gb  stm8l15x_it.o [1]
_interrupt_4            0x00a5ed         Code  Gb  stm8l15x_it.o [1]
_interrupt_5            0x00a5ee         Code  Gb  stm8l15x_it.o [1]
_interrupt_6            0x00a5ef         Code  Gb  stm8l15x_it.o [1]
_interrupt_7            0x00a5f0         Code  Gb  stm8l15x_it.o [1]
_interrupt_8            0x00a5f1         Code  Gb  stm8l15x_it.o [1]
_interrupt_9            0x00a5f2         Code  Gb  stm8l15x_it.o [1]
_lastRssi               0x0006b3    0x1  Data  Gb  bsp_rf_com.o [1]
_mode                   0x0006ac    0x1  Data  Lc  bsp_rf_com.o [1]
_rxBad                  0x00069e    0x2  Data  Gb  bsp_rf_com.o [1]
_rxBufValid             0x0006b0    0x1  Data  Gb  bsp_rf_com.o [1]
_rxGood                 0x0006a0    0x2  Data  Gb  bsp_rf_com.o [1]
_txBufSentIndex         0x0006b2    0x1  Data  Gb  bsp_rf_com.o [1]
_txGood                 0x0006a2    0x2  Data  Gb  bsp_rf_com.o [1]
_txPacketSent           0x0006b1    0x1  Data  Gb  bsp_rf_com.o [1]
appendTxBuf             0x0087f8   0x3e  Code  Gb  bsp_rf_com.o [1]
available               0x008782    0x7  Code  Gb  bsp_rf_com.o [1]
calibration_cycle       0x00069a    0x4  Data  Gb  speed_controller.o [1]
clearRxBuf              0x008338    0x9  Code  Gb  bsp_rf_com.o [1]
clearTxBuf              0x008341    0xd  Code  Gb  bsp_rf_com.o [1]
exit                    0x00a5e3    0x3  Code  Gb  exit.o [4]
expected_base_position  0x00068a    0x4  Data  Gb  speed_controller.o [1]
expected_increment_cycle
                        0x000692    0x4  Data  Gb  speed_controller.o [1]
expected_increment_ms   0x00068e    0x4  Data  Gb  speed_controller.o [1]
fillTxBuf               0x008836    0x6  Code  Gb  bsp_rf_com.o [1]
floor                   0x009f84   0x3a  Code  Gb  floor.o [4]
handleExternalInterrupt
                        0x0085e0    0x1  Code  Gb  bsp_rf_com.o [1]
handleInterrupt         0x008684   0xe8  Code  Gb  bsp_rf_com.o [1]
handleWakeupTimerInterrupt
                        0x0085df    0x1  Code  Gb  bsp_rf_com.o [1]
increment_integral      0x00067a    0x4  Data  Gb  speed_controller.o [1]
increment_integral_linearized
                        0x00067e    0x4  Data  Gb  speed_controller.o [1]
increment_integral_offset
                        0x000682    0x4  Data  Gb  speed_controller.o [1]
interruptCb             0x0006a4    0x2  Data  Lc  bsp_rf_com.o [1]
last_encoder            0x0006a6    0x2  Data  Gb  speed_controller.o [1]
last_encoder_1sec       0x0006a8    0x2  Data  Gb  speed_controller.o [1]
last_encoder_whole_turn
                        0x0006aa    0x2  Data  Gb  speed_controller.o [1]
last_increment_integral_linearized_1sec
                        0x000686    0x4  Data  Gb  speed_controller.o [1]
main                    0x00a550    0xb  Code  Gb  main.o [1]
memcpy                  0x00a390   0x1f  Code  Gb  memcpy.o [4]
millis                  0x00a5a3    0x6  Code  Gb  bsp_timing_delay.o [1]
pwm_value               0x000666    0x4  Data  Gb  bsp_pwm_timer.o [1]
readNextFragment        0x0085e1   0x27  Code  Gb  bsp_rf_com.o [1]
recv                    0x0087bf   0x39  Code  Gb  bsp_rf_com.o [1]
reset                   0x0083bf   0x12  Code  Gb  bsp_rf_com.o [1]
resetFifos              0x008674   0x10  Code  Gb  bsp_rf_com.o [1]
resetRxFifo             0x0085cf   0x10  Code  Gb  bsp_rf_com.o [1]
restartTransmit         0x008665    0xf  Code  Gb  bsp_rf_com.o [1]
rfSetInterruptCallback  0x00834e    0x4  Code  Gb  bsp_rf_com.o [1]
send                    0x00883c   0x1f  Code  Gb  bsp_rf_com.o [1]
sendNextFragment        0x008608   0x39  Code  Gb  bsp_rf_com.o [1]
setFrequency            0x0081e4  0x11a  Code  Gb  bsp_rf_com.o [1]
setHeaderFlags          0x0082fe    0x7  Code  Gb  bsp_rf_com.o [1]
setHeaderFrom           0x00830c    0x7  Code  Gb  bsp_rf_com.o [1]
setHeaderId             0x008305    0x7  Code  Gb  bsp_rf_com.o [1]
setHeaderTo             0x008313    0x7  Code  Gb  bsp_rf_com.o [1]
setMode                 0x0085b4    0x7  Code  Gb  bsp_rf_com.o [1]
setModeIdle             0x008771   0x11  Code  Gb  bsp_rf_com.o [1]
setModeRx               0x0085bb   0x14  Code  Gb  bsp_rf_com.o [1]
setModeTx               0x008641   0x14  Code  Gb  bsp_rf_com.o [1]
setModemConfig          0x0081b0   0x34  Code  Gb  bsp_rf_com.o [1]
setModemRegisters       0x008150   0x60  Code  Gb  bsp_rf_com.o [1]
setPreambleLength       0x008331    0x7  Code  Gb  bsp_rf_com.o [1]
setPromiscuous          0x00831a   0x10  Code  Gb  bsp_rf_com.o [1]
setSyncWords            0x00832a    0x7  Code  Gb  bsp_rf_com.o [1]
setTxPower              0x0080ea    0x7  Code  Gb  bsp_rf_com.o [1]
speed_controller_1sec_cycle
                        0x000672    0x4  Data  Gb  speed_controller.o [1]
speed_controller_1sec_max_cycle
                        0x000010    0x4  Data  Gb  speed_controller.o [1]
speed_controller_whole_turn_cycle
                        0x000676    0x4  Data  Gb  speed_controller.o [1]
speed_correction_array  0x000014  0x200  Data  Gb  speed_controller.o [1]
speed_correction_array_filtered
                        0x000214  0x200  Data  Gb  speed_controller.o [1]
speed_correction_characteristic
                        0x000414  0x200  Data  Gb  speed_controller.o [1]
speed_error_integral    0x000696    0x4  Data  Gb  speed_controller.o [1]
startTransmit           0x008655   0x10  Code  Gb  bsp_rf_com.o [1]
statusRead              0x00876c    0x5  Code  Gb  bsp_rf_com.o [1]
waitAvailableTimeout    0x008789   0x2f  Code  Gb  bsp_rf_com.o [1]
waitPacketSent          0x0087b8    0x7  Code  Gb  bsp_rf_com.o [1]


[1] = D:\STM8Workspace\FT-TRSY\FT_TSCP_FW\Debug\Obj
[2] = command line
[3] = dbgstm8smd.a
[4] = dlstm8smn.a

  9 131 bytes of readonly  code memory
    602 bytes of readonly  data memory
  1 973 bytes of readwrite data memory

Errors: none
Warnings: none
