###############################################################################
#
# IAR ELF Linker V3.10.1.201 for STM8                     16/Jun/2019  18:55:13
# Copyright 2010-2017 IAR Systems AB.
#
#    Output file  =  D:\STM8Workspace\FT-TRSY\FT_TSCP_FW\Debug\Exe\FT_TSCP.out
#    Map file     =  D:\STM8Workspace\FT-TRSY\FT_TSCP_FW\Debug\List\FT_TSCP.map
#    Command line =  
#        -f C:\Users\LNCZGE~1\AppData\Local\Temp\EW3987.tmp
#        (D:\STM8Workspace\FT-TRSY\FT_TSCP_FW\Debug\Obj\bsp.o
#        D:\STM8Workspace\FT-TRSY\FT_TSCP_FW\Debug\Obj\bsp_adc.o
#        D:\STM8Workspace\FT-TRSY\FT_TSCP_FW\Debug\Obj\bsp_clk_config.o
#        D:\STM8Workspace\FT-TRSY\FT_TSCP_FW\Debug\Obj\bsp_eeprom.o
#        D:\STM8Workspace\FT-TRSY\FT_TSCP_FW\Debug\Obj\bsp_encoder.o
#        D:\STM8Workspace\FT-TRSY\FT_TSCP_FW\Debug\Obj\bsp_itc_config.o
#        D:\STM8Workspace\FT-TRSY\FT_TSCP_FW\Debug\Obj\bsp_led.o
#        D:\STM8Workspace\FT-TRSY\FT_TSCP_FW\Debug\Obj\bsp_pwm_timer.o
#        D:\STM8Workspace\FT-TRSY\FT_TSCP_FW\Debug\Obj\bsp_rf_com.o
#        D:\STM8Workspace\FT-TRSY\FT_TSCP_FW\Debug\Obj\bsp_spi.o
#        D:\STM8Workspace\FT-TRSY\FT_TSCP_FW\Debug\Obj\bsp_timing_delay.o
#        D:\STM8Workspace\FT-TRSY\FT_TSCP_FW\Debug\Obj\communication_handler.o
#        D:\STM8Workspace\FT-TRSY\FT_TSCP_FW\Debug\Obj\main.o
#        D:\STM8Workspace\FT-TRSY\FT_TSCP_FW\Debug\Obj\speed_controller.o
#        D:\STM8Workspace\FT-TRSY\FT_TSCP_FW\Debug\Obj\stm8l15x_adc.o
#        D:\STM8Workspace\FT-TRSY\FT_TSCP_FW\Debug\Obj\stm8l15x_aes.o
#        D:\STM8Workspace\FT-TRSY\FT_TSCP_FW\Debug\Obj\stm8l15x_beep.o
#        D:\STM8Workspace\FT-TRSY\FT_TSCP_FW\Debug\Obj\stm8l15x_clk.o
#        D:\STM8Workspace\FT-TRSY\FT_TSCP_FW\Debug\Obj\stm8l15x_comp.o
#        D:\STM8Workspace\FT-TRSY\FT_TSCP_FW\Debug\Obj\stm8l15x_dac.o
#        D:\STM8Workspace\FT-TRSY\FT_TSCP_FW\Debug\Obj\stm8l15x_dma.o
#        D:\STM8Workspace\FT-TRSY\FT_TSCP_FW\Debug\Obj\stm8l15x_exti.o
#        D:\STM8Workspace\FT-TRSY\FT_TSCP_FW\Debug\Obj\stm8l15x_flash.o
#        D:\STM8Workspace\FT-TRSY\FT_TSCP_FW\Debug\Obj\stm8l15x_gpio.o
#        D:\STM8Workspace\FT-TRSY\FT_TSCP_FW\Debug\Obj\stm8l15x_i2c.o
#        D:\STM8Workspace\FT-TRSY\FT_TSCP_FW\Debug\Obj\stm8l15x_irtim.o
#        D:\STM8Workspace\FT-TRSY\FT_TSCP_FW\Debug\Obj\stm8l15x_it.o
#        D:\STM8Workspace\FT-TRSY\FT_TSCP_FW\Debug\Obj\stm8l15x_itc.o
#        D:\STM8Workspace\FT-TRSY\FT_TSCP_FW\Debug\Obj\stm8l15x_iwdg.o
#        D:\STM8Workspace\FT-TRSY\FT_TSCP_FW\Debug\Obj\stm8l15x_lcd.o
#        D:\STM8Workspace\FT-TRSY\FT_TSCP_FW\Debug\Obj\stm8l15x_pwr.o
#        D:\STM8Workspace\FT-TRSY\FT_TSCP_FW\Debug\Obj\stm8l15x_rst.o
#        D:\STM8Workspace\FT-TRSY\FT_TSCP_FW\Debug\Obj\stm8l15x_rtc.o
#        D:\STM8Workspace\FT-TRSY\FT_TSCP_FW\Debug\Obj\stm8l15x_spi.o
#        D:\STM8Workspace\FT-TRSY\FT_TSCP_FW\Debug\Obj\stm8l15x_syscfg.o
#        D:\STM8Workspace\FT-TRSY\FT_TSCP_FW\Debug\Obj\stm8l15x_tim1.o
#        D:\STM8Workspace\FT-TRSY\FT_TSCP_FW\Debug\Obj\stm8l15x_tim2.o
#        D:\STM8Workspace\FT-TRSY\FT_TSCP_FW\Debug\Obj\stm8l15x_tim3.o
#        D:\STM8Workspace\FT-TRSY\FT_TSCP_FW\Debug\Obj\stm8l15x_tim4.o
#        D:\STM8Workspace\FT-TRSY\FT_TSCP_FW\Debug\Obj\stm8l15x_tim5.o
#        D:\STM8Workspace\FT-TRSY\FT_TSCP_FW\Debug\Obj\stm8l15x_usart.o
#        D:\STM8Workspace\FT-TRSY\FT_TSCP_FW\Debug\Obj\stm8l15x_wfe.o
#        D:\STM8Workspace\FT-TRSY\FT_TSCP_FW\Debug\Obj\stm8l15x_wwdg.o
#        D:\STM8Workspace\FT-TRSY\FT_TSCP_FW\Debug\Obj\thread_handler.o
#        --redirect _Printf=_PrintfSmall --redirect _Scanf=_ScanfSmall -o
#        D:\STM8Workspace\FT-TRSY\FT_TSCP_FW\Debug\Exe\FT_TSCP.out --map
#        D:\STM8Workspace\FT-TRSY\FT_TSCP_FW\Debug\List\FT_TSCP.map --config
#        "C:\Program Files (x86)\IAR Systems\Embedded Workbench
#        8.0\stm8\config\lnkstm8al3l66.icf" --config_def _CSTACK_SIZE=0x100
#        --config_def _HEAP_SIZE=0x100 --entry __iar_program_start --debug_lib)
#
###############################################################################

*******************************************************************************
*** RUNTIME MODEL ATTRIBUTES
***

__SystemLibrary            = DLib
__code_model               = small
__core                     = stm8
__data_model               = medium
__dlib_file_descriptor     = 0
__dlib_full_locale_support = 0
__rt_version               = 4


*******************************************************************************
*** PLACEMENT SUMMARY
***

"A0":  place at start of [0x000000-0x0000ff] { rw section .vregs };
"A1":  place at end of [0x000000-0x0007ff] { block CSTACK };
"P2":  place in [from 0x000000 to 0x0007ff] {
          block HEAP, rw section __DLIB_PERTHREAD, rw section .far.bss,
          rw section .far.data, rw section .far.noinit,
          rw section .far_func.textrw, rw section .huge.bss,
          rw section .huge.data, rw section .huge.noinit,
          rw section .huge_func.textrw, rw section .iar.dynexit,
          rw section .near.bss, rw section .near.data, rw section .near.noinit,
          rw section .near_func.textrw };
"A2":  place at start of [0x008000-0x00ffff] { block INTVEC };
"P3":  place in [from 0x008000 to 0x00ffff] {
          ro section __DLIB_PERTHREAD_init, ro section .far.data_init,
          ro section .far_func.textrw_init, ro section .huge.data_init,
          ro section .huge_func.textrw_init, ro section .iar.init_table,
          ro section .init_array, ro section .near.data_init,
          ro section .near.rodata, ro section .near_func.text,
          ro section .near_func.textrw_init, ro section .tiny.data_init,
          ro section .tiny.rodata_init };
"P4":  place in [from 0x008000 to 0x00ffff] {
          ro section .far.rodata, ro section .far_func.text };
"P5":  place in [from 0x008000 to 0x00ffff] {
          ro section .huge.rodata, ro section .huge_func.text };
do not initialize {
   rw section .eeprom.noinit, rw section .far.noinit, rw section .huge.noinit,
   rw section .near.noinit, rw section .tiny.noinit, rw section .vregs };
initialize by copy {
   rw section .far.bss, rw section .far.data, rw section .far_func.textrw,
   rw section .huge.bss, rw section .huge.data, rw section .huge_func.textrw,
   rw section .iar.dynexit, rw section .near.bss, rw section .near.data,
   rw section .near_func.textrw, rw section .tiny.bss, rw section .tiny.data,
   ro section .tiny.rodata };

  Section            Kind      Address    Size  Object
  -------            ----      -------    ----  ------
"A0":                                     0x10
  .vregs             uninit   0x000000    0x10  vregs.o [4]
                            - 0x000010    0x10

"P2", part 1 of 2:                         0x4
  P2-1                        0x000010     0x4  <Init block>
    .near.data       inited   0x000010     0x4  speed_controller.o [1]
                            - 0x000014     0x4

"P2", part 2 of 2:                       0x6a5
  .near.bss          zero     0x000014   0x200  speed_controller.o [1]
  .near.bss          zero     0x000214   0x200  speed_controller.o [1]
  .near.bss          zero     0x000414   0x200  speed_controller.o [1]
  .near.bss          zero     0x000614    0x32  bsp_rf_com.o [1]
  .near.bss          zero     0x000646    0x25  speed_controller.o [1]
  .near.bss          zero     0x00066b     0x4  bsp_pwm_timer.o [1]
  .near.bss          zero     0x00066f     0x4  bsp_timing_delay.o [1]
  .near.bss          zero     0x000673     0x4  bsp_timing_delay.o [1]
  .near.bss          zero     0x000677     0x4  speed_controller.o [1]
  .near.bss          zero     0x00067b     0x4  speed_controller.o [1]
  .near.bss          zero     0x00067f     0x4  speed_controller.o [1]
  .near.bss          zero     0x000683     0x4  speed_controller.o [1]
  .near.bss          zero     0x000687     0x4  speed_controller.o [1]
  .near.bss          zero     0x00068b     0x4  speed_controller.o [1]
  .near.bss          zero     0x00068f     0x4  speed_controller.o [1]
  .near.bss          zero     0x000693     0x4  speed_controller.o [1]
  .near.bss          zero     0x000697     0x4  speed_controller.o [1]
  .near.bss          zero     0x00069b     0x4  speed_controller.o [1]
  .near.bss          zero     0x00069f     0x4  speed_controller.o [1]
  .near.bss          zero     0x0006a3     0x2  bsp_rf_com.o [1]
  .near.bss          zero     0x0006a5     0x2  bsp_rf_com.o [1]
  .near.bss          zero     0x0006a7     0x2  bsp_rf_com.o [1]
  .near.bss          zero     0x0006a9     0x2  bsp_rf_com.o [1]
  .near.bss          zero     0x0006ab     0x2  speed_controller.o [1]
  .near.bss          zero     0x0006ad     0x2  speed_controller.o [1]
  .near.bss          zero     0x0006af     0x2  speed_controller.o [1]
  .near.bss          zero     0x0006b1     0x1  bsp_rf_com.o [1]
  .near.bss          zero     0x0006b2     0x1  bsp_rf_com.o [1]
  .near.bss          zero     0x0006b3     0x1  bsp_rf_com.o [1]
  .near.bss          zero     0x0006b4     0x1  bsp_rf_com.o [1]
  .near.bss          zero     0x0006b5     0x1  bsp_rf_com.o [1]
  .near.bss          zero     0x0006b6     0x1  bsp_rf_com.o [1]
  .near.bss          zero     0x0006b7     0x1  bsp_rf_com.o [1]
  .near.bss          zero     0x0006b8     0x1  bsp_rf_com.o [1]
                            - 0x0006b9   0x6a5

"A1":                                    0x100
  CSTACK                      0x000700   0x100  <Block>
    CSTACK           uninit   0x000700   0x100  <Block tail>
                            - 0x000800   0x100

"A2":                                     0x80
  INTVEC                      0x008000    0x80  <Block>
    .intvec          const    0x008000    0x80  interrupt.o [4]
                            - 0x008080    0x80

"P3-P5":                                0x261d
  .near_func.text    ro code  0x008080   0x7e7  bsp_rf_com.o [1]
  .near_func.text    ro code  0x008867   0x50b  float.o [4]
  .near_func.text    ro code  0x008d72   0x385  speed_controller.o [1]
  .near.rodata       const    0x0090f7   0x1c2  bsp_rf_com.o [1]
  .near_func.text    ro code  0x0092b9   0x1a1  long.o [4]
  .near_func.text    ro code  0x00945a   0x198  speed_controller.o [1]
  .near_func.text    ro code  0x0095f2   0x121  vreg_util.o [4]
  .near_func.text    ro code  0x009713   0x113  stm8l15x_itc.o [1]
  .near_func.text    ro code  0x009826   0x10d  stm8l15x_exti.o [1]
  .near_func.text    ro code  0x009933    0xd0  speed_controller.o [1]
  .near_func.text    ro code  0x009a03    0xcb  xdint.o [4]
  .near_func.text    ro code  0x009ace    0x98  stm8l15x_clk.o [1]
  .near_func.text    ro code  0x009b66    0x90  long_util.o [4]
  .near_func.text    ro code  0x009bf6    0x8e  stm8l15x_gpio.o [1]
  .near_func.text    ro code  0x009c84    0x89  stm8l15x_clk.o [1]
  .near_func.text    ro code  0x009d0d    0x88  bsp_pwm_timer.o [1]
  .near_func.text    ro code  0x009d95    0x87  speed_controller.o [1]
  .near_func.text    ro code  0x009e1c    0x72  speed_controller.o [1]
  .near_func.text    ro code  0x009e8e    0x61  stm8l15x_tim1.o [1]
  .near_func.text    ro code  0x009eef    0x55  stm8l15x_adc.o [1]
  .near_func.text    ro code  0x009f44    0x54  communication_handler.o [1]
  .near_func.text    ro code  0x009f98    0x48  bsp_adc.o [1]
  .near_func.text    ro code  0x009fe0    0x41  stm8l15x_spi.o [1]
  .near_func.text    ro code  0x00a021    0x3a  floor.o [4]
  .near_func.text    ro code  0x00a05b    0x38  bsp_spi.o [1]
  .near_func.text    ro code  0x00a093    0x33  stm8l15x_it.o [1]
  .near_func.text    ro code  0x00a0c6    0x33  stm8l15x_it.o [1]
  .near_func.text    ro code  0x00a0f9    0x31  stm8l15x_adc.o [1]
  .near_func.text    ro code  0x00a12a    0x2e  short.o [4]
  .near_func.text    ro code  0x00a158    0x2d  bsp_itc_config.o [1]
  .near_func.text    ro code  0x00a185    0x2c  bsp_encoder.o [1]
  .near_func.text    ro code  0x00a1b1    0x2c  stm8l15x_gpio.o [1]
  .near_func.text    ro code  0x00a1dd    0x29  stm8l15x_it.o [1]
  .near_func.text    ro code  0x00a206    0x28  init_small.o [4]
  .near_func.text    ro code  0x00a22e    0x25  bsp_timing_delay.o [1]
  .near_func.text    ro code  0x00a253    0x25  dc_util.o [4]
  .near_func.text    ro code  0x00a278    0x24  bsp_clk_config.o [1]
  .near_func.text    ro code  0x00a29c    0x24  bsp_timing_delay.o [1]
  .near_func.text    ro code  0x00a2c0    0x24  bsp_timing_delay.o [1]
  .near_func.text    ro code  0x00a2e4    0x24  stm8l15x_adc.o [1]
  .near_func.text    ro code  0x00a308    0x24  stm8l15x_tim1.o [1]
  .near_func.text    ro code  0x00a32c    0x24  stm8l15x_tim2.o [1]
  .near_func.text    ro code  0x00a350    0x24  stm8l15x_tim3.o [1]
  .near_func.text    ro code  0x00a374    0x24  stm8l15x_tim3.o [1]
  .near_func.text    ro code  0x00a398    0x22  stm8l15x_tim3.o [1]
  .near_func.text    ro code  0x00a3ba    0x21  stm8l15x_exti.o [1]
  .near_func.text    ro code  0x00a3db    0x21  stm8l15x_it.o [1]
  .iar.init_table    const    0x00a3fc    0x12  - Linker created -
  .near_func.text    ro code  0x00a40e    0x1f  speed_controller.o [1]
  .near_func.text    ro code  0x00a42d    0x1f  memcpy.o [4]
  .near_func.text    ro code  0x00a44c    0x1e  init_small.o [4]
  .near_func.text    ro code  0x00a46a    0x1c  stm8l15x_it.o [1]
  .near_func.text    ro code  0x00a486    0x1b  bsp.o [1]
  .near_func.text    ro code  0x00a4a1    0x1a  stm8l15x_spi.o [1]
  .near_func.text    ro code  0x00a4bb    0x1a  stm8l15x_tim2.o [1]
  .near_func.text    ro code  0x00a4d5    0x19  stm8l15x_spi.o [1]
  .near_func.text    ro code  0x00a4ee    0x14  init.o [4]
  .near_func.text    ro code  0x00a502    0x14  __dbg_xxexit.o [3]
  .near_func.text    ro code  0x00a516    0x13  stm8l15x_clk.o [1]
  .near_func.text    ro code  0x00a529    0x13  cstartup.o [4]
  .near_func.text    ro code  0x00a53c    0x12  stm8l15x_gpio.o [1]
  .near_func.text    ro code  0x00a54e     0xf  bsp_timing_delay.o [1]
  .near_func.text    ro code  0x00a55d     0xf  stm8l15x_tim3.o [1]
  .near_func.text    ro code  0x00a56c     0xd  stm8l15x_adc.o [1]
  .near_func.text    ro code  0x00a579     0xd  stm8l15x_clk.o [1]
  .near_func.text    ro code  0x00a586     0xd  stm8l15x_tim1.o [1]
  .near_func.text    ro code  0x00a593     0xd  stm8l15x_tim1.o [1]
  .near_func.text    ro code  0x00a5a0     0xd  stm8l15x_tim1.o [1]
  .near_func.text    ro code  0x00a5ad     0xd  stm8l15x_tim1.o [1]
  .near_func.text    ro code  0x00a5ba     0xd  stm8l15x_tim2.o [1]
  .near_func.text    ro code  0x00a5c7     0xd  stm8l15x_tim3.o [1]
  .near_func.text    ro code  0x00a5d4     0xd  move.o [4]
  .near_func.text    ro code  0x00a5e1     0xc  bsp_led.o [1]
  .near_func.text    ro code  0x00a5ed     0xb  main.o [1]
  .near_func.text    ro code  0x00a5f8     0xb  stm8l15x_tim2.o [1]
  .near_func.text    ro code  0x00a603     0xa  bsp_rf_com.o [1]
  .near_func.text    ro code  0x00a60d     0x9  thread_handler.o [1]
  .near_func.text    ro code  0x00a616     0x8  bsp_led.o [1]
  .near_func.text    ro code  0x00a61e     0x8  bsp_led.o [1]
  .near_func.text    ro code  0x00a626     0x7  stm8l15x_gpio.o [1]
  .near_func.text    ro code  0x00a62d     0x7  stm8l15x_gpio.o [1]
  .near_func.text    ro code  0x00a634     0x7  stm8l15x_gpio.o [1]
  .near_func.text    ro code  0x00a63b     0x6  bsp_pwm_timer.o [1]
  .near_func.text    ro code  0x00a641     0x6  bsp_timing_delay.o [1]
  .near_func.text    ro code  0x00a647     0x5  stm8l15x_adc.o [1]
  .near_func.text    ro code  0x00a64c     0x5  stm8l15x_tim2.o [1]
  .near_func.text    ro code  0x00a651     0x5  char.o [4]
  .near_func.text    ro code  0x00a656     0x5  cexit.o [4]
  .near_func.text    ro code  0x00a65b     0x4  stm8l15x_clk.o [1]
  .near_func.text    ro code  0x00a65f     0x4  stm8l15x_clk.o [1]
  .near_func.text    ro code  0x00a663     0x4  stm8l15x_clk.o [1]
  .near_func.text    ro code  0x00a667     0x4  stm8l15x_gpio.o [1]
  Initializer bytes  const    0x00a66b     0x4  <for P2-1>
  .near_func.text    ro code  0x00a66f     0x3  bsp_encoder.o [1]
  .near_func.text    ro code  0x00a672     0x3  thread_handler.o [1]
  .near_func.text    ro code  0x00a675     0x3  interrupt.o [4]
  .near_func.text    ro code  0x00a678     0x3  low_level_init.o [4]
  .near_func.text    ro code  0x00a67b     0x3  exit.o [4]
  .near_func.text    ro code  0x00a67e     0x3  unhandled_exception.o [4]
  .near.rodata       const    0x00a681     0x2  bsp_rf_com.o [1]
  .near_func.text    ro code  0x00a683     0x1  stm8l15x_it.o [1]
  .near_func.text    ro code  0x00a684     0x1  stm8l15x_it.o [1]
  .near_func.text    ro code  0x00a685     0x1  stm8l15x_it.o [1]
  .near_func.text    ro code  0x00a686     0x1  stm8l15x_it.o [1]
  .near_func.text    ro code  0x00a687     0x1  stm8l15x_it.o [1]
  .near_func.text    ro code  0x00a688     0x1  stm8l15x_it.o [1]
  .near_func.text    ro code  0x00a689     0x1  stm8l15x_it.o [1]
  .near_func.text    ro code  0x00a68a     0x1  stm8l15x_it.o [1]
  .near_func.text    ro code  0x00a68b     0x1  stm8l15x_it.o [1]
  .near_func.text    ro code  0x00a68c     0x1  stm8l15x_it.o [1]
  .near_func.text    ro code  0x00a68d     0x1  stm8l15x_it.o [1]
  .near_func.text    ro code  0x00a68e     0x1  stm8l15x_it.o [1]
  .near_func.text    ro code  0x00a68f     0x1  stm8l15x_it.o [1]
  .near_func.text    ro code  0x00a690     0x1  stm8l15x_it.o [1]
  .near_func.text    ro code  0x00a691     0x1  stm8l15x_it.o [1]
  .near_func.text    ro code  0x00a692     0x1  stm8l15x_it.o [1]
  .near_func.text    ro code  0x00a693     0x1  stm8l15x_it.o [1]
  .near_func.text    ro code  0x00a694     0x1  stm8l15x_it.o [1]
  .near_func.text    ro code  0x00a695     0x1  stm8l15x_it.o [1]
  .near_func.text    ro code  0x00a696     0x1  stm8l15x_it.o [1]
  .near_func.text    ro code  0x00a697     0x1  stm8l15x_it.o [1]
  .near_func.text    ro code  0x00a698     0x1  stm8l15x_it.o [1]
  .near_func.text    ro code  0x00a699     0x1  stm8l15x_it.o [1]
  .near_func.text    ro code  0x00a69a     0x1  stm8l15x_it.o [1]
  .near_func.text    ro code  0x00a69b     0x1  stm8l15x_it.o [1]
  .near_func.text    ro code  0x00a69c     0x1  __dbg_break.o [3]
                            - 0x00a69d  0x261d


*******************************************************************************
*** INIT TABLE
***

          Address   Size
          -------   ----
Zero (__iar_zero_init2)
    1 destination range, total size 0x6a5:
          0x000014  0x6a5

Copy (__iar_copy_init2)
    1 source range, total size 0x4:
          0x00a66b    0x4
    1 destination range, total size 0x4:
          0x000010    0x4



*******************************************************************************
*** MODULE SUMMARY
***

    Module                   ro code  ro data  rw data
    ------                   -------  -------  -------
D:\STM8Workspace\FT-TRSY\FT_TSCP_FW\Debug\Obj: [1]
    bsp.o                         27
    bsp_adc.o                     72
    bsp_clk_config.o              36
    bsp_encoder.o                 47
    bsp_itc_config.o              45
    bsp_led.o                     28
    bsp_pwm_timer.o              142                 4
    bsp_rf_com.o               2 033      452       66
    bsp_spi.o                     56
    bsp_timing_delay.o           130                 8
    communication_handler.o       84
    main.o                        11
    speed_controller.o         1 797        4    1 627
    stm8l15x_adc.o               188
    stm8l15x_clk.o               333
    stm8l15x_exti.o              302
    stm8l15x_gpio.o              229
    stm8l15x_it.o                229
    stm8l15x_itc.o               275
    stm8l15x_spi.o               116
    stm8l15x_tim1.o              185
    stm8l15x_tim2.o               91
    stm8l15x_tim3.o              134
    thread_handler.o              12
    --------------------------------------------------
    Total:                     6 602      456    1 705

command line: [2]
    --------------------------------------------------
    Total:

dbgstm8smd.a: [3]
    __dbg_break.o                  1
    __dbg_xxexit.o                20
    --------------------------------------------------
    Total:                        21

dlstm8smn.a: [4]
    cexit.o                        5
    char.o                         5
    cstartup.o                    19
    dc_util.o                     37
    exit.o                         3
    float.o                    1 291
    floor.o                       58
    init.o                        20
    init_small.o                  70
    interrupt.o                    3      128
    long.o                       417
    long_util.o                  144
    low_level_init.o               3
    memcpy.o                      31
    move.o                        13
    short.o                       46
    unhandled_exception.o          3
    vreg_util.o                  289
    vregs.o                                         16
    xdint.o                      203
    --------------------------------------------------
    Total:                     2 660      128       16

    Linker created                         18      256
------------------------------------------------------
    Grand Total:               9 283      602    1 977


*******************************************************************************
*** ENTRY LIST
***

Entry                    Address   Size  Type      Object
-----                    -------   ----  ----      ------
.iar.init_table$$Base   0x00a3fc          --   Gb  - Linker created -
.iar.init_table$$Limit  0x00a40e          --   Gb  - Linker created -
?add32_l0_l0_0x         0x0092fd         Code  Gb  long.o [4]
?add32_l0_l0_l1         0x0092fa         Code  Gb  long.o [4]
?b0                     0x000000         Data  Gb  vregs.o [4]
?b1                     0x000001         Data  Gb  vregs.o [4]
?b10                    0x00000a         Data  Gb  vregs.o [4]
?b11                    0x00000b         Data  Gb  vregs.o [4]
?b12                    0x00000c         Data  Gb  vregs.o [4]
?b13                    0x00000d         Data  Gb  vregs.o [4]
?b14                    0x00000e         Data  Gb  vregs.o [4]
?b15                    0x00000f         Data  Gb  vregs.o [4]
?b2                     0x000002         Data  Gb  vregs.o [4]
?b3                     0x000003         Data  Gb  vregs.o [4]
?b4                     0x000004         Data  Gb  vregs.o [4]
?b5                     0x000005         Data  Gb  vregs.o [4]
?b6                     0x000006         Data  Gb  vregs.o [4]
?b7                     0x000007         Data  Gb  vregs.o [4]
?b8                     0x000008         Data  Gb  vregs.o [4]
?b9                     0x000009         Data  Gb  vregs.o [4]
?dc32_l0                0x00a253         Code  Gb  dc_util.o [4]
?dc32_l1                0x00a260         Code  Gb  dc_util.o [4]
?dc32_px                0x00a26d         Code  Gb  dc_util.o [4]
?dec32_0x_0x            0x0092e6         Code  Gb  long.o [4]
?dec32_l0_l0            0x0092dc         Code  Gb  long.o [4]
?dec32_l1_l1            0x0092e1         Code  Gb  long.o [4]
?e0                     0x000001         Data  Gb  vregs.o [4]
?e1                     0x000005         Data  Gb  vregs.o [4]
?e2                     0x000009         Data  Gb  vregs.o [4]
?e3                     0x00000d         Data  Gb  vregs.o [4]
?epilogue_l2            0x009681         Code  Gb  vreg_util.o [4]
?epilogue_l2_l3         0x00967e         Code  Gb  vreg_util.o [4]
?epilogue_w4            0x009685         Code  Gb  vreg_util.o [4]
?fadd32_l0_l0_0x        0x008892         Code  Gb  float.o [4]
?fadd32_l0_l0_dc32      0x00888d         Code  Gb  float.o [4]
?fadd32_l0_l0_l1        0x008895         Code  Gb  float.o [4]
?fcastf32s16_l0_x       0x008b5a         Code  Gb  float.o [4]
?fcastf32u16_l0_x       0x008b61         Code  Gb  float.o [4]
?fcastf32u32_l0_l0      0x008c2c         Code  Gb  float.o [4]
?fcasts16f32_x_l0       0x008b7f         Code  Gb  float.o [4]
?fcasts32f32_l0_l0      0x008bcb         Code  Gb  float.o [4]
?fcastu32f32_l0_l0      0x008bb4         Code  Gb  float.o [4]
?fcmpeq32_c_0x_fzero    0x008ac4         Code  Gb  float.o [4]
?fcmpeq32_c_l0_0x       0x008ad1         Code  Gb  float.o [4]
?fcmpeq32_c_l0_dc32     0x008acc         Code  Gb  float.o [4]
?fcmpeq32_c_l0_fzero    0x008ac1         Code  Gb  float.o [4]
?fcmpge32_c_l0_0x       0x008afb         Code  Gb  float.o [4]
?fcmpge32_c_l0_dc32     0x008af6         Code  Gb  float.o [4]
?fcmplt32_c_l0_0x       0x008b04         Code  Gb  float.o [4]
?fcmplt32_c_l0_dc32     0x008aff         Code  Gb  float.o [4]
?fdiv32_l0_dc32_l1      0x008a06         Code  Gb  float.o [4]
?fdiv32_l0_l0_0x        0x008a10         Code  Gb  float.o [4]
?fdiv32_l0_l0_dc32      0x008a0b         Code  Gb  float.o [4]
?fdiv32_l0_l0_l1        0x008a13         Code  Gb  float.o [4]
?fmul32_l0_l0_0x        0x008968         Code  Gb  float.o [4]
?fmul32_l0_l0_dc32      0x008963         Code  Gb  float.o [4]
?fmul32_l0_l0_l1        0x00896b         Code  Gb  float.o [4]
?fsub32_l0_l0_0x        0x008884         Code  Gb  float.o [4]
?fsub32_l0_l0_l1        0x008887         Code  Gb  float.o [4]
?inc32_0x_0x            0x0092ce         Code  Gb  long.o [4]
?inc32_l0_l0            0x0092c9         Code  Gb  long.o [4]
?l0                     0x000000         Data  Gb  vregs.o [4]
?l1                     0x000004         Data  Gb  vregs.o [4]
?l2                     0x000008         Data  Gb  vregs.o [4]
?l3                     0x00000c         Data  Gb  vregs.o [4]
?load32_0x_l0           0x009bbb         Code  Gb  long_util.o [4]
?load32_0x_l1           0x009bc9         Code  Gb  long_util.o [4]
?load32_0x_l2           0x009be8         Code  Gb  long_util.o [4]
?load32_asp_l0          0x009baf         Code  Gb  long_util.o [4]
?load32_asp_l2          0x009bdc         Code  Gb  long_util.o [4]
?load32_dbsp_l0         0x009baa         Code  Gb  long_util.o [4]
?load32_dbsp_l2         0x009bd7         Code  Gb  long_util.o [4]
?load32_l0_0x           0x009b76         Code  Gb  long_util.o [4]
?load32_l0_asp          0x009b6b         Code  Gb  long_util.o [4]
?load32_l0_dbsp         0x009b66         Code  Gb  long_util.o [4]
?load32_l0_xsp          0x009b6d         Code  Gb  long_util.o [4]
?load32_l1_0x           0x009b92         Code  Gb  long_util.o [4]
?load32_l1_asp          0x009b87         Code  Gb  long_util.o [4]
?load32_l1_dbsp         0x009b82         Code  Gb  long_util.o [4]
?load32_l1_xsp          0x009b89         Code  Gb  long_util.o [4]
?load32_l3_0x           0x009b9e         Code  Gb  long_util.o [4]
?load32_xsp_l0          0x009bb1         Code  Gb  long_util.o [4]
?load32_xsp_l2          0x009bde         Code  Gb  long_util.o [4]
?mov_e0_e1              0x0096a1         Code  Gb  vreg_util.o [4]
?mov_e0_e2              0x0096ae         Code  Gb  vreg_util.o [4]
?mov_e0_e3              0x0096bb         Code  Gb  vreg_util.o [4]
?mov_e1_e0              0x0096c8         Code  Gb  vreg_util.o [4]
?mov_e1_e2              0x0096d5         Code  Gb  vreg_util.o [4]
?mov_e1_e3              0x0096e2         Code  Gb  vreg_util.o [4]
?mov_e2_e0              0x0096ef         Code  Gb  vreg_util.o [4]
?mov_e3_e0              0x0096fc         Code  Gb  vreg_util.o [4]
?mov_e3_e1              0x009709         Code  Gb  vreg_util.o [4]
?mov_l0_l1              0x00969e         Code  Gb  vreg_util.o [4]
?mov_l0_l2              0x0096ab         Code  Gb  vreg_util.o [4]
?mov_l0_l3              0x0096b8         Code  Gb  vreg_util.o [4]
?mov_l1_l0              0x0096c5         Code  Gb  vreg_util.o [4]
?mov_l1_l2              0x0096d2         Code  Gb  vreg_util.o [4]
?mov_l1_l3              0x0096df         Code  Gb  vreg_util.o [4]
?mov_l2_l0              0x0096ec         Code  Gb  vreg_util.o [4]
?mov_l3_l0              0x0096f9         Code  Gb  vreg_util.o [4]
?mov_l3_l1              0x009706         Code  Gb  vreg_util.o [4]
?mov_w0_w1              0x009689         Code  Gb  vreg_util.o [4]
?mov_w1_w0              0x009690         Code  Gb  vreg_util.o [4]
?mov_w1_w3              0x0096a4         Code  Gb  vreg_util.o [4]
?mov_w1_w5              0x0096b1         Code  Gb  vreg_util.o [4]
?mov_w1_w7              0x0096be         Code  Gb  vreg_util.o [4]
?mov_w2_w1              0x009697         Code  Gb  vreg_util.o [4]
?mov_w3_w1              0x0096cb         Code  Gb  vreg_util.o [4]
?mov_w3_w5              0x0096d8         Code  Gb  vreg_util.o [4]
?mov_w3_w7              0x0096e5         Code  Gb  vreg_util.o [4]
?mov_w5_w1              0x0096f2         Code  Gb  vreg_util.o [4]
?mov_w7_w1              0x0096ff         Code  Gb  vreg_util.o [4]
?mov_w7_w3              0x00970c         Code  Gb  vreg_util.o [4]
?move1616_v_x_y_a       0x00a5d4         Code  Gb  move.o [4]
?mul16_x_x_w0           0x00a12a         Code  Gb  short.o [4]
?mul32_l0_l0_0x         0x009330         Code  Gb  long.o [4]
?mul32_l0_l0_dl         0x00932d         Code  Gb  long.o [4]
?mul32_l0_l0_l1         0x009339         Code  Gb  long.o [4]
?neg32_l0_l0            0x0092b9         Code  Gb  long.o [4]
?pop_l0                 0x00964a         Code  Gb  vreg_util.o [4]
?pop_l1                 0x009655         Code  Gb  vreg_util.o [4]
?pop_l2                 0x009660         Code  Gb  vreg_util.o [4]
?pop_l3                 0x00966b         Code  Gb  vreg_util.o [4]
?pop_w4                 0x00960a         Code  Gb  vreg_util.o [4]
?push_l0                0x009619         Code  Gb  vreg_util.o [4]
?push_l1                0x00961e         Code  Gb  vreg_util.o [4]
?push_l2                0x009623         Code  Gb  vreg_util.o [4]
?push_l3                0x009628         Code  Gb  vreg_util.o [4]
?push_w4                0x0095f2         Code  Gb  vreg_util.o [4]
?scmp32_c_l0_l1         0x009432         Code  Gb  long.o [4]
?sll16_x_x_a            0x00a148         Code  Gb  short.o [4]
?sll8_a_a_5             0x00a651         Code  Gb  char.o [4]
?srl16_x_x_4            0x00a153         Code  Gb  short.o [4]
?srl16_x_x_5            0x00a152         Code  Gb  short.o [4]
?srl16_x_x_6            0x00a151         Code  Gb  short.o [4]
?srl16_x_x_7            0x00a150         Code  Gb  short.o [4]
?srl32_0x_0x_a          0x00944c         Code  Gb  long.o [4]
?srl32_l0_l0_a          0x009449         Code  Gb  long.o [4]
?sub32_l0_l0_0x         0x009315         Code  Gb  long.o [4]
?ucmp32_c_l0_l1         0x009427         Code  Gb  long.o [4]
?udiv32_l0_l0_dl        0x0093b7         Code  Gb  long.o [4]
?udiv32_l0_l0_l1        0x0093ba         Code  Gb  long.o [4]
?umod32_l1_l0_l1        0x0093ba         Code  Gb  long.o [4]
?w0                     0x000000         Data  Gb  vregs.o [4]
?w1                     0x000002         Data  Gb  vregs.o [4]
?w2                     0x000004         Data  Gb  vregs.o [4]
?w3                     0x000006         Data  Gb  vregs.o [4]
?w4                     0x000008         Data  Gb  vregs.o [4]
?w5                     0x00000a         Data  Gb  vregs.o [4]
?w6                     0x00000c         Data  Gb  vregs.o [4]
?w7                     0x00000e         Data  Gb  vregs.o [4]
ADC1_COMP_IRQHandler    0x00a691    0x1  Code  Gb  stm8l15x_it.o [1]
ADC_ChannelCmd          0x009eef   0x55  Code  Gb  stm8l15x_adc.o [1]
ADC_Cmd                 0x00a56c    0xd  Code  Gb  stm8l15x_adc.o [1]
ADC_Init                0x00a2e4   0x24  Code  Gb  stm8l15x_adc.o [1]
ADC_SamplingTimeConfig  0x00a0f9   0x31  Code  Gb  stm8l15x_adc.o [1]
ADC_SoftwareStartConv   0x00a647    0x5  Code  Gb  stm8l15x_adc.o [1]
CLK_Config              0x00a278   0x24  Code  Gb  bsp_clk_config.o [1]
CLK_GetFlagStatus       0x009ace   0x98  Code  Gb  stm8l15x_clk.o [1]
CLK_GetSYSCLKSource     0x00a65f    0x4  Code  Gb  stm8l15x_clk.o [1]
CLK_HSEConfig           0x00a516   0x13  Code  Gb  stm8l15x_clk.o [1]
CLK_PeripheralClockConfig
                        0x009c84   0x89  Code  Gb  stm8l15x_clk.o [1]
CLK_SYSCLKDivConfig     0x00a663    0x4  Code  Gb  stm8l15x_clk.o [1]
CLK_SYSCLKSourceConfig  0x00a65b    0x4  Code  Gb  stm8l15x_clk.o [1]
CLK_SYSCLKSourceSwitchCmd
                        0x00a579    0xd  Code  Gb  stm8l15x_clk.o [1]
CSTACK$$Base            0x000700          --   Gb  - Linker created -
CSTACK$$Limit           0x000800          --   Gb  - Linker created -
CommunicationHandler    0x009f44   0x54  Code  Gb  communication_handler.o [1]
DMA1_CHANNEL0_1_IRQHandler
                        0x00a685    0x1  Code  Gb  stm8l15x_it.o [1]
DMA1_CHANNEL2_3_IRQHandler
                        0x00a686    0x1  Code  Gb  stm8l15x_it.o [1]
Delay                   0x00a29c   0x24  Code  Gb  bsp_timing_delay.o [1]
EXTI0_IRQHandler        0x00a68b    0x1  Code  Gb  stm8l15x_it.o [1]
EXTI1_IRQHandler        0x00a68c    0x1  Code  Gb  stm8l15x_it.o [1]
EXTI2_IRQHandler        0x00a68d    0x1  Code  Gb  stm8l15x_it.o [1]
EXTI3_IRQHandler        0x00a46a   0x1c  Code  Gb  stm8l15x_it.o [1]
EXTI4_IRQHandler        0x00a1dd   0x29  Code  Gb  stm8l15x_it.o [1]
EXTI5_IRQHandler        0x00a093   0x33  Code  Gb  stm8l15x_it.o [1]
EXTI6_IRQHandler        0x00a0c6   0x33  Code  Gb  stm8l15x_it.o [1]
EXTI7_IRQHandler        0x00a68e    0x1  Code  Gb  stm8l15x_it.o [1]
EXTIB_G_IRQHandler      0x00a689    0x1  Code  Gb  stm8l15x_it.o [1]
EXTID_H_IRQHandler      0x00a68a    0x1  Code  Gb  stm8l15x_it.o [1]
EXTIE_F_PVD_IRQHandler  0x00a688    0x1  Code  Gb  stm8l15x_it.o [1]
EXTI_ClearITPendingBit  0x00a3ba   0x21  Code  Gb  stm8l15x_exti.o [1]
EXTI_SetPinSensitivity  0x009826  0x10d  Code  Gb  stm8l15x_exti.o [1]
EnableRFM22B            0x0084d2    0xd  Code  Gb  bsp_rf_com.o [1]
FLASH_IRQHandler        0x00a684    0x1  Code  Gb  stm8l15x_it.o [1]
GPIO_ExternalPullUpConfig
                        0x00a1b1   0x2c  Code  Gb  stm8l15x_gpio.o [1]
GPIO_Init               0x009bf6   0x8e  Code  Gb  stm8l15x_gpio.o [1]
GPIO_ReadInputDataBit   0x00a634    0x7  Code  Gb  stm8l15x_gpio.o [1]
GPIO_ResetBits          0x00a667    0x4  Code  Gb  stm8l15x_gpio.o [1]
GPIO_SetBits            0x00a626    0x7  Code  Gb  stm8l15x_gpio.o [1]
GPIO_ToggleBits         0x00a62d    0x7  Code  Gb  stm8l15x_gpio.o [1]
GPIO_WriteBit           0x00a53c   0x12  Code  Gb  stm8l15x_gpio.o [1]
GetEncoderValue         0x00a66f    0x3  Code  Gb  bsp_encoder.o [1]
GetLinearizedIncrement  0x009933   0xd0  Code  Gb  speed_controller.o [1]
GetPwm                  0x00a63b    0x6  Code  Gb  bsp_pwm_timer.o [1]
GetSpeedController      0x00a40e   0x1f  Code  Gb  speed_controller.o [1]
I2C1_SPI2_IRQHandler    0x00a69b    0x1  Code  Gb  stm8l15x_it.o [1]
INTVEC$$Base            0x008000          --   Gb  - Linker created -
INTVEC$$Limit           0x008080          --   Gb  - Linker created -
ITC_Config              0x00a158   0x2d  Code  Gb  bsp_itc_config.o [1]
ITC_SetSoftwarePriority
                        0x009713  0x113  Code  Gb  stm8l15x_itc.o [1]
InitAdc                 0x009f98   0x48  Code  Gb  bsp_adc.o [1]
InitEncoder             0x00a185   0x2c  Code  Gb  bsp_encoder.o [1]
InitHardware            0x00a486   0x1b  Code  Gb  bsp.o [1]
InitLed                 0x00a5e1    0xc  Code  Gb  bsp_led.o [1]
InitPwmTimer            0x009d3e   0x57  Code  Gb  bsp_pwm_timer.o [1]
InitSpeedController     0x009e1c   0x72  Code  Gb  speed_controller.o [1]
InitSpi                 0x00a05b   0x38  Code  Gb  bsp_spi.o [1]
LCD_AES_IRQHandler      0x00a68f    0x1  Code  Gb  stm8l15x_it.o [1]
LoopThread              0x00a60d    0x9  Code  Gb  thread_handler.o [1]
MODEM_CONFIG_TABLE      0x0090f7  0x1c2  Data  Lc  bsp_rf_com.o [1]
MilliThread             0x00a672    0x3  Code  Gb  thread_handler.o [1]
NselRFM22B              0x00a603    0xa  Code  Gb  bsp_rf_com.o [1]
RF22init                0x0083d1  0x101  Code  Gb  bsp_rf_com.o [1]
RTC_CSSLSE_IRQHandler   0x00a687    0x1  Code  Gb  stm8l15x_it.o [1]
ReadBurstRFM22B         0x00852e   0x86  Code  Gb  bsp_rf_com.o [1]
ReadSingleRFM22B        0x008352   0x6d  Code  Gb  bsp_rf_com.o [1]
Region$$Table$$Base     0x00a3fc          --   Gb  - Linker created -
Region$$Table$$Limit    0x00a40e          --   Gb  - Linker created -
RfComInit               0x0084e7   0x47  Code  Gb  bsp_rf_com.o [1]
SPI1_IRQHandler         0x00a698    0x1  Code  Gb  stm8l15x_it.o [1]
SPI_Cmd                 0x00a4a1    0xd  Code  Gb  stm8l15x_spi.o [1]
SPI_GetFlagStatus       0x00a4d5   0x19  Code  Gb  stm8l15x_spi.o [1]
SPI_Init                0x009fe0   0x41  Code  Gb  stm8l15x_spi.o [1]
SPI_ReceiveData         0x00a4b6    0x5  Code  Gb  stm8l15x_spi.o [1]
SPI_SendData            0x00a4ae    0x8  Code  Gb  stm8l15x_spi.o [1]
SWITCH_CSS_BREAK_DAC_IRQHandler
                        0x00a690    0x1  Code  Gb  stm8l15x_it.o [1]
SetPwm                  0x009d0d   0x31  Code  Gb  bsp_pwm_timer.o [1]
SetSpeedRef             0x009d95   0x87  Code  Gb  speed_controller.o [1]
ShutdownRFM22B          0x0084df    0x8  Code  Gb  bsp_rf_com.o [1]
SpeedController         0x000646   0x25  Data  Gb  speed_controller.o [1]
SpeedControllerHandler  0x008d72  0x385  Code  Gb  speed_controller.o [1]
SpeedControllerLoop     0x00945a  0x198  Code  Gb  speed_controller.o [1]
SysTick                 0x000673    0x4  Data  Gb  bsp_timing_delay.o [1]
SysTickHandler          0x00a54e    0xf  Code  Gb  bsp_timing_delay.o [1]
TIM1_ARRPreloadConfig   0x00a586    0xd  Code  Gb  stm8l15x_tim1.o [1]
TIM1_CC_IRQHandler      0x00a696    0x1  Code  Gb  stm8l15x_it.o [1]
TIM1_Cmd                0x00a593    0xd  Code  Gb  stm8l15x_tim1.o [1]
TIM1_CtrlPWMOutputs     0x00a5a0    0xd  Code  Gb  stm8l15x_tim1.o [1]
TIM1_OC2Init            0x009e8e   0x61  Code  Gb  stm8l15x_tim1.o [1]
TIM1_OC2PreloadConfig   0x00a5ad    0xd  Code  Gb  stm8l15x_tim1.o [1]
TIM1_TimeBaseInit       0x00a308   0x24  Code  Gb  stm8l15x_tim1.o [1]
TIM1_UPD_OVF_TRG_COM_IRQHandler
                        0x00a695    0x1  Code  Gb  stm8l15x_it.o [1]
TIM2_CC_USART2_RX_IRQHandler
                        0x00a692    0x1  Code  Gb  stm8l15x_it.o [1]
TIM2_ClearFlag          0x00a5f8    0xb  Code  Gb  stm8l15x_tim2.o [1]
TIM2_ClearITPendingBit  0x00a64c    0x5  Code  Gb  stm8l15x_tim2.o [1]
TIM2_Cmd                0x00a5ba    0xd  Code  Gb  stm8l15x_tim2.o [1]
TIM2_ITConfig           0x00a4bb   0x1a  Code  Gb  stm8l15x_tim2.o [1]
TIM2_TimeBaseInit       0x00a32c   0x24  Code  Gb  stm8l15x_tim2.o [1]
TIM2_UPD_OVF_TRG_BRK_USART2_TX_IRQHandler
                        0x00a3db   0x21  Code  Gb  stm8l15x_it.o [1]
TIM3_CC_USART3_RX_IRQHandler
                        0x00a694    0x1  Code  Gb  stm8l15x_it.o [1]
TIM3_Cmd                0x00a5c7    0xd  Code  Gb  stm8l15x_tim3.o [1]
TIM3_ETRClockMode1Config
                        0x00a374   0x24  Code  Gb  stm8l15x_tim3.o [1]
TIM3_ETRConfig          0x00a55d    0xf  Code  Gb  stm8l15x_tim3.o [1]
TIM3_GetCounter         0x00a398   0x22  Code  Gb  stm8l15x_tim3.o [1]
TIM3_TimeBaseInit       0x00a350   0x24  Code  Gb  stm8l15x_tim3.o [1]
TIM3_UPD_OVF_TRG_BRK_USART3_TX_IRQHandler
                        0x00a693    0x1  Code  Gb  stm8l15x_it.o [1]
TIM4_UPD_OVF_TRG_IRQHandler
                        0x00a697    0x1  Code  Gb  stm8l15x_it.o [1]
TRAP_IRQHandler         0x00a683    0x1  Code  Gb  stm8l15x_it.o [1]
TimingDelay             0x00066f    0x4  Data  Lc  bsp_timing_delay.o [1]
TimingDelay_Decrement   0x00a2c0   0x24  Code  Gb  bsp_timing_delay.o [1]
TimingDelay_Init        0x00a22e   0x25  Code  Gb  bsp_timing_delay.o [1]
ToggleGreenLed          0x00a616    0x8  Code  Gb  bsp_led.o [1]
ToggleRedLed            0x00a61e    0x8  Code  Gb  bsp_led.o [1]
USART1_RX_TIM5_CC_IRQHandler
                        0x00a69a    0x1  Code  Gb  stm8l15x_it.o [1]
USART1_TX_TIM5_UPD_OVF_TRG_BRK_IRQHandler
                        0x00a699    0x1  Code  Gb  stm8l15x_it.o [1]
WriteBurstRFM22B        0x0080f1   0x5f  Code  Gb  bsp_rf_com.o [1]
WriteSingleRFM22B       0x008080   0x6a  Code  Gb  bsp_rf_com.o [1]
__DebugBreak            0x00a69c    0x1  Code  Gb  __dbg_break.o [3]
__exit                  0x00a502   0x14  Code  Gb  __dbg_xxexit.o [3]
__iar_Dint              0x009a03   0xcb  Code  Gb  xdint.o [4]
__iar_copy_init2        0x00a206         Code  Gb  init_small.o [4]
__iar_data_init2        0x00a4ee   0x14  Code  Gb  init.o [4]
__iar_program_start     0x00a529         Code  Gb  cstartup.o [4]
__iar_unhandled_exception
                        0x00a67e         Code  Gb  unhandled_exception.o [4]
__iar_zero_init2        0x00a44c         Code  Gb  init_small.o [4]
__intvec                0x008000         Data  Gb  interrupt.o [4]
__low_level_init        0x00a678    0x3  Code  Gb  low_level_init.o [4]
_buf                    0x000614   0x32  Data  Lc  bsp_rf_com.o [1]
_bufLen                 0x0006b4    0x1  Data  Gb  bsp_rf_com.o [1]
_deviceType             0x0006b3    0x1  Data  Lc  bsp_rf_com.o [1]
_exit                   0x00a656         Code  Gb  cexit.o [4]
_idleMode               0x0006b2    0x1  Data  Lc  bsp_rf_com.o [1]
_interrupt_1            0x00a683         Code  Gb  stm8l15x_it.o [1]
_interrupt_10           0x00a68b         Code  Gb  stm8l15x_it.o [1]
_interrupt_11           0x00a68c         Code  Gb  stm8l15x_it.o [1]
_interrupt_12           0x00a68d         Code  Gb  stm8l15x_it.o [1]
_interrupt_13           0x00a46a         Code  Gb  stm8l15x_it.o [1]
_interrupt_14           0x00a1dd         Code  Gb  stm8l15x_it.o [1]
_interrupt_15           0x00a093         Code  Gb  stm8l15x_it.o [1]
_interrupt_16           0x00a0c6         Code  Gb  stm8l15x_it.o [1]
_interrupt_17           0x00a68e         Code  Gb  stm8l15x_it.o [1]
_interrupt_18           0x00a68f         Code  Gb  stm8l15x_it.o [1]
_interrupt_19           0x00a690         Code  Gb  stm8l15x_it.o [1]
_interrupt_20           0x00a691         Code  Gb  stm8l15x_it.o [1]
_interrupt_21           0x00a3db         Code  Gb  stm8l15x_it.o [1]
_interrupt_22           0x00a692         Code  Gb  stm8l15x_it.o [1]
_interrupt_23           0x00a693         Code  Gb  stm8l15x_it.o [1]
_interrupt_24           0x00a694         Code  Gb  stm8l15x_it.o [1]
_interrupt_25           0x00a695         Code  Gb  stm8l15x_it.o [1]
_interrupt_26           0x00a696         Code  Gb  stm8l15x_it.o [1]
_interrupt_27           0x00a697         Code  Gb  stm8l15x_it.o [1]
_interrupt_28           0x00a698         Code  Gb  stm8l15x_it.o [1]
_interrupt_29           0x00a699         Code  Gb  stm8l15x_it.o [1]
_interrupt_3            0x00a684         Code  Gb  stm8l15x_it.o [1]
_interrupt_30           0x00a69a         Code  Gb  stm8l15x_it.o [1]
_interrupt_31           0x00a69b         Code  Gb  stm8l15x_it.o [1]
_interrupt_4            0x00a685         Code  Gb  stm8l15x_it.o [1]
_interrupt_5            0x00a686         Code  Gb  stm8l15x_it.o [1]
_interrupt_6            0x00a687         Code  Gb  stm8l15x_it.o [1]
_interrupt_7            0x00a688         Code  Gb  stm8l15x_it.o [1]
_interrupt_8            0x00a689         Code  Gb  stm8l15x_it.o [1]
_interrupt_9            0x00a68a         Code  Gb  stm8l15x_it.o [1]
_lastRssi               0x0006b8    0x1  Data  Gb  bsp_rf_com.o [1]
_mode                   0x0006b1    0x1  Data  Lc  bsp_rf_com.o [1]
_rxBad                  0x0006a3    0x2  Data  Gb  bsp_rf_com.o [1]
_rxBufValid             0x0006b5    0x1  Data  Gb  bsp_rf_com.o [1]
_rxGood                 0x0006a5    0x2  Data  Gb  bsp_rf_com.o [1]
_txBufSentIndex         0x0006b7    0x1  Data  Gb  bsp_rf_com.o [1]
_txGood                 0x0006a7    0x2  Data  Gb  bsp_rf_com.o [1]
_txPacketSent           0x0006b6    0x1  Data  Gb  bsp_rf_com.o [1]
appendTxBuf             0x008804   0x3e  Code  Gb  bsp_rf_com.o [1]
available               0x008782    0x7  Code  Gb  bsp_rf_com.o [1]
calibration_cycle       0x00069f    0x4  Data  Gb  speed_controller.o [1]
clearRxBuf              0x008338    0x9  Code  Gb  bsp_rf_com.o [1]
clearTxBuf              0x008341    0xd  Code  Gb  bsp_rf_com.o [1]
exit                    0x00a67b    0x3  Code  Gb  exit.o [4]
expected_base_position  0x00068f    0x4  Data  Gb  speed_controller.o [1]
expected_increment_cycle
                        0x000697    0x4  Data  Gb  speed_controller.o [1]
expected_increment_ms   0x000693    0x4  Data  Gb  speed_controller.o [1]
fillTxBuf               0x008842    0x6  Code  Gb  bsp_rf_com.o [1]
floor                   0x00a021   0x3a  Code  Gb  floor.o [4]
handleExternalInterrupt
                        0x0085e0    0x1  Code  Gb  bsp_rf_com.o [1]
handleInterrupt         0x008684   0xe8  Code  Gb  bsp_rf_com.o [1]
handleWakeupTimerInterrupt
                        0x0085df    0x1  Code  Gb  bsp_rf_com.o [1]
increment_integral      0x00067f    0x4  Data  Gb  speed_controller.o [1]
increment_integral_linearized
                        0x000683    0x4  Data  Gb  speed_controller.o [1]
increment_integral_offset
                        0x000687    0x4  Data  Gb  speed_controller.o [1]
interruptCb             0x0006a9    0x2  Data  Lc  bsp_rf_com.o [1]
last_encoder            0x0006ab    0x2  Data  Gb  speed_controller.o [1]
last_encoder_1sec       0x0006ad    0x2  Data  Gb  speed_controller.o [1]
last_encoder_whole_turn
                        0x0006af    0x2  Data  Gb  speed_controller.o [1]
last_increment_integral_linearized_1sec
                        0x00068b    0x4  Data  Gb  speed_controller.o [1]
main                    0x00a5ed    0xb  Code  Gb  main.o [1]
memcpy                  0x00a42d   0x1f  Code  Gb  memcpy.o [4]
millis                  0x00a641    0x6  Code  Gb  bsp_timing_delay.o [1]
pwm_value               0x00066b    0x4  Data  Gb  bsp_pwm_timer.o [1]
readNextFragment        0x0085e1   0x27  Code  Gb  bsp_rf_com.o [1]
recv                    0x0087bf   0x45  Code  Gb  bsp_rf_com.o [1]
reset                   0x0083bf   0x12  Code  Gb  bsp_rf_com.o [1]
resetFifos              0x008674   0x10  Code  Gb  bsp_rf_com.o [1]
resetRxFifo             0x0085cf   0x10  Code  Gb  bsp_rf_com.o [1]
restartTransmit         0x008665    0xf  Code  Gb  bsp_rf_com.o [1]
rfSetInterruptCallback  0x00834e    0x4  Code  Gb  bsp_rf_com.o [1]
send                    0x008848   0x1f  Code  Gb  bsp_rf_com.o [1]
sendNextFragment        0x008608   0x39  Code  Gb  bsp_rf_com.o [1]
setFrequency            0x0081e4  0x11a  Code  Gb  bsp_rf_com.o [1]
setHeaderFlags          0x0082fe    0x7  Code  Gb  bsp_rf_com.o [1]
setHeaderFrom           0x00830c    0x7  Code  Gb  bsp_rf_com.o [1]
setHeaderId             0x008305    0x7  Code  Gb  bsp_rf_com.o [1]
setHeaderTo             0x008313    0x7  Code  Gb  bsp_rf_com.o [1]
setMode                 0x0085b4    0x7  Code  Gb  bsp_rf_com.o [1]
setModeIdle             0x008771   0x11  Code  Gb  bsp_rf_com.o [1]
setModeRx               0x0085bb   0x14  Code  Gb  bsp_rf_com.o [1]
setModeTx               0x008641   0x14  Code  Gb  bsp_rf_com.o [1]
setModemConfig          0x0081b0   0x34  Code  Gb  bsp_rf_com.o [1]
setModemRegisters       0x008150   0x60  Code  Gb  bsp_rf_com.o [1]
setPreambleLength       0x008331    0x7  Code  Gb  bsp_rf_com.o [1]
setPromiscuous          0x00831a   0x10  Code  Gb  bsp_rf_com.o [1]
setSyncWords            0x00832a    0x7  Code  Gb  bsp_rf_com.o [1]
setTxPower              0x0080ea    0x7  Code  Gb  bsp_rf_com.o [1]
speed_controller_1sec_cycle
                        0x000677    0x4  Data  Gb  speed_controller.o [1]
speed_controller_1sec_max_cycle
                        0x000010    0x4  Data  Gb  speed_controller.o [1]
speed_controller_whole_turn_cycle
                        0x00067b    0x4  Data  Gb  speed_controller.o [1]
speed_correction_array  0x000014  0x200  Data  Gb  speed_controller.o [1]
speed_correction_array_filtered
                        0x000214  0x200  Data  Gb  speed_controller.o [1]
speed_correction_characteristic
                        0x000414  0x200  Data  Gb  speed_controller.o [1]
speed_error_integral    0x00069b    0x4  Data  Gb  speed_controller.o [1]
startTransmit           0x008655   0x10  Code  Gb  bsp_rf_com.o [1]
statusRead              0x00876c    0x5  Code  Gb  bsp_rf_com.o [1]
waitAvailableTimeout    0x008789   0x2f  Code  Gb  bsp_rf_com.o [1]
waitPacketSent          0x0087b8    0x7  Code  Gb  bsp_rf_com.o [1]


[1] = D:\STM8Workspace\FT-TRSY\FT_TSCP_FW\Debug\Obj
[2] = command line
[3] = dbgstm8smd.a
[4] = dlstm8smn.a

  9 283 bytes of readonly  code memory
    602 bytes of readonly  data memory
  1 977 bytes of readwrite data memory

Errors: none
Warnings: none
