###############################################################################
#
# IAR ELF Linker V3.10.1.201 for STM8                     10/Jun/2019  17:44:02
# Copyright 2010-2017 IAR Systems AB.
#
#    Output file  =  D:\STM8Workspace\FT-TRSY\FT_TSCP_FW\Debug\Exe\FT_TSCP.out
#    Map file     =  D:\STM8Workspace\FT-TRSY\FT_TSCP_FW\Debug\List\FT_TSCP.map
#    Command line =  
#        -f C:\Users\LNCZGE~1\AppData\Local\Temp\EWD6CF.tmp
#        (D:\STM8Workspace\FT-TRSY\FT_TSCP_FW\Debug\Obj\bsp.o
#        D:\STM8Workspace\FT-TRSY\FT_TSCP_FW\Debug\Obj\bsp_adc.o
#        D:\STM8Workspace\FT-TRSY\FT_TSCP_FW\Debug\Obj\bsp_clk_config.o
#        D:\STM8Workspace\FT-TRSY\FT_TSCP_FW\Debug\Obj\bsp_eeprom.o
#        D:\STM8Workspace\FT-TRSY\FT_TSCP_FW\Debug\Obj\bsp_encoder.o
#        D:\STM8Workspace\FT-TRSY\FT_TSCP_FW\Debug\Obj\bsp_itc_config.o
#        D:\STM8Workspace\FT-TRSY\FT_TSCP_FW\Debug\Obj\bsp_led.o
#        D:\STM8Workspace\FT-TRSY\FT_TSCP_FW\Debug\Obj\bsp_pwm_timer.o
#        D:\STM8Workspace\FT-TRSY\FT_TSCP_FW\Debug\Obj\bsp_rf_com.o
#        D:\STM8Workspace\FT-TRSY\FT_TSCP_FW\Debug\Obj\bsp_spi.o
#        D:\STM8Workspace\FT-TRSY\FT_TSCP_FW\Debug\Obj\bsp_timing_delay.o
#        D:\STM8Workspace\FT-TRSY\FT_TSCP_FW\Debug\Obj\communication_handler.o
#        D:\STM8Workspace\FT-TRSY\FT_TSCP_FW\Debug\Obj\main.o
#        D:\STM8Workspace\FT-TRSY\FT_TSCP_FW\Debug\Obj\speed_controller.o
#        D:\STM8Workspace\FT-TRSY\FT_TSCP_FW\Debug\Obj\stm8l15x_adc.o
#        D:\STM8Workspace\FT-TRSY\FT_TSCP_FW\Debug\Obj\stm8l15x_aes.o
#        D:\STM8Workspace\FT-TRSY\FT_TSCP_FW\Debug\Obj\stm8l15x_beep.o
#        D:\STM8Workspace\FT-TRSY\FT_TSCP_FW\Debug\Obj\stm8l15x_clk.o
#        D:\STM8Workspace\FT-TRSY\FT_TSCP_FW\Debug\Obj\stm8l15x_comp.o
#        D:\STM8Workspace\FT-TRSY\FT_TSCP_FW\Debug\Obj\stm8l15x_dac.o
#        D:\STM8Workspace\FT-TRSY\FT_TSCP_FW\Debug\Obj\stm8l15x_dma.o
#        D:\STM8Workspace\FT-TRSY\FT_TSCP_FW\Debug\Obj\stm8l15x_exti.o
#        D:\STM8Workspace\FT-TRSY\FT_TSCP_FW\Debug\Obj\stm8l15x_flash.o
#        D:\STM8Workspace\FT-TRSY\FT_TSCP_FW\Debug\Obj\stm8l15x_gpio.o
#        D:\STM8Workspace\FT-TRSY\FT_TSCP_FW\Debug\Obj\stm8l15x_i2c.o
#        D:\STM8Workspace\FT-TRSY\FT_TSCP_FW\Debug\Obj\stm8l15x_irtim.o
#        D:\STM8Workspace\FT-TRSY\FT_TSCP_FW\Debug\Obj\stm8l15x_it.o
#        D:\STM8Workspace\FT-TRSY\FT_TSCP_FW\Debug\Obj\stm8l15x_itc.o
#        D:\STM8Workspace\FT-TRSY\FT_TSCP_FW\Debug\Obj\stm8l15x_iwdg.o
#        D:\STM8Workspace\FT-TRSY\FT_TSCP_FW\Debug\Obj\stm8l15x_lcd.o
#        D:\STM8Workspace\FT-TRSY\FT_TSCP_FW\Debug\Obj\stm8l15x_pwr.o
#        D:\STM8Workspace\FT-TRSY\FT_TSCP_FW\Debug\Obj\stm8l15x_rst.o
#        D:\STM8Workspace\FT-TRSY\FT_TSCP_FW\Debug\Obj\stm8l15x_rtc.o
#        D:\STM8Workspace\FT-TRSY\FT_TSCP_FW\Debug\Obj\stm8l15x_spi.o
#        D:\STM8Workspace\FT-TRSY\FT_TSCP_FW\Debug\Obj\stm8l15x_syscfg.o
#        D:\STM8Workspace\FT-TRSY\FT_TSCP_FW\Debug\Obj\stm8l15x_tim1.o
#        D:\STM8Workspace\FT-TRSY\FT_TSCP_FW\Debug\Obj\stm8l15x_tim2.o
#        D:\STM8Workspace\FT-TRSY\FT_TSCP_FW\Debug\Obj\stm8l15x_tim3.o
#        D:\STM8Workspace\FT-TRSY\FT_TSCP_FW\Debug\Obj\stm8l15x_tim4.o
#        D:\STM8Workspace\FT-TRSY\FT_TSCP_FW\Debug\Obj\stm8l15x_tim5.o
#        D:\STM8Workspace\FT-TRSY\FT_TSCP_FW\Debug\Obj\stm8l15x_usart.o
#        D:\STM8Workspace\FT-TRSY\FT_TSCP_FW\Debug\Obj\stm8l15x_wfe.o
#        D:\STM8Workspace\FT-TRSY\FT_TSCP_FW\Debug\Obj\stm8l15x_wwdg.o
#        D:\STM8Workspace\FT-TRSY\FT_TSCP_FW\Debug\Obj\thread_handler.o
#        --redirect _Printf=_PrintfSmall --redirect _Scanf=_ScanfSmall -o
#        D:\STM8Workspace\FT-TRSY\FT_TSCP_FW\Debug\Exe\FT_TSCP.out --map
#        D:\STM8Workspace\FT-TRSY\FT_TSCP_FW\Debug\List\FT_TSCP.map --config
#        "C:\Program Files (x86)\IAR Systems\Embedded Workbench
#        8.0\stm8\config\lnkstm8al3l66.icf" --config_def _CSTACK_SIZE=0x100
#        --config_def _HEAP_SIZE=0x100 --entry __iar_program_start --debug_lib)
#
###############################################################################

*******************************************************************************
*** RUNTIME MODEL ATTRIBUTES
***

__SystemLibrary            = DLib
__code_model               = small
__core                     = stm8
__data_model               = medium
__dlib_file_descriptor     = 0
__dlib_full_locale_support = 0
__rt_version               = 4


*******************************************************************************
*** PLACEMENT SUMMARY
***

"A0":  place at start of [0x000000-0x0000ff] { rw section .vregs };
"A1":  place at end of [0x000000-0x0007ff] { block CSTACK };
"P2":  place in [from 0x000000 to 0x0007ff] {
          block HEAP, rw section __DLIB_PERTHREAD, rw section .far.bss,
          rw section .far.data, rw section .far.noinit,
          rw section .far_func.textrw, rw section .huge.bss,
          rw section .huge.data, rw section .huge.noinit,
          rw section .huge_func.textrw, rw section .iar.dynexit,
          rw section .near.bss, rw section .near.data, rw section .near.noinit,
          rw section .near_func.textrw };
"A2":  place at start of [0x008000-0x00ffff] { block INTVEC };
"P3":  place in [from 0x008000 to 0x00ffff] {
          ro section __DLIB_PERTHREAD_init, ro section .far.data_init,
          ro section .far_func.textrw_init, ro section .huge.data_init,
          ro section .huge_func.textrw_init, ro section .iar.init_table,
          ro section .init_array, ro section .near.data_init,
          ro section .near.rodata, ro section .near_func.text,
          ro section .near_func.textrw_init, ro section .tiny.data_init,
          ro section .tiny.rodata_init };
"P4":  place in [from 0x008000 to 0x00ffff] {
          ro section .far.rodata, ro section .far_func.text };
"P5":  place in [from 0x008000 to 0x00ffff] {
          ro section .huge.rodata, ro section .huge_func.text };
do not initialize {
   rw section .eeprom.noinit, rw section .far.noinit, rw section .huge.noinit,
   rw section .near.noinit, rw section .tiny.noinit, rw section .vregs };
initialize by copy {
   rw section .far.bss, rw section .far.data, rw section .far_func.textrw,
   rw section .huge.bss, rw section .huge.data, rw section .huge_func.textrw,
   rw section .iar.dynexit, rw section .near.bss, rw section .near.data,
   rw section .near_func.textrw, rw section .tiny.bss, rw section .tiny.data,
   ro section .tiny.rodata };

  Section            Kind      Address    Size  Object
  -------            ----      -------    ----  ------
"A0":                                     0x10
  .vregs             uninit   0x000000    0x10  vregs.o [4]
                            - 0x000010    0x10

"P2", part 1 of 2:                         0x4
  P2-1                        0x000010     0x4  <Init block>
    .near.data       inited   0x000010     0x4  speed_controller.o [1]
                            - 0x000014     0x4

"P2", part 2 of 2:                        0x90
  .near.bss          zero     0x000014    0x32  bsp_rf_com.o [1]
  .near.bss          zero     0x000046    0x20  speed_controller.o [1]
  .near.bss          zero     0x000066     0x4  bsp_pwm_timer.o [1]
  .near.bss          zero     0x00006a     0x4  bsp_timing_delay.o [1]
  .near.bss          zero     0x00006e     0x4  bsp_timing_delay.o [1]
  .near.bss          zero     0x000072     0x4  speed_controller.o [1]
  .near.bss          zero     0x000076     0x4  speed_controller.o [1]
  .near.bss          zero     0x00007a     0x4  speed_controller.o [1]
  .near.bss          zero     0x00007e     0x4  speed_controller.o [1]
  .near.bss          zero     0x000082     0x4  speed_controller.o [1]
  .near.bss          zero     0x000086     0x4  speed_controller.o [1]
  .near.bss          zero     0x00008a     0x4  speed_controller.o [1]
  .near.bss          zero     0x00008e     0x2  bsp_rf_com.o [1]
  .near.bss          zero     0x000090     0x2  bsp_rf_com.o [1]
  .near.bss          zero     0x000092     0x2  bsp_rf_com.o [1]
  .near.bss          zero     0x000094     0x2  bsp_rf_com.o [1]
  .near.bss          zero     0x000096     0x2  speed_controller.o [1]
  .near.bss          zero     0x000098     0x2  speed_controller.o [1]
  .near.bss          zero     0x00009a     0x2  speed_controller.o [1]
  .near.bss          zero     0x00009c     0x1  bsp_rf_com.o [1]
  .near.bss          zero     0x00009d     0x1  bsp_rf_com.o [1]
  .near.bss          zero     0x00009e     0x1  bsp_rf_com.o [1]
  .near.bss          zero     0x00009f     0x1  bsp_rf_com.o [1]
  .near.bss          zero     0x0000a0     0x1  bsp_rf_com.o [1]
  .near.bss          zero     0x0000a1     0x1  bsp_rf_com.o [1]
  .near.bss          zero     0x0000a2     0x1  bsp_rf_com.o [1]
  .near.bss          zero     0x0000a3     0x1  bsp_rf_com.o [1]
                            - 0x0000a4    0x90

"A1":                                    0x100
  CSTACK                      0x000700   0x100  <Block>
    CSTACK           uninit   0x000700   0x100  <Block tail>
                            - 0x000800   0x100

"A2":                                     0x80
  INTVEC                      0x008000    0x80  <Block>
    .intvec          const    0x008000    0x80  interrupt.o [4]
                            - 0x008080    0x80

"P3-P5":                                0x2046
  .near_func.text    ro code  0x008080   0x7db  bsp_rf_com.o [1]
  .near_func.text    ro code  0x00885b   0x4b0  float.o [4]
  .near_func.text    ro code  0x008d0b   0x208  speed_controller.o [1]
  .near.rodata       const    0x008f13   0x1c2  bsp_rf_com.o [1]
  .near_func.text    ro code  0x0090d5   0x121  vreg_util.o [4]
  .near_func.text    ro code  0x0091f6   0x113  stm8l15x_itc.o [1]
  .near_func.text    ro code  0x009309   0x10d  stm8l15x_exti.o [1]
  .near_func.text    ro code  0x009416    0xcb  xdint.o [4]
  .near_func.text    ro code  0x0094e1    0xa1  speed_controller.o [1]
  .near_func.text    ro code  0x009582    0x98  stm8l15x_clk.o [1]
  .near_func.text    ro code  0x00961a    0x8e  stm8l15x_gpio.o [1]
  .near_func.text    ro code  0x0096a8    0x89  stm8l15x_clk.o [1]
  .near_func.text    ro code  0x009731    0x88  bsp_pwm_timer.o [1]
  .near_func.text    ro code  0x0097b9    0x82  long_util.o [4]
  .near_func.text    ro code  0x00983b    0x7e  long.o [4]
  .near_func.text    ro code  0x0098b9    0x61  stm8l15x_tim1.o [1]
  .near_func.text    ro code  0x00991a    0x5d  communication_handler.o [1]
  .near_func.text    ro code  0x009977    0x55  stm8l15x_adc.o [1]
  .near_func.text    ro code  0x0099cc    0x48  bsp_adc.o [1]
  .near_func.text    ro code  0x009a14    0x41  stm8l15x_spi.o [1]
  .near_func.text    ro code  0x009a55    0x3a  floor.o [4]
  .near_func.text    ro code  0x009a8f    0x38  bsp_spi.o [1]
  .near_func.text    ro code  0x009ac7    0x33  stm8l15x_it.o [1]
  .near_func.text    ro code  0x009afa    0x33  stm8l15x_it.o [1]
  .near_func.text    ro code  0x009b2d    0x31  stm8l15x_adc.o [1]
  .near_func.text    ro code  0x009b5e    0x2e  short.o [4]
  .near_func.text    ro code  0x009b8c    0x2d  bsp_itc_config.o [1]
  .near_func.text    ro code  0x009bb9    0x2c  bsp_encoder.o [1]
  .near_func.text    ro code  0x009be5    0x2c  stm8l15x_gpio.o [1]
  .near_func.text    ro code  0x009c11    0x29  stm8l15x_it.o [1]
  .near_func.text    ro code  0x009c3a    0x28  init_small.o [4]
  .near_func.text    ro code  0x009c62    0x25  bsp_timing_delay.o [1]
  .near_func.text    ro code  0x009c87    0x24  bsp_clk_config.o [1]
  .near_func.text    ro code  0x009cab    0x24  bsp_timing_delay.o [1]
  .near_func.text    ro code  0x009ccf    0x24  bsp_timing_delay.o [1]
  .near_func.text    ro code  0x009cf3    0x24  stm8l15x_adc.o [1]
  .near_func.text    ro code  0x009d17    0x24  stm8l15x_tim1.o [1]
  .near_func.text    ro code  0x009d3b    0x24  stm8l15x_tim2.o [1]
  .near_func.text    ro code  0x009d5f    0x24  stm8l15x_tim3.o [1]
  .near_func.text    ro code  0x009d83    0x24  stm8l15x_tim3.o [1]
  .near_func.text    ro code  0x009da7    0x22  stm8l15x_tim3.o [1]
  .near_func.text    ro code  0x009dc9    0x21  stm8l15x_exti.o [1]
  .near_func.text    ro code  0x009dea    0x21  stm8l15x_it.o [1]
  .iar.init_table    const    0x009e0b    0x12  - Linker created -
  .near_func.text    ro code  0x009e1d    0x1f  speed_controller.o [1]
  .near_func.text    ro code  0x009e3c    0x1f  memcpy.o [4]
  .near_func.text    ro code  0x009e5b    0x1e  init_small.o [4]
  .near_func.text    ro code  0x009e79    0x1c  stm8l15x_it.o [1]
  .near_func.text    ro code  0x009e95    0x1b  bsp.o [1]
  .near_func.text    ro code  0x009eb0    0x1a  stm8l15x_spi.o [1]
  .near_func.text    ro code  0x009eca    0x1a  stm8l15x_tim2.o [1]
  .near_func.text    ro code  0x009ee4    0x19  stm8l15x_spi.o [1]
  .near_func.text    ro code  0x009efd    0x18  dc_util.o [4]
  .near_func.text    ro code  0x009f15    0x14  init.o [4]
  .near_func.text    ro code  0x009f29    0x14  __dbg_xxexit.o [3]
  .near_func.text    ro code  0x009f3d    0x13  stm8l15x_clk.o [1]
  .near_func.text    ro code  0x009f50    0x13  cstartup.o [4]
  .near_func.text    ro code  0x009f63    0x12  stm8l15x_gpio.o [1]
  .near_func.text    ro code  0x009f75     0xf  bsp_timing_delay.o [1]
  .near_func.text    ro code  0x009f84     0xf  stm8l15x_tim3.o [1]
  .near_func.text    ro code  0x009f93     0xd  stm8l15x_adc.o [1]
  .near_func.text    ro code  0x009fa0     0xd  stm8l15x_clk.o [1]
  .near_func.text    ro code  0x009fad     0xd  stm8l15x_tim1.o [1]
  .near_func.text    ro code  0x009fba     0xd  stm8l15x_tim1.o [1]
  .near_func.text    ro code  0x009fc7     0xd  stm8l15x_tim1.o [1]
  .near_func.text    ro code  0x009fd4     0xd  stm8l15x_tim1.o [1]
  .near_func.text    ro code  0x009fe1     0xd  stm8l15x_tim2.o [1]
  .near_func.text    ro code  0x009fee     0xd  stm8l15x_tim3.o [1]
  .near_func.text    ro code  0x009ffb     0xd  move.o [4]
  .near_func.text    ro code  0x00a008     0xc  bsp_led.o [1]
  .near_func.text    ro code  0x00a014     0xb  main.o [1]
  .near_func.text    ro code  0x00a01f     0xb  stm8l15x_tim2.o [1]
  .near_func.text    ro code  0x00a02a     0xa  bsp_rf_com.o [1]
  .near_func.text    ro code  0x00a034     0x8  bsp_led.o [1]
  .near_func.text    ro code  0x00a03c     0x8  bsp_led.o [1]
  .near_func.text    ro code  0x00a044     0x8  bsp_led.o [1]
  .near_func.text    ro code  0x00a04c     0x7  stm8l15x_gpio.o [1]
  .near_func.text    ro code  0x00a053     0x7  stm8l15x_gpio.o [1]
  .near_func.text    ro code  0x00a05a     0x7  stm8l15x_gpio.o [1]
  .near_func.text    ro code  0x00a061     0x6  bsp_pwm_timer.o [1]
  .near_func.text    ro code  0x00a067     0x6  bsp_timing_delay.o [1]
  .near_func.text    ro code  0x00a06d     0x5  stm8l15x_adc.o [1]
  .near_func.text    ro code  0x00a072     0x5  stm8l15x_tim2.o [1]
  .near_func.text    ro code  0x00a077     0x5  char.o [4]
  .near_func.text    ro code  0x00a07c     0x5  cexit.o [4]
  .near_func.text    ro code  0x00a081     0x4  stm8l15x_clk.o [1]
  .near_func.text    ro code  0x00a085     0x4  stm8l15x_clk.o [1]
  .near_func.text    ro code  0x00a089     0x4  stm8l15x_clk.o [1]
  .near_func.text    ro code  0x00a08d     0x4  stm8l15x_gpio.o [1]
  Initializer bytes  const    0x00a091     0x4  <for P2-1>
  .near_func.text    ro code  0x00a095     0x3  bsp_encoder.o [1]
  .near_func.text    ro code  0x00a098     0x3  thread_handler.o [1]
  .near_func.text    ro code  0x00a09b     0x3  thread_handler.o [1]
  .near_func.text    ro code  0x00a09e     0x3  interrupt.o [4]
  .near_func.text    ro code  0x00a0a1     0x3  low_level_init.o [4]
  .near_func.text    ro code  0x00a0a4     0x3  exit.o [4]
  .near_func.text    ro code  0x00a0a7     0x3  unhandled_exception.o [4]
  .near.rodata       const    0x00a0aa     0x2  bsp_rf_com.o [1]
  .near_func.text    ro code  0x00a0ac     0x1  stm8l15x_it.o [1]
  .near_func.text    ro code  0x00a0ad     0x1  stm8l15x_it.o [1]
  .near_func.text    ro code  0x00a0ae     0x1  stm8l15x_it.o [1]
  .near_func.text    ro code  0x00a0af     0x1  stm8l15x_it.o [1]
  .near_func.text    ro code  0x00a0b0     0x1  stm8l15x_it.o [1]
  .near_func.text    ro code  0x00a0b1     0x1  stm8l15x_it.o [1]
  .near_func.text    ro code  0x00a0b2     0x1  stm8l15x_it.o [1]
  .near_func.text    ro code  0x00a0b3     0x1  stm8l15x_it.o [1]
  .near_func.text    ro code  0x00a0b4     0x1  stm8l15x_it.o [1]
  .near_func.text    ro code  0x00a0b5     0x1  stm8l15x_it.o [1]
  .near_func.text    ro code  0x00a0b6     0x1  stm8l15x_it.o [1]
  .near_func.text    ro code  0x00a0b7     0x1  stm8l15x_it.o [1]
  .near_func.text    ro code  0x00a0b8     0x1  stm8l15x_it.o [1]
  .near_func.text    ro code  0x00a0b9     0x1  stm8l15x_it.o [1]
  .near_func.text    ro code  0x00a0ba     0x1  stm8l15x_it.o [1]
  .near_func.text    ro code  0x00a0bb     0x1  stm8l15x_it.o [1]
  .near_func.text    ro code  0x00a0bc     0x1  stm8l15x_it.o [1]
  .near_func.text    ro code  0x00a0bd     0x1  stm8l15x_it.o [1]
  .near_func.text    ro code  0x00a0be     0x1  stm8l15x_it.o [1]
  .near_func.text    ro code  0x00a0bf     0x1  stm8l15x_it.o [1]
  .near_func.text    ro code  0x00a0c0     0x1  stm8l15x_it.o [1]
  .near_func.text    ro code  0x00a0c1     0x1  stm8l15x_it.o [1]
  .near_func.text    ro code  0x00a0c2     0x1  stm8l15x_it.o [1]
  .near_func.text    ro code  0x00a0c3     0x1  stm8l15x_it.o [1]
  .near_func.text    ro code  0x00a0c4     0x1  stm8l15x_it.o [1]
  .near_func.text    ro code  0x00a0c5     0x1  __dbg_break.o [3]
                            - 0x00a0c6  0x2046


*******************************************************************************
*** INIT TABLE
***

          Address   Size
          -------   ----
Zero (__iar_zero_init2)
    1 destination range, total size 0x90:
          0x000014  0x90

Copy (__iar_copy_init2)
    1 source range, total size 0x4:
          0x00a091   0x4
    1 destination range, total size 0x4:
          0x000010   0x4



*******************************************************************************
*** MODULE SUMMARY
***

    Module                   ro code  ro data  rw data
    ------                   -------  -------  -------
D:\STM8Workspace\FT-TRSY\FT_TSCP_FW\Debug\Obj: [1]
    bsp.o                         27
    bsp_adc.o                     72
    bsp_clk_config.o              36
    bsp_encoder.o                 47
    bsp_itc_config.o              45
    bsp_led.o                     36
    bsp_pwm_timer.o              142                 4
    bsp_rf_com.o               2 021      452       66
    bsp_spi.o                     56
    bsp_timing_delay.o           130                 8
    communication_handler.o       93
    main.o                        11
    speed_controller.o           712        4       70
    stm8l15x_adc.o               188
    stm8l15x_clk.o               333
    stm8l15x_exti.o              302
    stm8l15x_gpio.o              229
    stm8l15x_it.o                229
    stm8l15x_itc.o               275
    stm8l15x_spi.o               116
    stm8l15x_tim1.o              185
    stm8l15x_tim2.o               91
    stm8l15x_tim3.o              134
    thread_handler.o               6
    --------------------------------------------------
    Total:                     5 516      456      148

command line: [2]
    --------------------------------------------------
    Total:

dbgstm8smd.a: [3]
    __dbg_break.o                  1
    __dbg_xxexit.o                20
    --------------------------------------------------
    Total:                        21

dlstm8smn.a: [4]
    cexit.o                        5
    char.o                         5
    cstartup.o                    19
    dc_util.o                     24
    exit.o                         3
    float.o                    1 200
    floor.o                       58
    init.o                        20
    init_small.o                  70
    interrupt.o                    3      128
    long.o                       126
    long_util.o                  130
    low_level_init.o               3
    memcpy.o                      31
    move.o                        13
    short.o                       46
    unhandled_exception.o          3
    vreg_util.o                  289
    vregs.o                                         16
    xdint.o                      203
    --------------------------------------------------
    Total:                     2 251      128       16

    Linker created                         18      256
------------------------------------------------------
    Grand Total:               7 788      602      420


*******************************************************************************
*** ENTRY LIST
***

Entry                    Address   Size  Type      Object
-----                    -------   ----  ----      ------
.iar.init_table$$Base   0x009e0b          --   Gb  - Linker created -
.iar.init_table$$Limit  0x009e1d          --   Gb  - Linker created -
?add32_l0_l0_0x         0x00987f         Code  Gb  long.o [4]
?add32_l0_l0_l1         0x00987c         Code  Gb  long.o [4]
?b0                     0x000000         Data  Gb  vregs.o [4]
?b1                     0x000001         Data  Gb  vregs.o [4]
?b10                    0x00000a         Data  Gb  vregs.o [4]
?b11                    0x00000b         Data  Gb  vregs.o [4]
?b12                    0x00000c         Data  Gb  vregs.o [4]
?b13                    0x00000d         Data  Gb  vregs.o [4]
?b14                    0x00000e         Data  Gb  vregs.o [4]
?b15                    0x00000f         Data  Gb  vregs.o [4]
?b2                     0x000002         Data  Gb  vregs.o [4]
?b3                     0x000003         Data  Gb  vregs.o [4]
?b4                     0x000004         Data  Gb  vregs.o [4]
?b5                     0x000005         Data  Gb  vregs.o [4]
?b6                     0x000006         Data  Gb  vregs.o [4]
?b7                     0x000007         Data  Gb  vregs.o [4]
?b8                     0x000008         Data  Gb  vregs.o [4]
?b9                     0x000009         Data  Gb  vregs.o [4]
?dc32_l1                0x009efd         Code  Gb  dc_util.o [4]
?dc32_px                0x009f0a         Code  Gb  dc_util.o [4]
?dec32_0x_0x            0x009868         Code  Gb  long.o [4]
?dec32_l0_l0            0x00985e         Code  Gb  long.o [4]
?dec32_l1_l1            0x009863         Code  Gb  long.o [4]
?e0                     0x000001         Data  Gb  vregs.o [4]
?e1                     0x000005         Data  Gb  vregs.o [4]
?e2                     0x000009         Data  Gb  vregs.o [4]
?e3                     0x00000d         Data  Gb  vregs.o [4]
?epilogue_l2            0x009164         Code  Gb  vreg_util.o [4]
?epilogue_l2_l3         0x009161         Code  Gb  vreg_util.o [4]
?epilogue_w4            0x009168         Code  Gb  vreg_util.o [4]
?fadd32_l0_l0_0x        0x008886         Code  Gb  float.o [4]
?fadd32_l0_l0_dc32      0x008881         Code  Gb  float.o [4]
?fadd32_l0_l0_l1        0x008889         Code  Gb  float.o [4]
?fcastf32u16_l0_x       0x008b11         Code  Gb  float.o [4]
?fcastf32u32_l0_l0      0x008bc5         Code  Gb  float.o [4]
?fcasts16f32_x_l0       0x008b2f         Code  Gb  float.o [4]
?fcasts32f32_l0_l0      0x008b64         Code  Gb  float.o [4]
?fcmpge32_c_l0_0x       0x008ab2         Code  Gb  float.o [4]
?fcmpge32_c_l0_dc32     0x008aad         Code  Gb  float.o [4]
?fcmplt32_c_l0_0x       0x008abb         Code  Gb  float.o [4]
?fcmplt32_c_l0_dc32     0x008ab6         Code  Gb  float.o [4]
?fdiv32_l0_l0_dc32      0x0089fa         Code  Gb  float.o [4]
?fdiv32_l0_l0_l1        0x0089ff         Code  Gb  float.o [4]
?fmul32_l0_l0_0x        0x00895c         Code  Gb  float.o [4]
?fmul32_l0_l0_dc32      0x008957         Code  Gb  float.o [4]
?fmul32_l0_l0_l1        0x00895f         Code  Gb  float.o [4]
?fsub32_l0_l0_0x        0x008878         Code  Gb  float.o [4]
?fsub32_l0_l0_l1        0x00887b         Code  Gb  float.o [4]
?inc32_0x_0x            0x009850         Code  Gb  long.o [4]
?inc32_l0_l0            0x00984b         Code  Gb  long.o [4]
?l0                     0x000000         Data  Gb  vregs.o [4]
?l1                     0x000004         Data  Gb  vregs.o [4]
?l2                     0x000008         Data  Gb  vregs.o [4]
?l3                     0x00000c         Data  Gb  vregs.o [4]
?load32_0x_l0           0x00980e         Code  Gb  long_util.o [4]
?load32_0x_l2           0x00982d         Code  Gb  long_util.o [4]
?load32_asp_l0          0x009802         Code  Gb  long_util.o [4]
?load32_asp_l2          0x009821         Code  Gb  long_util.o [4]
?load32_dbsp_l0         0x0097fd         Code  Gb  long_util.o [4]
?load32_dbsp_l2         0x00981c         Code  Gb  long_util.o [4]
?load32_l0_0x           0x0097c9         Code  Gb  long_util.o [4]
?load32_l0_asp          0x0097be         Code  Gb  long_util.o [4]
?load32_l0_dbsp         0x0097b9         Code  Gb  long_util.o [4]
?load32_l0_xsp          0x0097c0         Code  Gb  long_util.o [4]
?load32_l1_0x           0x0097e5         Code  Gb  long_util.o [4]
?load32_l1_asp          0x0097da         Code  Gb  long_util.o [4]
?load32_l1_dbsp         0x0097d5         Code  Gb  long_util.o [4]
?load32_l1_xsp          0x0097dc         Code  Gb  long_util.o [4]
?load32_l3_0x           0x0097f1         Code  Gb  long_util.o [4]
?load32_xsp_l0          0x009804         Code  Gb  long_util.o [4]
?load32_xsp_l2          0x009823         Code  Gb  long_util.o [4]
?mov_e0_e1              0x009184         Code  Gb  vreg_util.o [4]
?mov_e0_e2              0x009191         Code  Gb  vreg_util.o [4]
?mov_e0_e3              0x00919e         Code  Gb  vreg_util.o [4]
?mov_e1_e0              0x0091ab         Code  Gb  vreg_util.o [4]
?mov_e1_e2              0x0091b8         Code  Gb  vreg_util.o [4]
?mov_e1_e3              0x0091c5         Code  Gb  vreg_util.o [4]
?mov_e2_e0              0x0091d2         Code  Gb  vreg_util.o [4]
?mov_e3_e0              0x0091df         Code  Gb  vreg_util.o [4]
?mov_e3_e1              0x0091ec         Code  Gb  vreg_util.o [4]
?mov_l0_l1              0x009181         Code  Gb  vreg_util.o [4]
?mov_l0_l2              0x00918e         Code  Gb  vreg_util.o [4]
?mov_l0_l3              0x00919b         Code  Gb  vreg_util.o [4]
?mov_l1_l0              0x0091a8         Code  Gb  vreg_util.o [4]
?mov_l1_l2              0x0091b5         Code  Gb  vreg_util.o [4]
?mov_l1_l3              0x0091c2         Code  Gb  vreg_util.o [4]
?mov_l2_l0              0x0091cf         Code  Gb  vreg_util.o [4]
?mov_l3_l0              0x0091dc         Code  Gb  vreg_util.o [4]
?mov_l3_l1              0x0091e9         Code  Gb  vreg_util.o [4]
?mov_w0_w1              0x00916c         Code  Gb  vreg_util.o [4]
?mov_w1_w0              0x009173         Code  Gb  vreg_util.o [4]
?mov_w1_w3              0x009187         Code  Gb  vreg_util.o [4]
?mov_w1_w5              0x009194         Code  Gb  vreg_util.o [4]
?mov_w1_w7              0x0091a1         Code  Gb  vreg_util.o [4]
?mov_w2_w1              0x00917a         Code  Gb  vreg_util.o [4]
?mov_w3_w1              0x0091ae         Code  Gb  vreg_util.o [4]
?mov_w3_w5              0x0091bb         Code  Gb  vreg_util.o [4]
?mov_w3_w7              0x0091c8         Code  Gb  vreg_util.o [4]
?mov_w5_w1              0x0091d5         Code  Gb  vreg_util.o [4]
?mov_w7_w1              0x0091e2         Code  Gb  vreg_util.o [4]
?mov_w7_w3              0x0091ef         Code  Gb  vreg_util.o [4]
?move1616_v_x_y_a       0x009ffb         Code  Gb  move.o [4]
?mul16_x_x_w0           0x009b5e         Code  Gb  short.o [4]
?neg32_l0_l0            0x00983b         Code  Gb  long.o [4]
?pop_l0                 0x00912d         Code  Gb  vreg_util.o [4]
?pop_l1                 0x009138         Code  Gb  vreg_util.o [4]
?pop_l2                 0x009143         Code  Gb  vreg_util.o [4]
?pop_l3                 0x00914e         Code  Gb  vreg_util.o [4]
?pop_w4                 0x0090ed         Code  Gb  vreg_util.o [4]
?push_l0                0x0090fc         Code  Gb  vreg_util.o [4]
?push_l1                0x009101         Code  Gb  vreg_util.o [4]
?push_l2                0x009106         Code  Gb  vreg_util.o [4]
?push_l3                0x00910b         Code  Gb  vreg_util.o [4]
?push_w4                0x0090d5         Code  Gb  vreg_util.o [4]
?scmp32_c_l0_l1         0x0098a2         Code  Gb  long.o [4]
?sll16_x_x_a            0x009b7c         Code  Gb  short.o [4]
?sll8_a_a_5             0x00a077         Code  Gb  char.o [4]
?srl16_x_x_4            0x009b87         Code  Gb  short.o [4]
?srl16_x_x_5            0x009b86         Code  Gb  short.o [4]
?srl16_x_x_6            0x009b85         Code  Gb  short.o [4]
?srl16_x_x_7            0x009b84         Code  Gb  short.o [4]
?ucmp32_c_l0_l1         0x009897         Code  Gb  long.o [4]
?w0                     0x000000         Data  Gb  vregs.o [4]
?w1                     0x000002         Data  Gb  vregs.o [4]
?w2                     0x000004         Data  Gb  vregs.o [4]
?w3                     0x000006         Data  Gb  vregs.o [4]
?w4                     0x000008         Data  Gb  vregs.o [4]
?w5                     0x00000a         Data  Gb  vregs.o [4]
?w6                     0x00000c         Data  Gb  vregs.o [4]
?w7                     0x00000e         Data  Gb  vregs.o [4]
ADC1_COMP_IRQHandler    0x00a0ba    0x1  Code  Gb  stm8l15x_it.o [1]
ADC_ChannelCmd          0x009977   0x55  Code  Gb  stm8l15x_adc.o [1]
ADC_Cmd                 0x009f93    0xd  Code  Gb  stm8l15x_adc.o [1]
ADC_Init                0x009cf3   0x24  Code  Gb  stm8l15x_adc.o [1]
ADC_SamplingTimeConfig  0x009b2d   0x31  Code  Gb  stm8l15x_adc.o [1]
ADC_SoftwareStartConv   0x00a06d    0x5  Code  Gb  stm8l15x_adc.o [1]
CLK_Config              0x009c87   0x24  Code  Gb  bsp_clk_config.o [1]
CLK_GetFlagStatus       0x009582   0x98  Code  Gb  stm8l15x_clk.o [1]
CLK_GetSYSCLKSource     0x00a085    0x4  Code  Gb  stm8l15x_clk.o [1]
CLK_HSEConfig           0x009f3d   0x13  Code  Gb  stm8l15x_clk.o [1]
CLK_PeripheralClockConfig
                        0x0096a8   0x89  Code  Gb  stm8l15x_clk.o [1]
CLK_SYSCLKDivConfig     0x00a089    0x4  Code  Gb  stm8l15x_clk.o [1]
CLK_SYSCLKSourceConfig  0x00a081    0x4  Code  Gb  stm8l15x_clk.o [1]
CLK_SYSCLKSourceSwitchCmd
                        0x009fa0    0xd  Code  Gb  stm8l15x_clk.o [1]
CSTACK$$Base            0x000700          --   Gb  - Linker created -
CSTACK$$Limit           0x000800          --   Gb  - Linker created -
CommunicationHandler    0x00991a   0x5d  Code  Gb  communication_handler.o [1]
DMA1_CHANNEL0_1_IRQHandler
                        0x00a0ae    0x1  Code  Gb  stm8l15x_it.o [1]
DMA1_CHANNEL2_3_IRQHandler
                        0x00a0af    0x1  Code  Gb  stm8l15x_it.o [1]
Delay                   0x009cab   0x24  Code  Gb  bsp_timing_delay.o [1]
EXTI0_IRQHandler        0x00a0b4    0x1  Code  Gb  stm8l15x_it.o [1]
EXTI1_IRQHandler        0x00a0b5    0x1  Code  Gb  stm8l15x_it.o [1]
EXTI2_IRQHandler        0x00a0b6    0x1  Code  Gb  stm8l15x_it.o [1]
EXTI3_IRQHandler        0x009e79   0x1c  Code  Gb  stm8l15x_it.o [1]
EXTI4_IRQHandler        0x009c11   0x29  Code  Gb  stm8l15x_it.o [1]
EXTI5_IRQHandler        0x009ac7   0x33  Code  Gb  stm8l15x_it.o [1]
EXTI6_IRQHandler        0x009afa   0x33  Code  Gb  stm8l15x_it.o [1]
EXTI7_IRQHandler        0x00a0b7    0x1  Code  Gb  stm8l15x_it.o [1]
EXTIB_G_IRQHandler      0x00a0b2    0x1  Code  Gb  stm8l15x_it.o [1]
EXTID_H_IRQHandler      0x00a0b3    0x1  Code  Gb  stm8l15x_it.o [1]
EXTIE_F_PVD_IRQHandler  0x00a0b1    0x1  Code  Gb  stm8l15x_it.o [1]
EXTI_ClearITPendingBit  0x009dc9   0x21  Code  Gb  stm8l15x_exti.o [1]
EXTI_SetPinSensitivity  0x009309  0x10d  Code  Gb  stm8l15x_exti.o [1]
EnableRFM22B            0x0084d2    0xd  Code  Gb  bsp_rf_com.o [1]
FLASH_IRQHandler        0x00a0ad    0x1  Code  Gb  stm8l15x_it.o [1]
GPIO_ExternalPullUpConfig
                        0x009be5   0x2c  Code  Gb  stm8l15x_gpio.o [1]
GPIO_Init               0x00961a   0x8e  Code  Gb  stm8l15x_gpio.o [1]
GPIO_ReadInputDataBit   0x00a05a    0x7  Code  Gb  stm8l15x_gpio.o [1]
GPIO_ResetBits          0x00a08d    0x4  Code  Gb  stm8l15x_gpio.o [1]
GPIO_SetBits            0x00a04c    0x7  Code  Gb  stm8l15x_gpio.o [1]
GPIO_ToggleBits         0x00a053    0x7  Code  Gb  stm8l15x_gpio.o [1]
GPIO_WriteBit           0x009f63   0x12  Code  Gb  stm8l15x_gpio.o [1]
GetEncoderValue         0x00a095    0x3  Code  Gb  bsp_encoder.o [1]
GetPwm                  0x00a061    0x6  Code  Gb  bsp_pwm_timer.o [1]
GetSpeedController      0x009e1d   0x1f  Code  Gb  speed_controller.o [1]
I2C1_SPI2_IRQHandler    0x00a0c4    0x1  Code  Gb  stm8l15x_it.o [1]
INTVEC$$Base            0x008000          --   Gb  - Linker created -
INTVEC$$Limit           0x008080          --   Gb  - Linker created -
ITC_Config              0x009b8c   0x2d  Code  Gb  bsp_itc_config.o [1]
ITC_SetSoftwarePriority
                        0x0091f6  0x113  Code  Gb  stm8l15x_itc.o [1]
InitAdc                 0x0099cc   0x48  Code  Gb  bsp_adc.o [1]
InitEncoder             0x009bb9   0x2c  Code  Gb  bsp_encoder.o [1]
InitHardware            0x009e95   0x1b  Code  Gb  bsp.o [1]
InitLed                 0x00a008    0xc  Code  Gb  bsp_led.o [1]
InitPwmTimer            0x009762   0x57  Code  Gb  bsp_pwm_timer.o [1]
InitSpeedController     0x00953b   0x47  Code  Gb  speed_controller.o [1]
InitSpi                 0x009a8f   0x38  Code  Gb  bsp_spi.o [1]
LCD_AES_IRQHandler      0x00a0b8    0x1  Code  Gb  stm8l15x_it.o [1]
LoopThread              0x00a09b    0x3  Code  Gb  thread_handler.o [1]
MODEM_CONFIG_TABLE      0x008f13  0x1c2  Data  Lc  bsp_rf_com.o [1]
MilliThread             0x00a098    0x3  Code  Gb  thread_handler.o [1]
NselRFM22B              0x00a02a    0xa  Code  Gb  bsp_rf_com.o [1]
RF22init                0x0083d1  0x101  Code  Gb  bsp_rf_com.o [1]
RTC_CSSLSE_IRQHandler   0x00a0b0    0x1  Code  Gb  stm8l15x_it.o [1]
ReadBurstRFM22B         0x00852e   0x86  Code  Gb  bsp_rf_com.o [1]
ReadSingleRFM22B        0x008352   0x6d  Code  Gb  bsp_rf_com.o [1]
Region$$Table$$Base     0x009e0b          --   Gb  - Linker created -
Region$$Table$$Limit    0x009e1d          --   Gb  - Linker created -
ResetGreenLed           0x00a03c    0x8  Code  Gb  bsp_led.o [1]
RfComInit               0x0084e7   0x47  Code  Gb  bsp_rf_com.o [1]
SPI1_IRQHandler         0x00a0c1    0x1  Code  Gb  stm8l15x_it.o [1]
SPI_Cmd                 0x009eb0    0xd  Code  Gb  stm8l15x_spi.o [1]
SPI_GetFlagStatus       0x009ee4   0x19  Code  Gb  stm8l15x_spi.o [1]
SPI_Init                0x009a14   0x41  Code  Gb  stm8l15x_spi.o [1]
SPI_ReceiveData         0x009ec5    0x5  Code  Gb  stm8l15x_spi.o [1]
SPI_SendData            0x009ebd    0x8  Code  Gb  stm8l15x_spi.o [1]
SWITCH_CSS_BREAK_DAC_IRQHandler
                        0x00a0b9    0x1  Code  Gb  stm8l15x_it.o [1]
SetGreenLed             0x00a034    0x8  Code  Gb  bsp_led.o [1]
SetPwm                  0x009731   0x31  Code  Gb  bsp_pwm_timer.o [1]
SetSpeedRef             0x0094e1   0x5a  Code  Gb  speed_controller.o [1]
ShutdownRFM22B          0x0084df    0x8  Code  Gb  bsp_rf_com.o [1]
SpeedController         0x000046   0x20  Data  Gb  speed_controller.o [1]
SpeedControllerHandler  0x008d0b  0x208  Code  Gb  speed_controller.o [1]
SysTick                 0x00006e    0x4  Data  Gb  bsp_timing_delay.o [1]
SysTickHandler          0x009f75    0xf  Code  Gb  bsp_timing_delay.o [1]
TIM1_ARRPreloadConfig   0x009fad    0xd  Code  Gb  stm8l15x_tim1.o [1]
TIM1_CC_IRQHandler      0x00a0bf    0x1  Code  Gb  stm8l15x_it.o [1]
TIM1_Cmd                0x009fba    0xd  Code  Gb  stm8l15x_tim1.o [1]
TIM1_CtrlPWMOutputs     0x009fc7    0xd  Code  Gb  stm8l15x_tim1.o [1]
TIM1_OC2Init            0x0098b9   0x61  Code  Gb  stm8l15x_tim1.o [1]
TIM1_OC2PreloadConfig   0x009fd4    0xd  Code  Gb  stm8l15x_tim1.o [1]
TIM1_TimeBaseInit       0x009d17   0x24  Code  Gb  stm8l15x_tim1.o [1]
TIM1_UPD_OVF_TRG_COM_IRQHandler
                        0x00a0be    0x1  Code  Gb  stm8l15x_it.o [1]
TIM2_CC_USART2_RX_IRQHandler
                        0x00a0bb    0x1  Code  Gb  stm8l15x_it.o [1]
TIM2_ClearFlag          0x00a01f    0xb  Code  Gb  stm8l15x_tim2.o [1]
TIM2_ClearITPendingBit  0x00a072    0x5  Code  Gb  stm8l15x_tim2.o [1]
TIM2_Cmd                0x009fe1    0xd  Code  Gb  stm8l15x_tim2.o [1]
TIM2_ITConfig           0x009eca   0x1a  Code  Gb  stm8l15x_tim2.o [1]
TIM2_TimeBaseInit       0x009d3b   0x24  Code  Gb  stm8l15x_tim2.o [1]
TIM2_UPD_OVF_TRG_BRK_USART2_TX_IRQHandler
                        0x009dea   0x21  Code  Gb  stm8l15x_it.o [1]
TIM3_CC_USART3_RX_IRQHandler
                        0x00a0bd    0x1  Code  Gb  stm8l15x_it.o [1]
TIM3_Cmd                0x009fee    0xd  Code  Gb  stm8l15x_tim3.o [1]
TIM3_ETRClockMode1Config
                        0x009d83   0x24  Code  Gb  stm8l15x_tim3.o [1]
TIM3_ETRConfig          0x009f84    0xf  Code  Gb  stm8l15x_tim3.o [1]
TIM3_GetCounter         0x009da7   0x22  Code  Gb  stm8l15x_tim3.o [1]
TIM3_TimeBaseInit       0x009d5f   0x24  Code  Gb  stm8l15x_tim3.o [1]
TIM3_UPD_OVF_TRG_BRK_USART3_TX_IRQHandler
                        0x00a0bc    0x1  Code  Gb  stm8l15x_it.o [1]
TIM4_UPD_OVF_TRG_IRQHandler
                        0x00a0c0    0x1  Code  Gb  stm8l15x_it.o [1]
TRAP_IRQHandler         0x00a0ac    0x1  Code  Gb  stm8l15x_it.o [1]
TimingDelay             0x00006a    0x4  Data  Lc  bsp_timing_delay.o [1]
TimingDelay_Decrement   0x009ccf   0x24  Code  Gb  bsp_timing_delay.o [1]
TimingDelay_Init        0x009c62   0x25  Code  Gb  bsp_timing_delay.o [1]
ToggleRedLed            0x00a044    0x8  Code  Gb  bsp_led.o [1]
USART1_RX_TIM5_CC_IRQHandler
                        0x00a0c3    0x1  Code  Gb  stm8l15x_it.o [1]
USART1_TX_TIM5_UPD_OVF_TRG_BRK_IRQHandler
                        0x00a0c2    0x1  Code  Gb  stm8l15x_it.o [1]
WriteBurstRFM22B        0x0080f1   0x5f  Code  Gb  bsp_rf_com.o [1]
WriteSingleRFM22B       0x008080   0x6a  Code  Gb  bsp_rf_com.o [1]
__DebugBreak            0x00a0c5    0x1  Code  Gb  __dbg_break.o [3]
__exit                  0x009f29   0x14  Code  Gb  __dbg_xxexit.o [3]
__iar_Dint              0x009416   0xcb  Code  Gb  xdint.o [4]
__iar_copy_init2        0x009c3a         Code  Gb  init_small.o [4]
__iar_data_init2        0x009f15   0x14  Code  Gb  init.o [4]
__iar_program_start     0x009f50         Code  Gb  cstartup.o [4]
__iar_unhandled_exception
                        0x00a0a7         Code  Gb  unhandled_exception.o [4]
__iar_zero_init2        0x009e5b         Code  Gb  init_small.o [4]
__intvec                0x008000         Data  Gb  interrupt.o [4]
__low_level_init        0x00a0a1    0x3  Code  Gb  low_level_init.o [4]
_buf                    0x000014   0x32  Data  Lc  bsp_rf_com.o [1]
_bufLen                 0x00009f    0x1  Data  Gb  bsp_rf_com.o [1]
_deviceType             0x00009e    0x1  Data  Lc  bsp_rf_com.o [1]
_exit                   0x00a07c         Code  Gb  cexit.o [4]
_idleMode               0x00009d    0x1  Data  Lc  bsp_rf_com.o [1]
_interrupt_1            0x00a0ac         Code  Gb  stm8l15x_it.o [1]
_interrupt_10           0x00a0b4         Code  Gb  stm8l15x_it.o [1]
_interrupt_11           0x00a0b5         Code  Gb  stm8l15x_it.o [1]
_interrupt_12           0x00a0b6         Code  Gb  stm8l15x_it.o [1]
_interrupt_13           0x009e79         Code  Gb  stm8l15x_it.o [1]
_interrupt_14           0x009c11         Code  Gb  stm8l15x_it.o [1]
_interrupt_15           0x009ac7         Code  Gb  stm8l15x_it.o [1]
_interrupt_16           0x009afa         Code  Gb  stm8l15x_it.o [1]
_interrupt_17           0x00a0b7         Code  Gb  stm8l15x_it.o [1]
_interrupt_18           0x00a0b8         Code  Gb  stm8l15x_it.o [1]
_interrupt_19           0x00a0b9         Code  Gb  stm8l15x_it.o [1]
_interrupt_20           0x00a0ba         Code  Gb  stm8l15x_it.o [1]
_interrupt_21           0x009dea         Code  Gb  stm8l15x_it.o [1]
_interrupt_22           0x00a0bb         Code  Gb  stm8l15x_it.o [1]
_interrupt_23           0x00a0bc         Code  Gb  stm8l15x_it.o [1]
_interrupt_24           0x00a0bd         Code  Gb  stm8l15x_it.o [1]
_interrupt_25           0x00a0be         Code  Gb  stm8l15x_it.o [1]
_interrupt_26           0x00a0bf         Code  Gb  stm8l15x_it.o [1]
_interrupt_27           0x00a0c0         Code  Gb  stm8l15x_it.o [1]
_interrupt_28           0x00a0c1         Code  Gb  stm8l15x_it.o [1]
_interrupt_29           0x00a0c2         Code  Gb  stm8l15x_it.o [1]
_interrupt_3            0x00a0ad         Code  Gb  stm8l15x_it.o [1]
_interrupt_30           0x00a0c3         Code  Gb  stm8l15x_it.o [1]
_interrupt_31           0x00a0c4         Code  Gb  stm8l15x_it.o [1]
_interrupt_4            0x00a0ae         Code  Gb  stm8l15x_it.o [1]
_interrupt_5            0x00a0af         Code  Gb  stm8l15x_it.o [1]
_interrupt_6            0x00a0b0         Code  Gb  stm8l15x_it.o [1]
_interrupt_7            0x00a0b1         Code  Gb  stm8l15x_it.o [1]
_interrupt_8            0x00a0b2         Code  Gb  stm8l15x_it.o [1]
_interrupt_9            0x00a0b3         Code  Gb  stm8l15x_it.o [1]
_lastRssi               0x0000a3    0x1  Data  Gb  bsp_rf_com.o [1]
_mode                   0x00009c    0x1  Data  Lc  bsp_rf_com.o [1]
_rxBad                  0x00008e    0x2  Data  Gb  bsp_rf_com.o [1]
_rxBufValid             0x0000a0    0x1  Data  Gb  bsp_rf_com.o [1]
_rxGood                 0x000090    0x2  Data  Gb  bsp_rf_com.o [1]
_txBufSentIndex         0x0000a2    0x1  Data  Gb  bsp_rf_com.o [1]
_txGood                 0x000092    0x2  Data  Gb  bsp_rf_com.o [1]
_txPacketSent           0x0000a1    0x1  Data  Gb  bsp_rf_com.o [1]
appendTxBuf             0x0087f8   0x3e  Code  Gb  bsp_rf_com.o [1]
available               0x008782    0x7  Code  Gb  bsp_rf_com.o [1]
clearRxBuf              0x008338    0x9  Code  Gb  bsp_rf_com.o [1]
clearTxBuf              0x008341    0xd  Code  Gb  bsp_rf_com.o [1]
exit                    0x00a0a4    0x3  Code  Gb  exit.o [4]
expected_base_position  0x00007e    0x4  Data  Gb  speed_controller.o [1]
expected_increment_cycle
                        0x000086    0x4  Data  Gb  speed_controller.o [1]
expected_increment_ms   0x000082    0x4  Data  Gb  speed_controller.o [1]
fillTxBuf               0x008836    0x6  Code  Gb  bsp_rf_com.o [1]
floor                   0x009a55   0x3a  Code  Gb  floor.o [4]
handleExternalInterrupt
                        0x0085e0    0x1  Code  Gb  bsp_rf_com.o [1]
handleInterrupt         0x008684   0xe8  Code  Gb  bsp_rf_com.o [1]
handleWakeupTimerInterrupt
                        0x0085df    0x1  Code  Gb  bsp_rf_com.o [1]
increment_integral      0x00007a    0x4  Data  Gb  speed_controller.o [1]
interruptCb             0x000094    0x2  Data  Lc  bsp_rf_com.o [1]
last_encoder            0x000096    0x2  Data  Gb  speed_controller.o [1]
last_encoder_1sec       0x000098    0x2  Data  Gb  speed_controller.o [1]
last_encoder_whole_turn
                        0x00009a    0x2  Data  Gb  speed_controller.o [1]
main                    0x00a014    0xb  Code  Gb  main.o [1]
memcpy                  0x009e3c   0x1f  Code  Gb  memcpy.o [4]
millis                  0x00a067    0x6  Code  Gb  bsp_timing_delay.o [1]
pwm_value               0x000066    0x4  Data  Gb  bsp_pwm_timer.o [1]
readNextFragment        0x0085e1   0x27  Code  Gb  bsp_rf_com.o [1]
recv                    0x0087bf   0x39  Code  Gb  bsp_rf_com.o [1]
reset                   0x0083bf   0x12  Code  Gb  bsp_rf_com.o [1]
resetFifos              0x008674   0x10  Code  Gb  bsp_rf_com.o [1]
resetRxFifo             0x0085cf   0x10  Code  Gb  bsp_rf_com.o [1]
restartTransmit         0x008665    0xf  Code  Gb  bsp_rf_com.o [1]
rfSetInterruptCallback  0x00834e    0x4  Code  Gb  bsp_rf_com.o [1]
send                    0x00883c   0x1f  Code  Gb  bsp_rf_com.o [1]
sendNextFragment        0x008608   0x39  Code  Gb  bsp_rf_com.o [1]
setFrequency            0x0081e4  0x11a  Code  Gb  bsp_rf_com.o [1]
setHeaderFlags          0x0082fe    0x7  Code  Gb  bsp_rf_com.o [1]
setHeaderFrom           0x00830c    0x7  Code  Gb  bsp_rf_com.o [1]
setHeaderId             0x008305    0x7  Code  Gb  bsp_rf_com.o [1]
setHeaderTo             0x008313    0x7  Code  Gb  bsp_rf_com.o [1]
setMode                 0x0085b4    0x7  Code  Gb  bsp_rf_com.o [1]
setModeIdle             0x008771   0x11  Code  Gb  bsp_rf_com.o [1]
setModeRx               0x0085bb   0x14  Code  Gb  bsp_rf_com.o [1]
setModeTx               0x008641   0x14  Code  Gb  bsp_rf_com.o [1]
setModemConfig          0x0081b0   0x34  Code  Gb  bsp_rf_com.o [1]
setModemRegisters       0x008150   0x60  Code  Gb  bsp_rf_com.o [1]
setPreambleLength       0x008331    0x7  Code  Gb  bsp_rf_com.o [1]
setPromiscuous          0x00831a   0x10  Code  Gb  bsp_rf_com.o [1]
setSyncWords            0x00832a    0x7  Code  Gb  bsp_rf_com.o [1]
setTxPower              0x0080ea    0x7  Code  Gb  bsp_rf_com.o [1]
speed_controller_1sec_cycle
                        0x000072    0x4  Data  Gb  speed_controller.o [1]
speed_controller_1sec_max_cycle
                        0x000010    0x4  Data  Gb  speed_controller.o [1]
speed_controller_whole_turn_cycle
                        0x000076    0x4  Data  Gb  speed_controller.o [1]
speed_error_integral    0x00008a    0x4  Data  Gb  speed_controller.o [1]
startTransmit           0x008655   0x10  Code  Gb  bsp_rf_com.o [1]
statusRead              0x00876c    0x5  Code  Gb  bsp_rf_com.o [1]
waitAvailableTimeout    0x008789   0x2f  Code  Gb  bsp_rf_com.o [1]
waitPacketSent          0x0087b8    0x7  Code  Gb  bsp_rf_com.o [1]


[1] = D:\STM8Workspace\FT-TRSY\FT_TSCP_FW\Debug\Obj
[2] = command line
[3] = dbgstm8smd.a
[4] = dlstm8smn.a

  7 788 bytes of readonly  code memory
    602 bytes of readonly  data memory
    420 bytes of readwrite data memory

Errors: none
Warnings: none
